 Copy_of_MIL_Testing_cgxe

 Timestamp is 69da284a (Sat Apr 11 12:54:02 2026)

 Preferred load address is 0000000180000000

 Start         Length     Name                   Class
 0001:00000000 00012330H .text$mn                CODE
 0001:00012330 00000036H .text$mn$00             CODE
 0001:00012366 00000092H .text$x                 CODE
 0002:00000000 000003e0H .idata$5                DATA
 0002:000003e0 00000038H .00cfg                  DATA
 0002:00000418 00000008H .CRT$XCA                DATA
 0002:00000420 00000008H .CRT$XCZ                DATA
 0002:00000428 00000008H .CRT$XIA                DATA
 0002:00000430 00000008H .CRT$XIZ                DATA
 0002:00000438 00000008H .CRT$XPA                DATA
 0002:00000440 00000008H .CRT$XPZ                DATA
 0002:00000448 00000008H .CRT$XTA                DATA
 0002:00000450 00000010H .CRT$XTZ                DATA
 0002:00000458 00000000H .gehcont$y              DATA
 0002:00000458 00000000H .gfids$y                DATA
 0002:00000460 00000420H .rdata                  DATA
 0002:00000880 00000080H .rdata$CastGuardVftablesA DATA
 0002:00000900 00000080H .rdata$CastGuardVftablesC DATA
 0002:00000980 000001a8H .rdata$voltmd           DATA
 0002:00000b28 00000278H .rdata$zzzdbg           DATA
 0002:00000da0 00000008H .rtc$IAA                DATA
 0002:00000da8 00000008H .rtc$IZZ                DATA
 0002:00000db0 00000008H .rtc$TAA                DATA
 0002:00000db8 00000008H .rtc$TZZ                DATA
 0002:00000dc0 00000a20H .xdata                  DATA
 0002:000017e0 00000084H .edata                  DATA
 0002:00001864 000000f0H .idata$2                DATA
 0002:00001954 00000014H .idata$3                DATA
 0002:00001968 000003e0H .idata$4                DATA
 0002:00001d48 00000a40H .idata$6                DATA
 0003:00000000 00004fc0H .data                   DATA
 0003:00004fc0 00000628H .bss                    DATA
 0004:00000000 00000c18H .pdata                  DATA

  Address         Publics by Value              Rva+Base               Lib:Object

 0000:00000000       __AbsoluteZero             0000000000000000     <absolute>
 0000:00000000       ___safe_se_handler_count   0000000000000000     <absolute>
 0000:00000000       ___safe_se_handler_table   0000000000000000     <absolute>
 0000:00000000       __arm64x_extra_rfe_table   0000000000000000     <absolute>
 0000:00000000       __arm64x_extra_rfe_table_size 0000000000000000     <absolute>
 0000:00000000       __arm64x_native_entrypoint 0000000000000000     <absolute>
 0000:00000000       __arm64x_redirection_metadata 0000000000000000     <absolute>
 0000:00000000       __arm64x_redirection_metadata_count 0000000000000000     <absolute>
 0000:00000000       __dynamic_value_reloc_table 0000000000000000     <absolute>
 0000:00000000       __enclave_config           0000000000000000     <absolute>
 0000:00000000       __guard_check_icall_a64n_fptr 0000000000000000     <absolute>
 0000:00000000       __guard_eh_cont_count      0000000000000000     <absolute>
 0000:00000000       __guard_eh_cont_table      0000000000000000     <absolute>
 0000:00000000       __guard_fids_count         0000000000000000     <absolute>
 0000:00000000       __guard_fids_table         0000000000000000     <absolute>
 0000:00000000       __guard_iat_count          0000000000000000     <absolute>
 0000:00000000       __guard_iat_table          0000000000000000     <absolute>
 0000:00000000       __guard_longjmp_count      0000000000000000     <absolute>
 0000:00000000       __guard_longjmp_table      0000000000000000     <absolute>
 0000:00000000       __hybrid_auxiliary_delayload_iat 0000000000000000     <absolute>
 0000:00000000       __hybrid_auxiliary_delayload_iat_copy 0000000000000000     <absolute>
 0000:00000000       __hybrid_auxiliary_iat     0000000000000000     <absolute>
 0000:00000000       __hybrid_auxiliary_iat_copy 0000000000000000     <absolute>
 0000:00000000       __hybrid_code_map          0000000000000000     <absolute>
 0000:00000000       __hybrid_code_map_count    0000000000000000     <absolute>
 0000:00000000       __hybrid_image_info_bitfield 0000000000000000     <absolute>
 0000:00000000       __x64_code_ranges_to_entry_points 0000000000000000     <absolute>
 0000:00000000       __x64_code_ranges_to_entry_points_count 0000000000000000     <absolute>
 0000:00000100       __guard_flags              0000000000000100     <absolute>
 0000:00000000       __ImageBase                0000000180000000     <linker-defined>
 0001:00000000       mexfilerequiredapiversion  0000000180001000 f   c_mexapi_version.obj
 0001:00000030       cgxe_Copy_of_MIL_Testing_method_dispatcher 0000000180001030 f   Copy_of_MIL_Testing_cgxe.obj
 0001:000000d0       method_dispatcher_wmkJqLmwrJT8vrNaddkR9E 00000001800010d0 f   m_wmkJqLmwrJT8vrNaddkR9E.obj
 0001:00007a00       cgxe_wmkJqLmwrJT8vrNaddkR9E_BuildInfoUpdate 0000000180008a00 f   m_wmkJqLmwrJT8vrNaddkR9E.obj
 0001:00007ca0       cgxe_wmkJqLmwrJT8vrNaddkR9E_fallback_info 0000000180008ca0 f   m_wmkJqLmwrJT8vrNaddkR9E.obj
 0001:00007d40       __local_stdio_scanf_options 0000000180008d40 f i m_wmkJqLmwrJT8vrNaddkR9E.obj
 0001:00007d50       _vsscanf_l                 0000000180008d50 f i m_wmkJqLmwrJT8vrNaddkR9E.obj
 0001:00007da0       sscanf                     0000000180008da0 f i m_wmkJqLmwrJT8vrNaddkR9E.obj
 0001:00007df0       mexFunction                0000000180008df0 f   Copy_of_MIL_Testing_cgxe_registry.obj
 0001:00009cb0       _ssSetInputPortDirectFeedThroughFcn 000000018000acb0 f   Copy_of_MIL_Testing_cgxe_registry.obj
 0001:00009e20       _ssSetRWorkValueFcn        000000018000ae20 f   Copy_of_MIL_Testing_cgxe_registry.obj
 0001:00009ea0       _ssGetRWorkValueFcn        000000018000aea0 f   Copy_of_MIL_Testing_cgxe_registry.obj
 0001:00009f10       _ssSetIWorkValueFcn        000000018000af10 f   Copy_of_MIL_Testing_cgxe_registry.obj
 0001:00009f90       _ssGetIWorkValueFcn        000000018000af90 f   Copy_of_MIL_Testing_cgxe_registry.obj
 0001:0000a000       _ssSetPWorkValueFcn        000000018000b000 f   Copy_of_MIL_Testing_cgxe_registry.obj
 0001:0000a080       _ssGetPWorkValueFcn        000000018000b080 f   Copy_of_MIL_Testing_cgxe_registry.obj
 0001:0000a0f0       _ssGetInputPortSignalFcn   000000018000b0f0 f   Copy_of_MIL_Testing_cgxe_registry.obj
 0001:0000a480       _ssGetInputPortBufferDstPortFcn 000000018000b480 f   Copy_of_MIL_Testing_cgxe_registry.obj
 0001:0000a500       _ssGetInputPortSignalPtrsFcn 000000018000b500 f   Copy_of_MIL_Testing_cgxe_registry.obj
 0001:0000a890       ssGetParameterTuningCompliance 000000018000b890 f   Copy_of_MIL_Testing_cgxe_registry.obj
 0001:0000a900       _ssReadInputStringFcn      000000018000b900 f   Copy_of_MIL_Testing_cgxe_registry.obj
 0001:0000a970       ssGetDTypeIdFromMxArray    000000018000b970 f   Copy_of_MIL_Testing_cgxe_registry.obj
 0001:0000aa90       ssWriteRTWMx2dMatParam     000000018000ba90 f   Copy_of_MIL_Testing_cgxe_registry.obj
 0001:0000ab20       ssWriteRTWMxVectParam      000000018000bb20 f   Copy_of_MIL_Testing_cgxe_registry.obj
 0001:0000aba0       ssWriteRTWParameters       000000018000bba0 f   Copy_of_MIL_Testing_cgxe_registry.obj
 0001:0000b160       ssWriteRTWParamSettings    000000018000c160 f   Copy_of_MIL_Testing_cgxe_registry.obj
 0001:0000b850       ssWriteRTWStr              000000018000c850 f   Copy_of_MIL_Testing_cgxe_registry.obj
 0001:0000b8b0       ssWriteRTWWorkVect         000000018000c8b0 f   Copy_of_MIL_Testing_cgxe_registry.obj
 0001:0000be10       ssWarning                  000000018000ce10 f   Copy_of_MIL_Testing_cgxe_registry.obj
 0001:0000bf00       ssGetRootSS                000000018000cf00 f   Copy_of_MIL_Testing_cgxe_registry.obj
 0001:0000bfc0       ssGetParentSS              000000018000cfc0 f   Copy_of_MIL_Testing_cgxe_registry.obj
 0001:0000c080       ssWriteRTWNameValuePair    000000018000d080 f   Copy_of_MIL_Testing_cgxe_registry.obj
 0001:0000c580       _ssSetInputPortMatrixDimensions 000000018000d580 f   Copy_of_MIL_Testing_cgxe_registry.obj
 0001:0000c6d0       _ssSetOutputPortMatrixDimensions 000000018000d6d0 f   Copy_of_MIL_Testing_cgxe_registry.obj
 0001:0000c820       _ssSetInputPortVectorDimension 000000018000d820 f   Copy_of_MIL_Testing_cgxe_registry.obj
 0001:0000c8d0       _ssSetOutputPortVectorDimension 000000018000d8d0 f   Copy_of_MIL_Testing_cgxe_registry.obj
 0001:0000c980       ssIsRunTimeParamTunable    000000018000d980 f   Copy_of_MIL_Testing_cgxe_registry.obj
 0001:0000c9f0       ssGetSFuncBlockHandle      000000018000d9f0 f   Copy_of_MIL_Testing_cgxe_registry.obj
 0001:0000ca60       _ssGetCallSystemNumFcnCallDestinations 000000018000da60 f   Copy_of_MIL_Testing_cgxe_registry.obj
 0001:0000cad0       _ssGetCurrentInputPortWidth 000000018000dad0 f   Copy_of_MIL_Testing_cgxe_registry.obj
 0001:0000cc10       _ssGetCurrentOutputPortWidth 000000018000dc10 f   Copy_of_MIL_Testing_cgxe_registry.obj
 0001:0000cd50       ssGetIsZeroCrossControlDisabled 000000018000dd50 f   Copy_of_MIL_Testing_cgxe_registry.obj
 0001:0000cdc0       ssSetIsInputPortUsedForContZcSignal 000000018000ddc0 f   Copy_of_MIL_Testing_cgxe_registry.obj
 0001:0000ce30       ssSetZcSignalIsZcElementDisc 000000018000de30 f   Copy_of_MIL_Testing_cgxe_registry.obj
 0001:0000cee0       ssSetZcSignalName          000000018000dee0 f   Copy_of_MIL_Testing_cgxe_registry.obj
 0001:0000cf50       ssSetZcSignalWidth         000000018000df50 f   Copy_of_MIL_Testing_cgxe_registry.obj
 0001:0000cfc0       ssSetZcSignalZcEventType   000000018000dfc0 f   Copy_of_MIL_Testing_cgxe_registry.obj
 0001:0000d030       ssSetZcSignalType          000000018000e030 f   Copy_of_MIL_Testing_cgxe_registry.obj
 0001:0000d0a0       ssSetZcSignalZcTol         000000018000e0a0 f   Copy_of_MIL_Testing_cgxe_registry.obj
 0001:0000d110       ssSetZcSignalNeedsEventNotification 000000018000e110 f   Copy_of_MIL_Testing_cgxe_registry.obj
 0001:0000d180       ssCreateAndAddZcSignalInfo 000000018000e180 f   Copy_of_MIL_Testing_cgxe_registry.obj
 0001:0000d1f0       ssCloneAndAddZcSignalInfo  000000018000e1f0 f   Copy_of_MIL_Testing_cgxe_registry.obj
 0001:0000d260       ssGetNumZcSignals          000000018000e260 f   Copy_of_MIL_Testing_cgxe_registry.obj
 0001:0000d2d0       ssGetZcSignalVector        000000018000e2d0 f   Copy_of_MIL_Testing_cgxe_registry.obj
 0001:0000d340       ssGetZcSignalName          000000018000e340 f   Copy_of_MIL_Testing_cgxe_registry.obj
 0001:0000d3b0       ssGetZcSignalWidth         000000018000e3b0 f   Copy_of_MIL_Testing_cgxe_registry.obj
 0001:0000d420       ssGetZcSignalZcEventType   000000018000e420 f   Copy_of_MIL_Testing_cgxe_registry.obj
 0001:0000d490       ssGetZcSignalZcEvents      000000018000e490 f   Copy_of_MIL_Testing_cgxe_registry.obj
 0001:0000d500       ssGetZcSignalType          000000018000e500 f   Copy_of_MIL_Testing_cgxe_registry.obj
 0001:0000d570       ssGetZcSignalZcTol         000000018000e570 f   Copy_of_MIL_Testing_cgxe_registry.obj
 0001:0000d5f0       ssGetZcSignalNeedsEventNotification 000000018000e5f0 f   Copy_of_MIL_Testing_cgxe_registry.obj
 0001:0000d660       ssGetZcSignalIsZcElementDisc 000000018000e660 f   Copy_of_MIL_Testing_cgxe_registry.obj
 0001:0000d700       ssGetIsInputPortElementContinuous 000000018000e700 f   Copy_of_MIL_Testing_cgxe_registry.obj
 0001:0000d7a0       _ssGetAbsTol               000000018000e7a0 f   Copy_of_MIL_Testing_cgxe_registry.obj
 0001:0000d810       _ssSetStateAbsTol          000000018000e810 f   Copy_of_MIL_Testing_cgxe_registry.obj
 0001:0000d8f0       _ssSetInputPortReusableFcn 000000018000e8f0 f   Copy_of_MIL_Testing_cgxe_registry.obj
 0001:0000d9f0       _ssSetOutputPortReusableFcn 000000018000e9f0 f   Copy_of_MIL_Testing_cgxe_registry.obj
 0001:0000daf0       _ssSetSymbolicDimsSupport  000000018000eaf0 f   Copy_of_MIL_Testing_cgxe_registry.obj
 0001:0000db60       _ssRegisterSymbolicDimsExpr 000000018000eb60 f   Copy_of_MIL_Testing_cgxe_registry.obj
 0001:0000dbe0       _ssRegisterSymbolicDimsMATLABExpr 000000018000ebe0 f   Copy_of_MIL_Testing_cgxe_registry.obj
 0001:0000dc70       _ssRegisterSymbolicDims    000000018000ec70 f   Copy_of_MIL_Testing_cgxe_registry.obj
 0001:0000dd10       _ssRegisterSymbolicDimsString 000000018000ed10 f   Copy_of_MIL_Testing_cgxe_registry.obj
 0001:0000dd90       _ssRegisterSymbolicDimsIntValue 000000018000ed90 f   Copy_of_MIL_Testing_cgxe_registry.obj
 0001:0000de00       _ssRegisterSymbolicEqualRelation 000000018000ee00 f   Copy_of_MIL_Testing_cgxe_registry.obj
 0001:0000de70       _ssRegisterSymbolicEqualValue 000000018000ee70 f   Copy_of_MIL_Testing_cgxe_registry.obj
 0001:0000dee0       _ssAmendLeadingSymbolicDims 000000018000eee0 f   Copy_of_MIL_Testing_cgxe_registry.obj
 0001:0000df60       _ssAmendTrailingSymbolicDims 000000018000ef60 f   Copy_of_MIL_Testing_cgxe_registry.obj
 0001:0000dfe0       _ssRegisterSymbolicDimsPlus 000000018000efe0 f   Copy_of_MIL_Testing_cgxe_registry.obj
 0001:0000e060       _ssRegisterSymbolicDimsMinus 000000018000f060 f   Copy_of_MIL_Testing_cgxe_registry.obj
 0001:0000e0e0       _ssRegisterSymbolicDimsMultiply 000000018000f0e0 f   Copy_of_MIL_Testing_cgxe_registry.obj
 0001:0000e160       _ssRegisterSymbolicDimsDivide 000000018000f160 f   Copy_of_MIL_Testing_cgxe_registry.obj
 0001:0000e1e0       _ssGetNumSymbolicDims      000000018000f1e0 f   Copy_of_MIL_Testing_cgxe_registry.obj
 0001:0000e250       _ssGetSymbolicDim          000000018000f250 f   Copy_of_MIL_Testing_cgxe_registry.obj
 0001:0000e2d0       _ssSetInputPortSymbolicDimsId 000000018000f2d0 f   Copy_of_MIL_Testing_cgxe_registry.obj
 0001:0000e340       _ssGetCompInputPortSymbolicDimsId 000000018000f340 f   Copy_of_MIL_Testing_cgxe_registry.obj
 0001:0000e3b0       _ssSetCompInputPortSymbolicDimsId 000000018000f3b0 f   Copy_of_MIL_Testing_cgxe_registry.obj
 0001:0000e420       _ssSetOutputPortSymbolicDimsId 000000018000f420 f   Copy_of_MIL_Testing_cgxe_registry.obj
 0001:0000e490       _ssGetCompOutputPortSymbolicDimsId 000000018000f490 f   Copy_of_MIL_Testing_cgxe_registry.obj
 0001:0000e500       _ssSetCompOutputPortSymbolicDimsId 000000018000f500 f   Copy_of_MIL_Testing_cgxe_registry.obj
 0001:0000e570       _ssGetDWorkSymbolicDimsId  000000018000f570 f   Copy_of_MIL_Testing_cgxe_registry.obj
 0001:0000e5e0       _ssSetDWorkSymbolicDimsId  000000018000f5e0 f   Copy_of_MIL_Testing_cgxe_registry.obj
 0001:0000e650       _ssGetCompDWorkSymbolicDimsId 000000018000f650 f   Copy_of_MIL_Testing_cgxe_registry.obj
 0001:0000e6c0       _ssSetCompDWorkSymbolicDimsId 000000018000f6c0 f   Copy_of_MIL_Testing_cgxe_registry.obj
 0001:0000e730       _ssCreateSLCGStringBuffer  000000018000f730 f   Copy_of_MIL_Testing_cgxe_registry.obj
 0001:0000e7a0       _ssAddToSLCGStringBuffer   000000018000f7a0 f   Copy_of_MIL_Testing_cgxe_registry.obj
 0001:0000e810       _ssGetPointerContainedData 000000018000f810 f   Copy_of_MIL_Testing_cgxe_registry.obj
 0001:0000e8a0       _ssGetPointerContainedDataWidth 000000018000f8a0 f   Copy_of_MIL_Testing_cgxe_registry.obj
 0001:0000e930       _ssRegisterDynamicArrayDataTypeFcn 000000018000f930 f   Copy_of_MIL_Testing_cgxe_registry.obj
 0001:0000e9d0       _ssGetDynamicArrayContainedDataCurrentWidthFcn 000000018000f9d0 f   Copy_of_MIL_Testing_cgxe_registry.obj
 0001:0000eaa0       _ssGetDynamicArrayContainedDataFcn 000000018000faa0 f   Copy_of_MIL_Testing_cgxe_registry.obj
 0001:0000eb70       _ssGetInputPortDynamicArrayDataFcn 000000018000fb70 f   Copy_of_MIL_Testing_cgxe_registry.obj
 0001:0000ec30       _ssGetOutputPortDynamicArrayDataFcn 000000018000fc30 f   Copy_of_MIL_Testing_cgxe_registry.obj
 0001:0000ecf0       _ssGetInputPortDynamicArrayContainedDataFcn 000000018000fcf0 f   Copy_of_MIL_Testing_cgxe_registry.obj
 0001:0000edb0       _ssGetOutputPortDynamicArrayContainedDataFcn 000000018000fdb0 f   Copy_of_MIL_Testing_cgxe_registry.obj
 0001:0000ee70       _ssGetDynamicArrayDWorkContainedDataFcn 000000018000fe70 f   Copy_of_MIL_Testing_cgxe_registry.obj
 0001:000109a0       __local_stdio_printf_options 00000001800119a0 f i Copy_of_MIL_Testing_cgxe_registry.obj
 0001:000109b0       _vsnprintf_l               00000001800119b0 f i Copy_of_MIL_Testing_cgxe_registry.obj
 0001:00010a30       _vsprintf_l                0000000180011a30 f i Copy_of_MIL_Testing_cgxe_registry.obj
 0001:00010a80       sprintf                    0000000180011a80 f i Copy_of_MIL_Testing_cgxe_registry.obj
 0001:00010acf       mxGetPr_800                0000000180011acf f   libmx:libmx.dll
 0001:00010ad5       mxSetCell_800              0000000180011ad5 f   libmx:libmx.dll
 0001:00010adb       mxSetFieldByNumber_800     0000000180011adb f   libmx:libmx.dll
 0001:00010ae1       mxCreateDoubleMatrix_800   0000000180011ae1 f   libmx:libmx.dll
 0001:00010ae7       mxCreateString_800         0000000180011ae7 f   libmx:libmx.dll
 0001:00010aed       mxCreateCellMatrix_800     0000000180011aed f   libmx:libmx.dll
 0001:00010af3       mxCreateStructMatrix_800   0000000180011af3 f   libmx:libmx.dll
 0001:00010af9       mxCalloc_800               0000000180011af9 f   libmx:libmx.dll
 0001:00010aff       mxGetM_800                 0000000180011aff f   libmx:libmx.dll
 0001:00010b05       mxGetClassID_800           0000000180011b05 f   libmx:libmx.dll
 0001:00010b0b       mxGetData_800              0000000180011b0b f   libmx:libmx.dll
 0001:00010b11       mxIsNumeric_800            0000000180011b11 f   libmx:libmx.dll
 0001:00010b17       mxIsChar_800               0000000180011b17 f   libmx:libmx.dll
 0001:00010b1d       mxIsComplex_800            0000000180011b1d f   libmx:libmx.dll
 0001:00010b23       mxGetN_800                 0000000180011b23 f   libmx:libmx.dll
 0001:00010b29       mxSetField_800             0000000180011b29 f   libmx:libmx.dll
 0001:00010b2f       mxCreateNumericMatrix_800  0000000180011b2f f   libmx:libmx.dll
 0001:00010b35       mxCreateDoubleScalar_800   0000000180011b35 f   libmx:libmx.dll
 0001:00010b3b       mxGetString_800            0000000180011b3b f   libmx:libmx.dll
 0001:00010b41       mexWarnMsgTxt_800          0000000180011b41 f   libmex:libmex.dll
 0001:00010b47       mexPrintf_800              0000000180011b47 f   libmex:libmex.dll
 0001:00010b4d       mexCallMATLAB_800          0000000180011b4d f   libmex:libmex.dll
 0001:00010b53       mexUnlock_800              0000000180011b53 f   libmex:libmex.dll
 0001:00010b59       mexIsLocked_800            0000000180011b59 f   libmex:libmex.dll
 0001:00010b5f       muIntScalarMax_sint32      0000000180011b5f f   libmwmathutil:libmwmathutil.dll
 0001:00010b65       muDoubleScalarIsNaN        0000000180011b65 f   libmwmathutil:libmwmathutil.dll
 0001:00010b6b       emlrtAlias                 0000000180011b6b f   libemlrt:libemlrt.dll
 0001:00010b71       emlrtAssign                0000000180011b71 f   libemlrt:libemlrt.dll
 0001:00010b77       emlrtDynamicBoundsCheckR2012b 0000000180011b77 f   libemlrt:libemlrt.dll
 0001:00010b7d       emlrtCreateString1R2022a   0000000180011b7d f   libemlrt:libemlrt.dll
 0001:00010b83       emlrtCreateStructMatrix    0000000180011b83 f   libemlrt:libemlrt.dll
 0001:00010b89       emlrtGetFieldR2017b        0000000180011b89 f   libemlrt:libemlrt.dll
 0001:00010b8f       emlrtSetFieldR2017b        0000000180011b8f f   libemlrt:libemlrt.dll
 0001:00010b95       emlrtCreateCellMatrix      0000000180011b95 f   libemlrt:libemlrt.dll
 0001:00010b9b       emlrtSetCell               0000000180011b9b f   libemlrt:libemlrt.dll
 0001:00010ba1       emlrtGetCell               0000000180011ba1 f   libemlrt:libemlrt.dll
 0001:00010ba7       emlrtCreateNumericMatrix   0000000180011ba7 f   libemlrt:libemlrt.dll
 0001:00010bad       emlrtCreateNumericArray    0000000180011bad f   libemlrt:libemlrt.dll
 0001:00010bb3       emlrtCreateDoubleScalar    0000000180011bb3 f   libemlrt:libemlrt.dll
 0001:00010bb9       emlrtCreateLogicalScalar   0000000180011bb9 f   libemlrt:libemlrt.dll
 0001:00010bbf       emlrtCreateCharArray       0000000180011bbf f   libemlrt:libemlrt.dll
 0001:00010bc5       emlrtDestroyArray          0000000180011bc5 f   libemlrt:libemlrt.dll
 0001:00010bcb       emlrtDisplayR2012b         0000000180011bcb f   libemlrt:libemlrt.dll
 0001:00010bd1       emlrtCallMATLABR2012b      0000000180011bd1 f   libemlrt:libemlrt.dll
 0001:00010bd7       emlrtMallocMex             0000000180011bd7 f   libemlrt:libemlrt.dll
 0001:00010bdd       emlrtFreeMex               0000000180011bdd f   libemlrt:libemlrt.dll
 0001:00010be3       emlrtInitCharArrayR2013a   0000000180011be3 f   libemlrt:libemlrt.dll
 0001:00010be9       emlrtCheckBuiltInR2012b    0000000180011be9 f   libemlrt:libemlrt.dll
 0001:00010bef       emlrtCheckVsBuiltInR2012b  0000000180011bef f   libemlrt:libemlrt.dll
 0001:00010bf5       emlrtCheckStructR2012b     0000000180011bf5 f   libemlrt:libemlrt.dll
 0001:00010bfb       emlrtImportArrayR2015b     0000000180011bfb f   libemlrt:libemlrt.dll
 0001:00010c01       emlrtMxGetData             0000000180011c01 f   libemlrt:libemlrt.dll
 0001:00010c07       emlrtMxGetPr               0000000180011c07 f   libemlrt:libemlrt.dll
 0001:00010c0d       emlrtMxGetLogicals         0000000180011c0d f   libemlrt:libemlrt.dll
 0001:00010c13       cgxertGetOutputPortSignal  0000000180011c13 f   libmwcgxert:libmwcgxert.dll
 0001:00010c19       cgxertGetRuntimeInstance   0000000180011c19 f   libmwcgxert:libmwcgxert.dll
 0001:00010c1f       cgxertSetRuntimeInstance   0000000180011c1f f   libmwcgxert:libmwcgxert.dll
 0001:00010c25       cgxertGetEMLRTCtx          0000000180011c25 f   libmwcgxert:libmwcgxert.dll
 0001:00010c2b       cgxertGetCovrtInstance     0000000180011c2b f   libmwcgxert:libmwcgxert.dll
 0001:00010c31       cgxertListenForCtrlC       0000000180011c31 f   libmwcgxert:libmwcgxert.dll
 0001:00010c37       cgxertSetGcb               0000000180011c37 f   libmwcgxert:libmwcgxert.dll
 0001:00010c3d       cgxertRestoreGcb           0000000180011c3d f   libmwcgxert:libmwcgxert.dll
 0001:00010c43       covrtAllocateInstanceData  0000000180011c43 f   libcovrt:libcovrt.dll
 0001:00010c49       covrtFreeInstanceData      0000000180011c49 f   libcovrt:libcovrt.dll
 0001:00010c4f       covrtScriptStart           0000000180011c4f f   libcovrt:libcovrt.dll
 0001:00010c55       covrtScriptInit            0000000180011c55 f   libcovrt:libcovrt.dll
 0001:00010c5b       covrtFcnInit               0000000180011c5b f   libcovrt:libcovrt.dll
 0001:00010c61       covrtBasicBlockInit        0000000180011c61 f   libcovrt:libcovrt.dll
 0001:00010c67       covrtLogFcn                0000000180011c67 f   libcovrt:libcovrt.dll
 0001:00010c6d       covrtLogBasicBlock         0000000180011c6d f   libcovrt:libcovrt.dll
 0001:00010c74       __GSHandlerCheck           0000000180011c74 f   MSVCRT:gshandler.obj
 0001:00010c94       __GSHandlerCheckCommon     0000000180011c94 f   MSVCRT:gshandler.obj
 0001:00010d10       __security_check_cookie    0000000180011d10 f   MSVCRT:amdsecgs.obj
 0001:00010d30       __raise_securityfailure    0000000180011d30 f   MSVCRT:gs_report.obj
 0001:00010d64       __report_gsfailure         0000000180011d64 f   MSVCRT:gs_report.obj
 0001:00010e38       __report_rangecheckfailure 0000000180011e38 f   MSVCRT:gs_report.obj
 0001:00010e4c       __report_securityfailure   0000000180011e4c f   MSVCRT:gs_report.obj
 0001:00010eec       __report_securityfailureEx 0000000180011eec f   MSVCRT:gs_report.obj
 0001:00011410       _CRT_INIT                  0000000180012410 f   MSVCRT:dll_dllmain.obj
 0001:00011418       _DllMainCRTStartup         0000000180012418 f   MSVCRT:dll_dllmain.obj
 0001:000114c8       __security_init_cookie     00000001800124c8 f   MSVCRT:gs_support.obj
 0001:00011578       DllMain                    0000000180012578 f   MSVCRT:dll_dllmain_stub.obj
 0001:0001159c       ?__scrt_initialize_type_info@@YAXXZ 000000018001259c f   MSVCRT:tncleanup.obj
 0001:000115ac       ?__scrt_uninitialize_type_info@@YAXXZ 00000001800125ac f   MSVCRT:tncleanup.obj
 0001:000115b8       __scrt_initialize_default_local_stdio_options 00000001800125b8 f   MSVCRT:default_local_stdio_options.obj
 0001:000115d4       ?configure_argv@__scrt_narrow_argv_policy@@SAHXZ 00000001800125d4 f i MSVCRT:utility.obj
 0001:00011634       ?initialize_environment@__scrt_narrow_environment_policy@@SAHXZ 0000000180012634 f i MSVCRT:utility.obj
 0001:0001166c       NtCurrentTeb               000000018001266c f i MSVCRT:utility.obj
 0001:00011678       __scrt_acquire_startup_lock 0000000180012678 f   MSVCRT:utility.obj
 0001:000116b4       __scrt_dllmain_after_initialize_c 00000001800126b4 f   MSVCRT:utility.obj
 0001:000116e8       __scrt_dllmain_before_initialize_c 00000001800126e8 f   MSVCRT:utility.obj
 0001:00011700       __scrt_dllmain_crt_thread_attach 0000000180012700 f   MSVCRT:utility.obj
 0001:00011728       __scrt_dllmain_crt_thread_detach 0000000180012728 f   MSVCRT:utility.obj
 0001:00011740       __scrt_dllmain_exception_filter 0000000180012740 f   MSVCRT:utility.obj
 0001:000117a0       __scrt_dllmain_uninitialize_c 00000001800127a0 f   MSVCRT:utility.obj
 0001:000117d0       __scrt_dllmain_uninitialize_critical 00000001800127d0 f   MSVCRT:utility.obj
 0001:000117e4       __scrt_initialize_crt      00000001800127e4 f   MSVCRT:utility.obj
 0001:00011820       __scrt_initialize_onexit_tables 0000000180012820 f   MSVCRT:utility.obj
 0001:000118ac       __scrt_is_nonwritable_in_current_image 00000001800128ac f   MSVCRT:utility.obj
 0001:00011944       __scrt_release_startup_lock 0000000180012944 f   MSVCRT:utility.obj
 0001:00011968       __scrt_uninitialize_crt    0000000180012968 f   MSVCRT:utility.obj
 0001:00011994       _onexit                    0000000180012994 f   MSVCRT:utility.obj
 0001:000119d0       at_quick_exit              00000001800129d0 f   MSVCRT:utility.obj
 0001:000119f0       atexit                     00000001800129f0 f   MSVCRT:utility.obj
 0001:00011a08       __scrt_get_dyn_tls_init_callback 0000000180012a08 f   MSVCRT:dyn_tls_init.obj
 0001:00011a10       __crt_debugger_hook        0000000180012a10 f   MSVCRT:utility_desktop.obj
 0001:00011a1c       __scrt_fastfail            0000000180012a1c f   MSVCRT:utility_desktop.obj
 0001:00011b68       __scrt_get_show_window_mode 0000000180012b68 f   MSVCRT:utility_desktop.obj
 0001:00011ba4       __scrt_initialize_mta      0000000180012ba4 f   MSVCRT:utility_desktop.obj
 0001:00011bac       __scrt_initialize_winrt    0000000180012bac f   MSVCRT:utility_desktop.obj
 0001:00011bb0       __scrt_is_managed_app      0000000180012bb0 f   MSVCRT:utility_desktop.obj
 0001:00011c04       __scrt_set_unhandled_exception_filter 0000000180012c04 f   MSVCRT:utility_desktop.obj
 0001:00011c14       __scrt_exe_initialize_mta  0000000180012c14 f   MSVCRT:utility_desktop.obj
 0001:00011c14       __scrt_stub_for_initialize_mta 0000000180012c14 f   MSVCRT:utility_desktop.obj
 0001:00011c18       __scrt_unhandled_exception_filter 0000000180012c18 f   MSVCRT:utility_desktop.obj
 0001:00011c7c       _RTC_Initialize            0000000180012c7c f   MSVCRT:initsect.obj
 0001:00011cb8       _RTC_Terminate             0000000180012cb8 f   MSVCRT:initsect.obj
 0001:00011cf4       _guard_check_icall_nop     0000000180012cf4 f i MSVCRT:guard_support.obj
 0001:00011cf8       ReadNoFence64              0000000180012cf8 f i MSVCRT:guard_support.obj
 0001:00011cfc       ReadPointerNoFence         0000000180012cfc f i MSVCRT:guard_support.obj
 0001:00011d00       __castguard_check_failure_debugbreak 0000000180012d00 f i MSVCRT:guard_support.obj
 0001:00011d1c       __castguard_check_failure_fastfail 0000000180012d1c f i MSVCRT:guard_support.obj
 0001:00011d40       __castguard_check_failure_nop 0000000180012d40 f i MSVCRT:guard_support.obj
 0001:00011d44       __castguard_check_failure_os_handled 0000000180012d44 f i MSVCRT:guard_support.obj
 0001:00011d90       __castguard_check_failure_user_handled 0000000180012d90 f i MSVCRT:guard_support.obj
 0001:00011e04       __castguard_set_user_handler 0000000180012e04 f i MSVCRT:guard_support.obj
 0001:00011e10       __castguard_slow_path_check_debugbreak 0000000180012e10 f i MSVCRT:guard_support.obj
 0001:00011e44       __castguard_slow_path_check_fastfail 0000000180012e44 f i MSVCRT:guard_support.obj
 0001:00011e80       __castguard_slow_path_check_nop 0000000180012e80 f i MSVCRT:guard_support.obj
 0001:00011e84       __castguard_slow_path_check_os_handled 0000000180012e84 f i MSVCRT:guard_support.obj
 0001:00011ed0       __castguard_slow_path_check_user_handled 0000000180012ed0 f i MSVCRT:guard_support.obj
 0001:00011f3c       _guard_icall_checks_enforced 0000000180012f3c f i MSVCRT:guard_support.obj
 0001:00011f54       _guard_rf_checks_enforced  0000000180012f54 f i MSVCRT:guard_support.obj
 0001:00011f58       __isa_available_init       0000000180012f58 f   MSVCRT:cpu_disp.obj
 0001:000121f0       _get_startup_argv_mode     00000001800131f0 f   MSVCRT:argv_mode.obj
 0001:000121f8       __scrt_is_ucrt_dll_in_use  00000001800131f8 f   MSVCRT:ucrt_detection.obj
 0001:00012210       RtlCaptureContext          0000000180013210 f   kernel32:KERNEL32.dll
 0001:00012216       RtlLookupFunctionEntry     0000000180013216 f   kernel32:KERNEL32.dll
 0001:0001221c       RtlVirtualUnwind           000000018001321c f   kernel32:KERNEL32.dll
 0001:00012222       UnhandledExceptionFilter   0000000180013222 f   kernel32:KERNEL32.dll
 0001:00012228       SetUnhandledExceptionFilter 0000000180013228 f   kernel32:KERNEL32.dll
 0001:0001222e       GetCurrentProcess          000000018001322e f   kernel32:KERNEL32.dll
 0001:00012234       TerminateProcess           0000000180013234 f   kernel32:KERNEL32.dll
 0001:0001223a       IsProcessorFeaturePresent  000000018001323a f   kernel32:KERNEL32.dll
 0001:00012240       QueryPerformanceCounter    0000000180013240 f   kernel32:KERNEL32.dll
 0001:00012246       GetCurrentProcessId        0000000180013246 f   kernel32:KERNEL32.dll
 0001:0001224c       GetCurrentThreadId         000000018001324c f   kernel32:KERNEL32.dll
 0001:00012252       GetSystemTimeAsFileTime    0000000180013252 f   kernel32:KERNEL32.dll
 0001:00012258       DisableThreadLibraryCalls  0000000180013258 f   kernel32:KERNEL32.dll
 0001:0001225e       InitializeSListHead        000000018001325e f   kernel32:KERNEL32.dll
 0001:00012264       IsDebuggerPresent          0000000180013264 f   kernel32:KERNEL32.dll
 0001:0001226a       GetStartupInfoW            000000018001326a f   kernel32:KERNEL32.dll
 0001:00012270       GetModuleHandleW           0000000180013270 f   kernel32:KERNEL32.dll
 0001:00012276       memcpy                     0000000180013276 f   vcruntime:VCRUNTIME140.dll
 0001:0001227c       __C_specific_handler       000000018001327c f   vcruntime:VCRUNTIME140.dll
 0001:00012282       __std_type_info_destroy_list 0000000180013282 f   vcruntime:VCRUNTIME140.dll
 0001:00012288       __current_exception        0000000180013288 f   vcruntime:VCRUNTIME140.dll
 0001:0001228e       __current_exception_context 000000018001328e f   vcruntime:VCRUNTIME140.dll
 0001:00012294       memset                     0000000180013294 f   vcruntime:VCRUNTIME140.dll
 0001:0001229a       __stdio_common_vsscanf     000000018001329a f   ucrt:api-ms-win-crt-stdio-l1-1-0.dll
 0001:000122a0       calloc                     00000001800132a0 f   ucrt:api-ms-win-crt-heap-l1-1-0.dll
 0001:000122a6       free                       00000001800132a6 f   ucrt:api-ms-win-crt-heap-l1-1-0.dll
 0001:000122ac       strcmp                     00000001800132ac f   ucrt:api-ms-win-crt-string-l1-1-0.dll
 0001:000122b2       strlen                     00000001800132b2 f   ucrt:api-ms-win-crt-string-l1-1-0.dll
 0001:000122b8       __stdio_common_vsprintf    00000001800132b8 f   ucrt:api-ms-win-crt-stdio-l1-1-0.dll
 0001:000122be       malloc                     00000001800132be f   ucrt:api-ms-win-crt-heap-l1-1-0.dll
 0001:000122c4       _initterm                  00000001800132c4 f   ucrt:api-ms-win-crt-runtime-l1-1-0.dll
 0001:000122ca       _initterm_e                00000001800132ca f   ucrt:api-ms-win-crt-runtime-l1-1-0.dll
 0001:000122d0       _seh_filter_dll            00000001800132d0 f   ucrt:api-ms-win-crt-runtime-l1-1-0.dll
 0001:000122d6       _configure_narrow_argv     00000001800132d6 f   ucrt:api-ms-win-crt-runtime-l1-1-0.dll
 0001:000122dc       _initialize_narrow_environment 00000001800132dc f   ucrt:api-ms-win-crt-runtime-l1-1-0.dll
 0001:000122e2       _initialize_onexit_table   00000001800132e2 f   ucrt:api-ms-win-crt-runtime-l1-1-0.dll
 0001:000122e8       _register_onexit_function  00000001800132e8 f   ucrt:api-ms-win-crt-runtime-l1-1-0.dll
 0001:000122ee       _execute_onexit_table      00000001800132ee f   ucrt:api-ms-win-crt-runtime-l1-1-0.dll
 0001:000122f4       _crt_atexit                00000001800132f4 f   ucrt:api-ms-win-crt-runtime-l1-1-0.dll
 0001:000122fa       _crt_at_quick_exit         00000001800132fa f   ucrt:api-ms-win-crt-runtime-l1-1-0.dll
 0001:00012300       _cexit                     0000000180013300 f   ucrt:api-ms-win-crt-runtime-l1-1-0.dll
 0001:00012306       terminate                  0000000180013306 f   ucrt:api-ms-win-crt-runtime-l1-1-0.dll
 0001:0001230c       __acrt_initialize          000000018001330c f   MSVCRT:ucrt_stubs.obj
 0001:0001230c       __scrt_stub_for_acrt_initialize 000000018001330c f   MSVCRT:ucrt_stubs.obj
 0001:0001230c       __vcrt_initialize          000000018001330c f   MSVCRT:ucrt_stubs.obj
 0001:00012310       __acrt_thread_attach       0000000180013310 f   MSVCRT:ucrt_stubs.obj
 0001:00012310       __scrt_stub_for_acrt_thread_attach 0000000180013310 f   MSVCRT:ucrt_stubs.obj
 0001:00012310       __vcrt_thread_attach       0000000180013310 f   MSVCRT:ucrt_stubs.obj
 0001:00012314       __acrt_thread_detach       0000000180013314 f   MSVCRT:ucrt_stubs.obj
 0001:00012314       __scrt_stub_for_acrt_thread_detach 0000000180013314 f   MSVCRT:ucrt_stubs.obj
 0001:00012314       __vcrt_thread_detach       0000000180013314 f   MSVCRT:ucrt_stubs.obj
 0001:00012318       __acrt_uninitialize        0000000180013318 f   MSVCRT:ucrt_stubs.obj
 0001:00012318       __scrt_stub_for_acrt_uninitialize 0000000180013318 f   MSVCRT:ucrt_stubs.obj
 0001:00012318       __vcrt_uninitialize        0000000180013318 f   MSVCRT:ucrt_stubs.obj
 0001:0001231c       __acrt_uninitialize_critical 000000018001331c f   MSVCRT:ucrt_stubs.obj
 0001:0001231c       __scrt_stub_for_acrt_uninitialize_critical 000000018001331c f   MSVCRT:ucrt_stubs.obj
 0001:0001231c       __vcrt_uninitialize_critical 000000018001331c f   MSVCRT:ucrt_stubs.obj
 0001:00012320       __scrt_stub_for_is_c_termination_complete 0000000180013320 f   MSVCRT:ucrt_stubs.obj
 0001:00012320       _is_c_termination_complete 0000000180013320 f   MSVCRT:ucrt_stubs.obj
 0001:00012340       _guard_dispatch_icall_nop  0000000180013340 f   MSVCRT:guard_dispatch.obj
 0001:00012360       _guard_xfg_dispatch_icall_nop 0000000180013360 f   MSVCRT:guard_xfg_dispatch.obj
 0002:00000000       __imp_GetCurrentProcessId  0000000180014000     kernel32:KERNEL32.dll
 0002:00000008       __imp_GetStartupInfoW      0000000180014008     kernel32:KERNEL32.dll
 0002:00000010       __imp_RtlCaptureContext    0000000180014010     kernel32:KERNEL32.dll
 0002:00000018       __imp_GetModuleHandleW     0000000180014018     kernel32:KERNEL32.dll
 0002:00000020       __imp_RtlLookupFunctionEntry 0000000180014020     kernel32:KERNEL32.dll
 0002:00000028       __imp_RtlVirtualUnwind     0000000180014028     kernel32:KERNEL32.dll
 0002:00000030       __imp_UnhandledExceptionFilter 0000000180014030     kernel32:KERNEL32.dll
 0002:00000038       __imp_SetUnhandledExceptionFilter 0000000180014038     kernel32:KERNEL32.dll
 0002:00000040       __imp_GetCurrentProcess    0000000180014040     kernel32:KERNEL32.dll
 0002:00000048       __imp_TerminateProcess     0000000180014048     kernel32:KERNEL32.dll
 0002:00000050       __imp_IsProcessorFeaturePresent 0000000180014050     kernel32:KERNEL32.dll
 0002:00000058       __imp_QueryPerformanceCounter 0000000180014058     kernel32:KERNEL32.dll
 0002:00000060       __imp_IsDebuggerPresent    0000000180014060     kernel32:KERNEL32.dll
 0002:00000068       __imp_GetCurrentThreadId   0000000180014068     kernel32:KERNEL32.dll
 0002:00000070       __imp_GetSystemTimeAsFileTime 0000000180014070     kernel32:KERNEL32.dll
 0002:00000078       __imp_DisableThreadLibraryCalls 0000000180014078     kernel32:KERNEL32.dll
 0002:00000080       __imp_InitializeSListHead  0000000180014080     kernel32:KERNEL32.dll
 0002:00000088       \177KERNEL32_NULL_THUNK_DATA 0000000180014088     kernel32:KERNEL32.dll
 0002:00000090       __imp_memcpy               0000000180014090     vcruntime:VCRUNTIME140.dll
 0002:00000098       __imp_memset               0000000180014098     vcruntime:VCRUNTIME140.dll
 0002:000000a0       __imp___current_exception  00000001800140a0     vcruntime:VCRUNTIME140.dll
 0002:000000a8       __imp___current_exception_context 00000001800140a8     vcruntime:VCRUNTIME140.dll
 0002:000000b0       __imp___C_specific_handler 00000001800140b0     vcruntime:VCRUNTIME140.dll
 0002:000000b8       __imp___std_type_info_destroy_list 00000001800140b8     vcruntime:VCRUNTIME140.dll
 0002:000000c0       \177VCRUNTIME140_NULL_THUNK_DATA 00000001800140c0     vcruntime:VCRUNTIME140.dll
 0002:000000c8       __imp_malloc               00000001800140c8     ucrt:api-ms-win-crt-heap-l1-1-0.dll
 0002:000000d0       __imp_free                 00000001800140d0     ucrt:api-ms-win-crt-heap-l1-1-0.dll
 0002:000000d8       __imp_calloc               00000001800140d8     ucrt:api-ms-win-crt-heap-l1-1-0.dll
 0002:000000e0       \177api-ms-win-crt-heap-l1-1-0_NULL_THUNK_DATA 00000001800140e0     ucrt:api-ms-win-crt-heap-l1-1-0.dll
 0002:000000e8       __imp__seh_filter_dll      00000001800140e8     ucrt:api-ms-win-crt-runtime-l1-1-0.dll
 0002:000000f0       __imp__configure_narrow_argv 00000001800140f0     ucrt:api-ms-win-crt-runtime-l1-1-0.dll
 0002:000000f8       __imp__initialize_narrow_environment 00000001800140f8     ucrt:api-ms-win-crt-runtime-l1-1-0.dll
 0002:00000100       __imp__initterm            0000000180014100     ucrt:api-ms-win-crt-runtime-l1-1-0.dll
 0002:00000108       __imp__register_onexit_function 0000000180014108     ucrt:api-ms-win-crt-runtime-l1-1-0.dll
 0002:00000110       __imp__execute_onexit_table 0000000180014110     ucrt:api-ms-win-crt-runtime-l1-1-0.dll
 0002:00000118       __imp__crt_atexit          0000000180014118     ucrt:api-ms-win-crt-runtime-l1-1-0.dll
 0002:00000120       __imp__crt_at_quick_exit   0000000180014120     ucrt:api-ms-win-crt-runtime-l1-1-0.dll
 0002:00000128       __imp__cexit               0000000180014128     ucrt:api-ms-win-crt-runtime-l1-1-0.dll
 0002:00000130       __imp_terminate            0000000180014130     ucrt:api-ms-win-crt-runtime-l1-1-0.dll
 0002:00000138       __imp__initterm_e          0000000180014138     ucrt:api-ms-win-crt-runtime-l1-1-0.dll
 0002:00000140       __imp__initialize_onexit_table 0000000180014140     ucrt:api-ms-win-crt-runtime-l1-1-0.dll
 0002:00000148       \177api-ms-win-crt-runtime-l1-1-0_NULL_THUNK_DATA 0000000180014148     ucrt:api-ms-win-crt-runtime-l1-1-0.dll
 0002:00000150       __imp___stdio_common_vsscanf 0000000180014150     ucrt:api-ms-win-crt-stdio-l1-1-0.dll
 0002:00000158       __imp___stdio_common_vsprintf 0000000180014158     ucrt:api-ms-win-crt-stdio-l1-1-0.dll
 0002:00000160       \177api-ms-win-crt-stdio-l1-1-0_NULL_THUNK_DATA 0000000180014160     ucrt:api-ms-win-crt-stdio-l1-1-0.dll
 0002:00000168       __imp_strcmp               0000000180014168     ucrt:api-ms-win-crt-string-l1-1-0.dll
 0002:00000170       __imp_strlen               0000000180014170     ucrt:api-ms-win-crt-string-l1-1-0.dll
 0002:00000178       \177api-ms-win-crt-string-l1-1-0_NULL_THUNK_DATA 0000000180014178     ucrt:api-ms-win-crt-string-l1-1-0.dll
 0002:00000180       __imp_covrtScriptStart     0000000180014180     libcovrt:libcovrt.dll
 0002:00000188       __imp_covrtScriptInit      0000000180014188     libcovrt:libcovrt.dll
 0002:00000190       __imp_covrtBasicBlockInit  0000000180014190     libcovrt:libcovrt.dll
 0002:00000198       __imp_covrtLogFcn          0000000180014198     libcovrt:libcovrt.dll
 0002:000001a0       __imp_covrtFcnInit         00000001800141a0     libcovrt:libcovrt.dll
 0002:000001a8       __imp_covrtLogBasicBlock   00000001800141a8     libcovrt:libcovrt.dll
 0002:000001b0       __imp_covrtAllocateInstanceData 00000001800141b0     libcovrt:libcovrt.dll
 0002:000001b8       __imp_covrtFreeInstanceData 00000001800141b8     libcovrt:libcovrt.dll
 0002:000001c0       \177libcovrt_NULL_THUNK_DATA 00000001800141c0     libcovrt:libcovrt.dll
 0002:000001c8       __imp_emlrtMxGetPr         00000001800141c8     libemlrt:libemlrt.dll
 0002:000001d0       __imp_emlrtMxGetData       00000001800141d0     libemlrt:libemlrt.dll
 0002:000001d8       __imp_emlrtImportArrayR2015b 00000001800141d8     libemlrt:libemlrt.dll
 0002:000001e0       __imp_emlrtCheckStructR2012b 00000001800141e0     libemlrt:libemlrt.dll
 0002:000001e8       __imp_emlrtCheckVsBuiltInR2012b 00000001800141e8     libemlrt:libemlrt.dll
 0002:000001f0       __imp_emlrtCreateDoubleScalar 00000001800141f0     libemlrt:libemlrt.dll
 0002:000001f8       __imp_emlrtAlias           00000001800141f8     libemlrt:libemlrt.dll
 0002:00000200       __imp_emlrtAssign          0000000180014200     libemlrt:libemlrt.dll
 0002:00000208       __imp_emlrtDynamicBoundsCheckR2012b 0000000180014208     libemlrt:libemlrt.dll
 0002:00000210       __imp_emlrtCreateNumericArray 0000000180014210     libemlrt:libemlrt.dll
 0002:00000218       __imp_emlrtInitCharArrayR2013a 0000000180014218     libemlrt:libemlrt.dll
 0002:00000220       __imp_emlrtFreeMex         0000000180014220     libemlrt:libemlrt.dll
 0002:00000228       __imp_emlrtMallocMex       0000000180014228     libemlrt:libemlrt.dll
 0002:00000230       __imp_emlrtCallMATLABR2012b 0000000180014230     libemlrt:libemlrt.dll
 0002:00000238       __imp_emlrtCreateLogicalScalar 0000000180014238     libemlrt:libemlrt.dll
 0002:00000240       __imp_emlrtDisplayR2012b   0000000180014240     libemlrt:libemlrt.dll
 0002:00000248       __imp_emlrtDestroyArray    0000000180014248     libemlrt:libemlrt.dll
 0002:00000250       __imp_emlrtCreateCharArray 0000000180014250     libemlrt:libemlrt.dll
 0002:00000258       __imp_emlrtMxGetLogicals   0000000180014258     libemlrt:libemlrt.dll
 0002:00000260       __imp_emlrtCreateNumericMatrix 0000000180014260     libemlrt:libemlrt.dll
 0002:00000268       __imp_emlrtGetCell         0000000180014268     libemlrt:libemlrt.dll
 0002:00000270       __imp_emlrtSetCell         0000000180014270     libemlrt:libemlrt.dll
 0002:00000278       __imp_emlrtCreateCellMatrix 0000000180014278     libemlrt:libemlrt.dll
 0002:00000280       __imp_emlrtSetFieldR2017b  0000000180014280     libemlrt:libemlrt.dll
 0002:00000288       __imp_emlrtGetFieldR2017b  0000000180014288     libemlrt:libemlrt.dll
 0002:00000290       __imp_emlrtCreateStructMatrix 0000000180014290     libemlrt:libemlrt.dll
 0002:00000298       __imp_emlrtCreateString1R2022a 0000000180014298     libemlrt:libemlrt.dll
 0002:000002a0       __imp_emlrtCheckBuiltInR2012b 00000001800142a0     libemlrt:libemlrt.dll
 0002:000002a8       \177libemlrt_NULL_THUNK_DATA 00000001800142a8     libemlrt:libemlrt.dll
 0002:000002b0       __imp_mexWarnMsgTxt_800    00000001800142b0     libmex:libmex.dll
 0002:000002b8       __imp_mexPrintf_800        00000001800142b8     libmex:libmex.dll
 0002:000002c0       __imp_mexCallMATLAB_800    00000001800142c0     libmex:libmex.dll
 0002:000002c8       __imp_mexIsLocked_800      00000001800142c8     libmex:libmex.dll
 0002:000002d0       __imp_mexUnlock_800        00000001800142d0     libmex:libmex.dll
 0002:000002d8       \177libmex_NULL_THUNK_DATA 00000001800142d8     libmex:libmex.dll
 0002:000002e0       __imp_cgxertGetCovrtInstance 00000001800142e0     libmwcgxert:libmwcgxert.dll
 0002:000002e8       __imp_cgxertListenForCtrlC 00000001800142e8     libmwcgxert:libmwcgxert.dll
 0002:000002f0       __imp_cgxertGetEMLRTCtx    00000001800142f0     libmwcgxert:libmwcgxert.dll
 0002:000002f8       __imp_cgxertSetRuntimeInstance 00000001800142f8     libmwcgxert:libmwcgxert.dll
 0002:00000300       __imp_cgxertGetRuntimeInstance 0000000180014300     libmwcgxert:libmwcgxert.dll
 0002:00000308       __imp_cgxertGetOutputPortSignal 0000000180014308     libmwcgxert:libmwcgxert.dll
 0002:00000310       __imp_cgxertSetGcb         0000000180014310     libmwcgxert:libmwcgxert.dll
 0002:00000318       __imp_cgxertRestoreGcb     0000000180014318     libmwcgxert:libmwcgxert.dll
 0002:00000320       \177libmwcgxert_NULL_THUNK_DATA 0000000180014320     libmwcgxert:libmwcgxert.dll
 0002:00000328       __imp_muDoubleScalarIsNaN  0000000180014328     libmwmathutil:libmwmathutil.dll
 0002:00000330       __imp_muIntScalarMax_sint32 0000000180014330     libmwmathutil:libmwmathutil.dll
 0002:00000338       \177libmwmathutil_NULL_THUNK_DATA 0000000180014338     libmwmathutil:libmwmathutil.dll
 0002:00000340       __imp_mxSetCell_800        0000000180014340     libmx:libmx.dll
 0002:00000348       __imp_mxGetString_800      0000000180014348     libmx:libmx.dll
 0002:00000350       __imp_mxCreateDoubleScalar_800 0000000180014350     libmx:libmx.dll
 0002:00000358       __imp_mxCreateNumericMatrix_800 0000000180014358     libmx:libmx.dll
 0002:00000360       __imp_mxSetField_800       0000000180014360     libmx:libmx.dll
 0002:00000368       __imp_mxGetN_800           0000000180014368     libmx:libmx.dll
 0002:00000370       __imp_mxIsComplex_800      0000000180014370     libmx:libmx.dll
 0002:00000378       __imp_mxIsChar_800         0000000180014378     libmx:libmx.dll
 0002:00000380       __imp_mxIsNumeric_800      0000000180014380     libmx:libmx.dll
 0002:00000388       __imp_mxGetData_800        0000000180014388     libmx:libmx.dll
 0002:00000390       __imp_mxGetClassID_800     0000000180014390     libmx:libmx.dll
 0002:00000398       __imp_mxGetM_800           0000000180014398     libmx:libmx.dll
 0002:000003a0       __imp_mxCalloc_800         00000001800143a0     libmx:libmx.dll
 0002:000003a8       __imp_mxCreateStructMatrix_800 00000001800143a8     libmx:libmx.dll
 0002:000003b0       __imp_mxCreateCellMatrix_800 00000001800143b0     libmx:libmx.dll
 0002:000003b8       __imp_mxCreateString_800   00000001800143b8     libmx:libmx.dll
 0002:000003c0       __imp_mxCreateDoubleMatrix_800 00000001800143c0     libmx:libmx.dll
 0002:000003c8       __imp_mxSetFieldByNumber_800 00000001800143c8     libmx:libmx.dll
 0002:000003d0       __imp_mxGetPr_800          00000001800143d0     libmx:libmx.dll
 0002:000003d8       \177libmx_NULL_THUNK_DATA  00000001800143d8     libmx:libmx.dll
 0002:000003e0       __guard_check_icall_fptr   00000001800143e0     MSVCRT:guard_support.obj
 0002:000003e8       __guard_xfg_check_icall_fptr 00000001800143e8     MSVCRT:guard_support.obj
 0002:000003f0       __guard_dispatch_icall_fptr 00000001800143f0     MSVCRT:guard_support.obj
 0002:000003f8       __guard_xfg_dispatch_icall_fptr 00000001800143f8     MSVCRT:guard_support.obj
 0002:00000400       __guard_xfg_table_dispatch_icall_fptr 0000000180014400     MSVCRT:guard_support.obj
 0002:00000408       __castguard_check_failure_os_handled_fptr 0000000180014408     MSVCRT:guard_support.obj
 0002:00000410       __guard_memcpy_fptr        0000000180014410     vcruntime:softmemtag.obj
 0002:00000418       __xc_a                     0000000180014418     MSVCRT:initializers.obj
 0002:00000420       __xc_z                     0000000180014420     MSVCRT:initializers.obj
 0002:00000428       __xi_a                     0000000180014428     MSVCRT:initializers.obj
 0002:00000430       __xi_z                     0000000180014430     MSVCRT:initializers.obj
 0002:00000438       __xp_a                     0000000180014438     MSVCRT:initializers.obj
 0002:00000440       __xp_z                     0000000180014440     MSVCRT:initializers.obj
 0002:00000448       __xt_a                     0000000180014448     MSVCRT:initializers.obj
 0002:00000450       __xt_z                     0000000180014450     MSVCRT:initializers.obj
 0002:00000610       __real@0000000000000000    0000000180014610     m_wmkJqLmwrJT8vrNaddkR9E.obj
 0002:00000618       __real@3ff0000000000000    0000000180014618     m_wmkJqLmwrJT8vrNaddkR9E.obj
 0002:00000620       __real@bff0000000000000    0000000180014620     m_wmkJqLmwrJT8vrNaddkR9E.obj
 0002:00000628       DYNAMIC_DIMENSION_DEF      0000000180014628     Copy_of_MIL_Testing_cgxe_registry.obj
 0002:00000640       __real@4010000000000000    0000000180014640     Copy_of_MIL_Testing_cgxe_registry.obj
 0002:00000648       __real@41602cbca0000000    0000000180014648     Copy_of_MIL_Testing_cgxe_registry.obj
 0002:00000650       __real@419ff96f08000000    0000000180014650     Copy_of_MIL_Testing_cgxe_registry.obj
 0002:00000658       __real@41b8c8c808000000    0000000180014658     Copy_of_MIL_Testing_cgxe_registry.obj
 0002:00000660       __real@41d649ae9dc00000    0000000180014660     Copy_of_MIL_Testing_cgxe_registry.obj
 0002:00000668       __real@41d7973292800000    0000000180014668     Copy_of_MIL_Testing_cgxe_registry.obj
 0002:00000670       __real@41dc67f553c00000    0000000180014670     Copy_of_MIL_Testing_cgxe_registry.obj
 0002:00000678       __real@41e0a72a20e00000    0000000180014678     Copy_of_MIL_Testing_cgxe_registry.obj
 0002:00000680       __real@41e13401bfc00000    0000000180014680     Copy_of_MIL_Testing_cgxe_registry.obj
 0002:00000688       __real@41e2069ed9a00000    0000000180014688     Copy_of_MIL_Testing_cgxe_registry.obj
 0002:00000690       __real@41e411c7b6400000    0000000180014690     Copy_of_MIL_Testing_cgxe_registry.obj
 0002:00000698       __real@41e559f409200000    0000000180014698     Copy_of_MIL_Testing_cgxe_registry.obj
 0002:000006a0       __real@41e5b0b712600000    00000001800146a0     Copy_of_MIL_Testing_cgxe_registry.obj
 0002:000006a8       __real@41e9dab0f1200000    00000001800146a8     Copy_of_MIL_Testing_cgxe_registry.obj
 0002:000006b0       __real@41eb4795ec800000    00000001800146b0     Copy_of_MIL_Testing_cgxe_registry.obj
 0002:000006b8       __real@41eb498fd4000000    00000001800146b8     Copy_of_MIL_Testing_cgxe_registry.obj
 0002:000006c0       __real@41ec3682df400000    00000001800146c0     Copy_of_MIL_Testing_cgxe_registry.obj
 0002:000006c8       __real@41ef1ca376c00000    00000001800146c8     Copy_of_MIL_Testing_cgxe_registry.obj
 0002:000006e0       _pDefaultRawDllMain        00000001800146e0     MSVCRT:dll_dllmain.obj
 0002:000006e0       _pRawDllMain               00000001800146e0     MSVCRT:dll_dllmain.obj
 0002:000006f0       __xmm@ffffffffffffffffffffffffffffffff 00000001800146f0     MSVCRT:utility.obj
 0002:00000700       _load_config_used          0000000180014700     MSVCRT:loadcfg.obj
 0002:00000880       __CastGuardVftablesStart   0000000180014880     MSVCRT:guard_support.obj
 0002:00000900       __CastGuardVftablesEnd     0000000180014900     MSVCRT:guard_support.obj
 0002:00000980       __volatile_metadata        0000000180014980     <linker-defined>
 0002:00000da0       __rtc_iaa                  0000000180014da0     MSVCRT:initsect.obj
 0002:00000da8       __rtc_izz                  0000000180014da8     MSVCRT:initsect.obj
 0002:00000db0       __rtc_taa                  0000000180014db0     MSVCRT:initsect.obj
 0002:00000db8       __rtc_tzz                  0000000180014db8     MSVCRT:initsect.obj
 0002:00001864       __IMPORT_DESCRIPTOR_libmx  0000000180015864     libmx:libmx.dll
 0002:00001878       __IMPORT_DESCRIPTOR_libmex 0000000180015878     libmex:libmex.dll
 0002:0000188c       __IMPORT_DESCRIPTOR_libmwmathutil 000000018001588c     libmwmathutil:libmwmathutil.dll
 0002:000018a0       __IMPORT_DESCRIPTOR_libemlrt 00000001800158a0     libemlrt:libemlrt.dll
 0002:000018b4       __IMPORT_DESCRIPTOR_libmwcgxert 00000001800158b4     libmwcgxert:libmwcgxert.dll
 0002:000018c8       __IMPORT_DESCRIPTOR_libcovrt 00000001800158c8     libcovrt:libcovrt.dll
 0002:000018dc       __IMPORT_DESCRIPTOR_KERNEL32 00000001800158dc     kernel32:KERNEL32.dll
 0002:000018f0       __IMPORT_DESCRIPTOR_VCRUNTIME140 00000001800158f0     vcruntime:VCRUNTIME140.dll
 0002:00001904       __IMPORT_DESCRIPTOR_api-ms-win-crt-stdio-l1-1-0 0000000180015904     ucrt:api-ms-win-crt-stdio-l1-1-0.dll
 0002:00001918       __IMPORT_DESCRIPTOR_api-ms-win-crt-heap-l1-1-0 0000000180015918     ucrt:api-ms-win-crt-heap-l1-1-0.dll
 0002:0000192c       __IMPORT_DESCRIPTOR_api-ms-win-crt-string-l1-1-0 000000018001592c     ucrt:api-ms-win-crt-string-l1-1-0.dll
 0002:00001940       __IMPORT_DESCRIPTOR_api-ms-win-crt-runtime-l1-1-0 0000000180015940     ucrt:api-ms-win-crt-runtime-l1-1-0.dll
 0002:00001954       __NULL_IMPORT_DESCRIPTOR   0000000180015954     libmx:libmx.dll
 0003:00002c30       DYNAMIC_DIMENSION          0000000180019c30     Copy_of_MIL_Testing_cgxe_registry.obj
 0003:00004f40       __security_cookie          000000018001bf40     MSVCRT:gs_cookie.obj
 0003:00004f80       __security_cookie_complement 000000018001bf80     MSVCRT:gs_cookie.obj
 0003:00004f88       _fltused                   000000018001bf88     MSVCRT:fltused.obj
 0003:00004f8c       __scrt_native_dllmain_reason 000000018001bf8c     MSVCRT:utility.obj
 0003:00004f90       __isa_inverted             000000018001bf90     MSVCRT:cpu_disp.obj
 0003:00004f98       __isa_available            000000018001bf98     MSVCRT:cpu_disp.obj
 0003:00004f9c       __isa_enabled              000000018001bf9c     MSVCRT:cpu_disp.obj
 0003:00004fa0       __memset_fast_string_threshold 000000018001bfa0     MSVCRT:cpu_disp.obj
 0003:00004fa8       __memset_nt_threshold      000000018001bfa8     MSVCRT:cpu_disp.obj
 0003:00004fb0       __scrt_ucrt_dll_is_in_use  000000018001bfb0     MSVCRT:ucrt_stubs.obj
 0003:00005550       ?__type_info_root_node@@3U__type_info_node@@A 000000018001c550     MSVCRT:tncleanup.obj
 0003:00005560       ?_OptionsStorage@?1??__local_stdio_printf_options@@9@4_KA 000000018001c560     MSVCRT:default_local_stdio_options.obj
 0003:00005568       ?_OptionsStorage@?1??__local_stdio_scanf_options@@9@4_KA 000000018001c568     MSVCRT:default_local_stdio_options.obj
 0003:00005570       __scrt_current_native_startup_state 000000018001c570     MSVCRT:utility.obj
 0003:00005578       __scrt_native_startup_lock 000000018001c578     MSVCRT:utility.obj
 0003:000055b8       __scrt_debugger_hook_flag  000000018001c5b8     MSVCRT:utility_desktop.obj
 0003:000055c0       __castguard_check_failure_user_handled_fptr 000000018001c5c0     MSVCRT:guard_support.obj
 0003:000055c8       __avx10_version            000000018001c5c8     MSVCRT:cpu_disp.obj
 0003:000055cc       __favor                    000000018001c5cc     MSVCRT:cpu_disp.obj
 0003:000055d0       ?_OptionsStorage@?1??__local_stdio_printf_options@@9@9 000000018001c5d0     <common>
 0003:000055d8       ?_OptionsStorage@?1??__local_stdio_scanf_options@@9@9 000000018001c5d8     <common>
 0003:000055e0       __dyn_tls_init_callback    000000018001c5e0     <common>

 entry point at        0001:00011418

 Static symbols

 0000:00000000       .debug$S                   0000000180000000     Copy_of_MIL_Testing_cgxe.exp
 0000:00000000       _volmd                     0000000180000000     Copy_of_MIL_Testing_cgxe_registry.obj
 0000:00000000       _volmd                     0000000180000000     m_wmkJqLmwrJT8vrNaddkR9E.obj
 0000:00000000       .debug$S                   0000000180000000     ucrt:api-ms-win-crt-heap-l1-1-0.dll
 0000:00000000       .debug$S                   0000000180000000     ucrt:api-ms-win-crt-heap-l1-1-0.dll
 0000:00000000       .debug$S                   0000000180000000     ucrt:api-ms-win-crt-heap-l1-1-0.dll
 0000:00000000       .debug$S                   0000000180000000     ucrt:api-ms-win-crt-runtime-l1-1-0.dll
 0000:00000000       .debug$S                   0000000180000000     ucrt:api-ms-win-crt-runtime-l1-1-0.dll
 0000:00000000       .debug$S                   0000000180000000     ucrt:api-ms-win-crt-runtime-l1-1-0.dll
 0000:00000000       .debug$S                   0000000180000000     ucrt:api-ms-win-crt-runtime-l1-1-0.dll
 0000:00000000       .debug$S                   0000000180000000     ucrt:api-ms-win-crt-runtime-l1-1-0.dll
 0000:00000000       .debug$S                   0000000180000000     ucrt:api-ms-win-crt-runtime-l1-1-0.dll
 0000:00000000       .debug$S                   0000000180000000     ucrt:api-ms-win-crt-runtime-l1-1-0.dll
 0000:00000000       .debug$S                   0000000180000000     ucrt:api-ms-win-crt-runtime-l1-1-0.dll
 0000:00000000       .debug$S                   0000000180000000     ucrt:api-ms-win-crt-runtime-l1-1-0.dll
 0000:00000000       .debug$S                   0000000180000000     ucrt:api-ms-win-crt-runtime-l1-1-0.dll
 0000:00000000       .debug$S                   0000000180000000     ucrt:api-ms-win-crt-runtime-l1-1-0.dll
 0000:00000000       .debug$S                   0000000180000000     ucrt:api-ms-win-crt-runtime-l1-1-0.dll
 0000:00000000       .debug$S                   0000000180000000     ucrt:api-ms-win-crt-stdio-l1-1-0.dll
 0000:00000000       .debug$S                   0000000180000000     ucrt:api-ms-win-crt-stdio-l1-1-0.dll
 0000:00000000       .debug$S                   0000000180000000     ucrt:api-ms-win-crt-string-l1-1-0.dll
 0000:00000000       .debug$S                   0000000180000000     ucrt:api-ms-win-crt-string-l1-1-0.dll
 0000:00000000       .debug$S                   0000000180000000     kernel32:KERNEL32.dll
 0000:00000000       .debug$S                   0000000180000000     kernel32:KERNEL32.dll
 0000:00000000       .debug$S                   0000000180000000     kernel32:KERNEL32.dll
 0000:00000000       .debug$S                   0000000180000000     kernel32:KERNEL32.dll
 0000:00000000       .debug$S                   0000000180000000     kernel32:KERNEL32.dll
 0000:00000000       .debug$S                   0000000180000000     kernel32:KERNEL32.dll
 0000:00000000       .debug$S                   0000000180000000     kernel32:KERNEL32.dll
 0000:00000000       .debug$S                   0000000180000000     kernel32:KERNEL32.dll
 0000:00000000       .debug$S                   0000000180000000     kernel32:KERNEL32.dll
 0000:00000000       .debug$S                   0000000180000000     kernel32:KERNEL32.dll
 0000:00000000       .debug$S                   0000000180000000     kernel32:KERNEL32.dll
 0000:00000000       .debug$S                   0000000180000000     kernel32:KERNEL32.dll
 0000:00000000       .debug$S                   0000000180000000     kernel32:KERNEL32.dll
 0000:00000000       .debug$S                   0000000180000000     kernel32:KERNEL32.dll
 0000:00000000       .debug$S                   0000000180000000     kernel32:KERNEL32.dll
 0000:00000000       .debug$S                   0000000180000000     kernel32:KERNEL32.dll
 0000:00000000       .debug$S                   0000000180000000     kernel32:KERNEL32.dll
 0000:00000000       .debug$S                   0000000180000000     libcovrt:libcovrt.dll
 0000:00000000       .debug$S                   0000000180000000     libcovrt:libcovrt.dll
 0000:00000000       .debug$S                   0000000180000000     libcovrt:libcovrt.dll
 0000:00000000       .debug$S                   0000000180000000     libcovrt:libcovrt.dll
 0000:00000000       .debug$S                   0000000180000000     libcovrt:libcovrt.dll
 0000:00000000       .debug$S                   0000000180000000     libcovrt:libcovrt.dll
 0000:00000000       .debug$S                   0000000180000000     libcovrt:libcovrt.dll
 0000:00000000       .debug$S                   0000000180000000     libcovrt:libcovrt.dll
 0000:00000000       .debug$S                   0000000180000000     libemlrt:libemlrt.dll
 0000:00000000       .debug$S                   0000000180000000     libemlrt:libemlrt.dll
 0000:00000000       .debug$S                   0000000180000000     libemlrt:libemlrt.dll
 0000:00000000       .debug$S                   0000000180000000     libemlrt:libemlrt.dll
 0000:00000000       .debug$S                   0000000180000000     libemlrt:libemlrt.dll
 0000:00000000       .debug$S                   0000000180000000     libemlrt:libemlrt.dll
 0000:00000000       .debug$S                   0000000180000000     libemlrt:libemlrt.dll
 0000:00000000       .debug$S                   0000000180000000     libemlrt:libemlrt.dll
 0000:00000000       .debug$S                   0000000180000000     libemlrt:libemlrt.dll
 0000:00000000       .debug$S                   0000000180000000     libemlrt:libemlrt.dll
 0000:00000000       .debug$S                   0000000180000000     libemlrt:libemlrt.dll
 0000:00000000       .debug$S                   0000000180000000     libemlrt:libemlrt.dll
 0000:00000000       .debug$S                   0000000180000000     libemlrt:libemlrt.dll
 0000:00000000       .debug$S                   0000000180000000     libemlrt:libemlrt.dll
 0000:00000000       .debug$S                   0000000180000000     libemlrt:libemlrt.dll
 0000:00000000       .debug$S                   0000000180000000     libemlrt:libemlrt.dll
 0000:00000000       .debug$S                   0000000180000000     libemlrt:libemlrt.dll
 0000:00000000       .debug$S                   0000000180000000     libemlrt:libemlrt.dll
 0000:00000000       .debug$S                   0000000180000000     libemlrt:libemlrt.dll
 0000:00000000       .debug$S                   0000000180000000     libemlrt:libemlrt.dll
 0000:00000000       .debug$S                   0000000180000000     libemlrt:libemlrt.dll
 0000:00000000       .debug$S                   0000000180000000     libemlrt:libemlrt.dll
 0000:00000000       .debug$S                   0000000180000000     libemlrt:libemlrt.dll
 0000:00000000       .debug$S                   0000000180000000     libemlrt:libemlrt.dll
 0000:00000000       .debug$S                   0000000180000000     libemlrt:libemlrt.dll
 0000:00000000       .debug$S                   0000000180000000     libemlrt:libemlrt.dll
 0000:00000000       .debug$S                   0000000180000000     libemlrt:libemlrt.dll
 0000:00000000       .debug$S                   0000000180000000     libemlrt:libemlrt.dll
 0000:00000000       .debug$S                   0000000180000000     libmex:libmex.dll
 0000:00000000       .debug$S                   0000000180000000     libmex:libmex.dll
 0000:00000000       .debug$S                   0000000180000000     libmex:libmex.dll
 0000:00000000       .debug$S                   0000000180000000     libmex:libmex.dll
 0000:00000000       .debug$S                   0000000180000000     libmex:libmex.dll
 0000:00000000       .debug$S                   0000000180000000     libmwcgxert:libmwcgxert.dll
 0000:00000000       .debug$S                   0000000180000000     libmwcgxert:libmwcgxert.dll
 0000:00000000       .debug$S                   0000000180000000     libmwcgxert:libmwcgxert.dll
 0000:00000000       .debug$S                   0000000180000000     libmwcgxert:libmwcgxert.dll
 0000:00000000       .debug$S                   0000000180000000     libmwcgxert:libmwcgxert.dll
 0000:00000000       .debug$S                   0000000180000000     libmwcgxert:libmwcgxert.dll
 0000:00000000       .debug$S                   0000000180000000     libmwcgxert:libmwcgxert.dll
 0000:00000000       .debug$S                   0000000180000000     libmwcgxert:libmwcgxert.dll
 0000:00000000       .debug$S                   0000000180000000     libmwmathutil:libmwmathutil.dll
 0000:00000000       .debug$S                   0000000180000000     libmwmathutil:libmwmathutil.dll
 0000:00000000       .debug$S                   0000000180000000     libmx:libmx.dll
 0000:00000000       .debug$S                   0000000180000000     libmx:libmx.dll
 0000:00000000       .debug$S                   0000000180000000     libmx:libmx.dll
 0000:00000000       .debug$S                   0000000180000000     libmx:libmx.dll
 0000:00000000       .debug$S                   0000000180000000     libmx:libmx.dll
 0000:00000000       .debug$S                   0000000180000000     libmx:libmx.dll
 0000:00000000       .debug$S                   0000000180000000     libmx:libmx.dll
 0000:00000000       .debug$S                   0000000180000000     libmx:libmx.dll
 0000:00000000       .debug$S                   0000000180000000     libmx:libmx.dll
 0000:00000000       .debug$S                   0000000180000000     libmx:libmx.dll
 0000:00000000       .debug$S                   0000000180000000     libmx:libmx.dll
 0000:00000000       .debug$S                   0000000180000000     libmx:libmx.dll
 0000:00000000       .debug$S                   0000000180000000     libmx:libmx.dll
 0000:00000000       .debug$S                   0000000180000000     libmx:libmx.dll
 0000:00000000       .debug$S                   0000000180000000     libmx:libmx.dll
 0000:00000000       .debug$S                   0000000180000000     libmx:libmx.dll
 0000:00000000       .debug$S                   0000000180000000     libmx:libmx.dll
 0000:00000000       .debug$S                   0000000180000000     libmx:libmx.dll
 0000:00000000       .debug$S                   0000000180000000     libmx:libmx.dll
 0000:00000000       _volmd                     0000000180000000     MSVCRT:cpu_disp.obj
 0002:fffec000       __guard_ehcont_?dllmain_dispatch@@YAHQEAUHINSTANCE__@@KQEAX@Z 0000000180000000     MSVCRT:dll_dllmain.obj
 0002:fffec000       __guard_fids_?dllmain_dispatch@@YAHQEAUHINSTANCE__@@KQEAX@Z 0000000180000000     MSVCRT:dll_dllmain.obj
 0000:00000000       _volmd                     0000000180000000     MSVCRT:gs_report.obj
 0000:00000000       _volmd                     0000000180000000     MSVCRT:gs_report.obj
 0000:00000000       _volmd                     0000000180000000     MSVCRT:gs_report.obj
 0002:fffec000       __guard_fids__             0000000180000000     MSVCRT:guard_support.obj
 0002:fffec000       __guard_fids__             0000000180000000     MSVCRT:guard_support.obj
 0002:fffec000       __guard_fids__guard_icall_checks_enforced 0000000180000000     MSVCRT:guard_support.obj
 0000:00000000       _volmd                     0000000180000000     MSVCRT:guard_support.obj
 0000:00000000       _volmd                     0000000180000000     MSVCRT:guard_support.obj
 0000:00000000       _volmd                     0000000180000000     MSVCRT:guard_support.obj
 0000:00000000       _volmd                     0000000180000000     MSVCRT:guard_support.obj
 0000:00000000       _volmd                     0000000180000000     MSVCRT:guard_support.obj
 0000:00000000       _volmd                     0000000180000000     MSVCRT:guard_support.obj
 0000:00000000       _volmd                     0000000180000000     MSVCRT:guard_support.obj
 0000:00000000       _volmd                     0000000180000000     MSVCRT:guard_support.obj
 0000:00000000       _volmd                     0000000180000000     MSVCRT:guard_support.obj
 0000:00000000       _volmd                     0000000180000000     MSVCRT:guard_support.obj
 0002:fffec000       __guard_ehcont___scrt_is_nonwritable_in_current_image 0000000180000000     MSVCRT:utility.obj
 0000:00000000       _volmd                     0000000180000000     MSVCRT:utility.obj
 0000:00000000       _volmd                     0000000180000000     MSVCRT:utility.obj
 0000:00000000       _volmd                     0000000180000000     MSVCRT:utility.obj
 0002:fffec000       __guard_fids___scrt_set_unhandled_exception_filter 0000000180000000     MSVCRT:utility_desktop.obj
 0000:00000000       _volmd                     0000000180000000     MSVCRT:utility_desktop.obj
 0002:fffec000       __guard_fids__             0000000180000000     vcruntime:softmemtag.obj
 0000:00000000       .debug$S                   0000000180000000     vcruntime:VCRUNTIME140.dll
 0000:00000000       .debug$S                   0000000180000000     vcruntime:VCRUNTIME140.dll
 0000:00000000       .debug$S                   0000000180000000     vcruntime:VCRUNTIME140.dll
 0000:00000000       .debug$S                   0000000180000000     vcruntime:VCRUNTIME140.dll
 0000:00000000       .debug$S                   0000000180000000     vcruntime:VCRUNTIME140.dll
 0000:00000000       .debug$S                   0000000180000000     vcruntime:VCRUNTIME140.dll
 0000:00000010       _volmd                     0000000180000010     Copy_of_MIL_Testing_cgxe_registry.obj
 0000:00000010       _volmd                     0000000180000010     m_wmkJqLmwrJT8vrNaddkR9E.obj
 0000:00000020       _volmd                     0000000180000020     Copy_of_MIL_Testing_cgxe_registry.obj
 0000:00000020       _volmd                     0000000180000020     m_wmkJqLmwrJT8vrNaddkR9E.obj
 0000:00000030       _volmd                     0000000180000030     Copy_of_MIL_Testing_cgxe_registry.obj
 0000:00000030       _volmd                     0000000180000030     m_wmkJqLmwrJT8vrNaddkR9E.obj
 0000:00000040       _volmd                     0000000180000040     Copy_of_MIL_Testing_cgxe_registry.obj
 0000:00000040       _volmd                     0000000180000040     m_wmkJqLmwrJT8vrNaddkR9E.obj
 0000:00000050       _volmd                     0000000180000050     Copy_of_MIL_Testing_cgxe_registry.obj
 0000:00000050       _volmd                     0000000180000050     m_wmkJqLmwrJT8vrNaddkR9E.obj
 0000:00000060       _volmd                     0000000180000060     Copy_of_MIL_Testing_cgxe_registry.obj
 0000:00000060       _volmd                     0000000180000060     m_wmkJqLmwrJT8vrNaddkR9E.obj
 0000:00000070       _volmd                     0000000180000070     Copy_of_MIL_Testing_cgxe_registry.obj
 0000:00000070       _volmd                     0000000180000070     m_wmkJqLmwrJT8vrNaddkR9E.obj
 0000:00000080       _volmd                     0000000180000080     Copy_of_MIL_Testing_cgxe_registry.obj
 0000:00000080       _volmd                     0000000180000080     m_wmkJqLmwrJT8vrNaddkR9E.obj
 0000:00000090       _volmd                     0000000180000090     Copy_of_MIL_Testing_cgxe_registry.obj
 0000:00000090       _volmd                     0000000180000090     m_wmkJqLmwrJT8vrNaddkR9E.obj
 0000:000000a0       _volmd                     00000001800000a0     Copy_of_MIL_Testing_cgxe_registry.obj
 0000:000000a0       _volmd                     00000001800000a0     m_wmkJqLmwrJT8vrNaddkR9E.obj
 0000:000000b0       _volmd                     00000001800000b0     Copy_of_MIL_Testing_cgxe_registry.obj
 0000:000000b0       _volmd                     00000001800000b0     m_wmkJqLmwrJT8vrNaddkR9E.obj
 0000:000000c0       _volmd                     00000001800000c0     Copy_of_MIL_Testing_cgxe_registry.obj
 0000:000000c0       _volmd                     00000001800000c0     m_wmkJqLmwrJT8vrNaddkR9E.obj
 0000:000000d0       _volmd                     00000001800000d0     Copy_of_MIL_Testing_cgxe_registry.obj
 0000:000000d0       _volmd                     00000001800000d0     m_wmkJqLmwrJT8vrNaddkR9E.obj
 0000:000000e0       _volmd                     00000001800000e0     Copy_of_MIL_Testing_cgxe_registry.obj
 0000:000000e0       _volmd                     00000001800000e0     m_wmkJqLmwrJT8vrNaddkR9E.obj
 0000:000000f0       _volmd                     00000001800000f0     m_wmkJqLmwrJT8vrNaddkR9E.obj
 0000:00000100       _volmd                     0000000180000100     m_wmkJqLmwrJT8vrNaddkR9E.obj
 0001:00000160       cgxe_mdl_start             0000000180001160 f   m_wmkJqLmwrJT8vrNaddkR9E.obj
 0001:00000200       cgxe_mdl_initialize        0000000180001200 f   m_wmkJqLmwrJT8vrNaddkR9E.obj
 0001:00000280       cgxe_mdl_outputs           0000000180001280 f   m_wmkJqLmwrJT8vrNaddkR9E.obj
 0001:00000450       cgxe_mdl_update            0000000180001450 f   m_wmkJqLmwrJT8vrNaddkR9E.obj
 0001:00000460       cgxe_mdl_derivative        0000000180001460 f   m_wmkJqLmwrJT8vrNaddkR9E.obj
 0001:00000470       cgxe_mdl_enable            0000000180001470 f   m_wmkJqLmwrJT8vrNaddkR9E.obj
 0001:00000480       cgxe_mdl_disable           0000000180001480 f   m_wmkJqLmwrJT8vrNaddkR9E.obj
 0001:00000490       cgxe_mdl_terminate         0000000180001490 f   m_wmkJqLmwrJT8vrNaddkR9E.obj
 0001:000004e0       mw__internal__system__init__fcn 00000001800014e0 f   m_wmkJqLmwrJT8vrNaddkR9E.obj
 0001:00000630       mw__internal__system__terminate__fcn 0000000180001630 f   m_wmkJqLmwrJT8vrNaddkR9E.obj
 0001:00000660       mw__internal__call__setup  0000000180001660 f   m_wmkJqLmwrJT8vrNaddkR9E.obj
 0001:00000850       SystemCore_setup           0000000180001850 f   m_wmkJqLmwrJT8vrNaddkR9E.obj
 0001:00002140       fgetl                      0000000180003140 f   m_wmkJqLmwrJT8vrNaddkR9E.obj
 0001:00002ba0       cfclose                    0000000180003ba0 f   m_wmkJqLmwrJT8vrNaddkR9E.obj
 0001:00002d80       b_sscanf                   0000000180003d80 f   m_wmkJqLmwrJT8vrNaddkR9E.obj
 0001:000034c0       cSscanf                    00000001800044c0 f   m_wmkJqLmwrJT8vrNaddkR9E.obj
 0001:00003dc0       callXscanfCeval            0000000180004dc0 f   m_wmkJqLmwrJT8vrNaddkR9E.obj
 0001:00003e50       indexShapeCheck            0000000180004e50 f   m_wmkJqLmwrJT8vrNaddkR9E.obj
 0001:00004140       b_indexShapeCheck          0000000180005140 f   m_wmkJqLmwrJT8vrNaddkR9E.obj
 0001:00004430       c_indexShapeCheck          0000000180005430 f   m_wmkJqLmwrJT8vrNaddkR9E.obj
 0001:00004720       d_indexShapeCheck          0000000180005720 f   m_wmkJqLmwrJT8vrNaddkR9E.obj
 0001:00004a10       mw__internal__call__reset  0000000180005a10 f   m_wmkJqLmwrJT8vrNaddkR9E.obj
 0001:00004e80       mw__internal__call__step   0000000180005e80 f   m_wmkJqLmwrJT8vrNaddkR9E.obj
 0001:00005280       emlrt_marshallIn           0000000180006280 f   m_wmkJqLmwrJT8vrNaddkR9E.obj
 0001:000052f0       b_emlrt_marshallIn         00000001800062f0 f   m_wmkJqLmwrJT8vrNaddkR9E.obj
 0001:00005340       c_emlrt_marshallIn         0000000180006340 f   m_wmkJqLmwrJT8vrNaddkR9E.obj
 0001:000053b0       d_emlrt_marshallIn         00000001800063b0 f   m_wmkJqLmwrJT8vrNaddkR9E.obj
 0001:00005400       e_emlrt_marshallIn         0000000180006400 f   m_wmkJqLmwrJT8vrNaddkR9E.obj
 0001:00005470       f_emlrt_marshallIn         0000000180006470 f   m_wmkJqLmwrJT8vrNaddkR9E.obj
 0001:000054c0       g_emlrt_marshallIn         00000001800064c0 f   m_wmkJqLmwrJT8vrNaddkR9E.obj
 0001:00005530       h_emlrt_marshallIn         0000000180006530 f   m_wmkJqLmwrJT8vrNaddkR9E.obj
 0001:00005580       emlrt_marshallOut          0000000180006580 f   m_wmkJqLmwrJT8vrNaddkR9E.obj
 0001:00005b50       cgxe_mdl_get_sim_state     0000000180006b50 f   m_wmkJqLmwrJT8vrNaddkR9E.obj
 0001:00005b90       i_emlrt_marshallIn         0000000180006b90 f   m_wmkJqLmwrJT8vrNaddkR9E.obj
 0001:00005c70       j_emlrt_marshallIn         0000000180006c70 f   m_wmkJqLmwrJT8vrNaddkR9E.obj
 0001:00005ce0       k_emlrt_marshallIn         0000000180006ce0 f   m_wmkJqLmwrJT8vrNaddkR9E.obj
 0001:00005f90       l_emlrt_marshallIn         0000000180006f90 f   m_wmkJqLmwrJT8vrNaddkR9E.obj
 0001:00005fe0       m_emlrt_marshallIn         0000000180006fe0 f   m_wmkJqLmwrJT8vrNaddkR9E.obj
 0001:00006030       n_emlrt_marshallIn         0000000180007030 f   m_wmkJqLmwrJT8vrNaddkR9E.obj
 0001:00006080       o_emlrt_marshallIn         0000000180007080 f   m_wmkJqLmwrJT8vrNaddkR9E.obj
 0001:000060d0       p_emlrt_marshallIn         00000001800070d0 f   m_wmkJqLmwrJT8vrNaddkR9E.obj
 0001:00006120       q_emlrt_marshallIn         0000000180007120 f   m_wmkJqLmwrJT8vrNaddkR9E.obj
 0001:00006190       r_emlrt_marshallIn         0000000180007190 f   m_wmkJqLmwrJT8vrNaddkR9E.obj
 0001:000061e0       cgxe_mdl_set_sim_state     00000001800071e0 f   m_wmkJqLmwrJT8vrNaddkR9E.obj
 0001:00006250       message                    0000000180007250 f   m_wmkJqLmwrJT8vrNaddkR9E.obj
 0001:000062f0       getString                  00000001800072f0 f   m_wmkJqLmwrJT8vrNaddkR9E.obj
 0001:00006360       error                      0000000180007360 f   m_wmkJqLmwrJT8vrNaddkR9E.obj
 0001:000063f0       feval                      00000001800073f0 f   m_wmkJqLmwrJT8vrNaddkR9E.obj
 0001:000064c0       b_feval                    00000001800074c0 f   m_wmkJqLmwrJT8vrNaddkR9E.obj
 0001:000065b0       c_feval                    00000001800075b0 f   m_wmkJqLmwrJT8vrNaddkR9E.obj
 0001:00006650       b_message                  0000000180007650 f   m_wmkJqLmwrJT8vrNaddkR9E.obj
 0001:000066c0       d_feval                    00000001800076c0 f   m_wmkJqLmwrJT8vrNaddkR9E.obj
 0001:00006790       isa                        0000000180007790 f   m_wmkJqLmwrJT8vrNaddkR9E.obj
 0001:00006830       reshape                    0000000180007830 f   m_wmkJqLmwrJT8vrNaddkR9E.obj
 0001:00006900       isempty                    0000000180007900 f   m_wmkJqLmwrJT8vrNaddkR9E.obj
 0001:00006970       b_not                      0000000180007970 f   m_wmkJqLmwrJT8vrNaddkR9E.obj
 0001:000069e0       coder_internal_ifWhileCondExtrinsic 00000001800079e0 f   m_wmkJqLmwrJT8vrNaddkR9E.obj
 0001:00006a50       logical                    0000000180007a50 f   m_wmkJqLmwrJT8vrNaddkR9E.obj
 0001:00006ac0       s_emlrt_marshallIn         0000000180007ac0 f   m_wmkJqLmwrJT8vrNaddkR9E.obj
 0001:00006b40       t_emlrt_marshallIn         0000000180007b40 f   m_wmkJqLmwrJT8vrNaddkR9E.obj
 0001:00006bc0       u_emlrt_marshallIn         0000000180007bc0 f   m_wmkJqLmwrJT8vrNaddkR9E.obj
 0001:00006cc0       v_emlrt_marshallIn         0000000180007cc0 f   m_wmkJqLmwrJT8vrNaddkR9E.obj
 0001:00006dc0       w_emlrt_marshallIn         0000000180007dc0 f   m_wmkJqLmwrJT8vrNaddkR9E.obj
 0001:00006e30       x_emlrt_marshallIn         0000000180007e30 f   m_wmkJqLmwrJT8vrNaddkR9E.obj
 0001:00006ef0       y_emlrt_marshallIn         0000000180007ef0 f   m_wmkJqLmwrJT8vrNaddkR9E.obj
 0001:00006fb0       ab_emlrt_marshallIn        0000000180007fb0 f   m_wmkJqLmwrJT8vrNaddkR9E.obj
 0001:00007070       bb_emlrt_marshallIn        0000000180008070 f   m_wmkJqLmwrJT8vrNaddkR9E.obj
 0001:00007130       b_callXscanfCeval          0000000180008130 f   m_wmkJqLmwrJT8vrNaddkR9E.obj
 0001:00007210       array_char_T_2D_SetSize    0000000180008210 f   m_wmkJqLmwrJT8vrNaddkR9E.obj
 0001:00007360       array_real_T_2D_SetSize    0000000180008360 f   m_wmkJqLmwrJT8vrNaddkR9E.obj
 0001:000074c0       array_char_T_2D_Constructor 00000001800084c0 f   m_wmkJqLmwrJT8vrNaddkR9E.obj
 0001:00007530       array_char_T_2D_Destructor 0000000180008530 f   m_wmkJqLmwrJT8vrNaddkR9E.obj
 0001:00007570       array_real_T_2D_Constructor 0000000180008570 f   m_wmkJqLmwrJT8vrNaddkR9E.obj
 0001:000075e0       array_real_T_2D_Destructor 00000001800085e0 f   m_wmkJqLmwrJT8vrNaddkR9E.obj
 0001:00007620       init_simulink_io_address   0000000180008620 f   m_wmkJqLmwrJT8vrNaddkR9E.obj
 0001:000076e0       mdlOutputs_wmkJqLmwrJT8vrNaddkR9E 00000001800086e0 f   m_wmkJqLmwrJT8vrNaddkR9E.obj
 0001:00007720       mdlInitialize_wmkJqLmwrJT8vrNaddkR9E 0000000180008720 f   m_wmkJqLmwrJT8vrNaddkR9E.obj
 0001:00007750       mdlUpdate_wmkJqLmwrJT8vrNaddkR9E 0000000180008750 f   m_wmkJqLmwrJT8vrNaddkR9E.obj
 0001:00007790       mdlDerivatives_wmkJqLmwrJT8vrNaddkR9E 0000000180008790 f   m_wmkJqLmwrJT8vrNaddkR9E.obj
 0001:000077c0       getSimState_wmkJqLmwrJT8vrNaddkR9E 00000001800087c0 f   m_wmkJqLmwrJT8vrNaddkR9E.obj
 0001:00007800       setSimState_wmkJqLmwrJT8vrNaddkR9E 0000000180008800 f   m_wmkJqLmwrJT8vrNaddkR9E.obj
 0001:00007840       mdlTerminate_wmkJqLmwrJT8vrNaddkR9E 0000000180008840 f   m_wmkJqLmwrJT8vrNaddkR9E.obj
[...]
 0003:00002bf0       $SG20992                   0000000180019bf0     m_wmkJqLmwrJT8vrNaddkR9E.obj
 0003:00002c08       $SG20993                   0000000180019c08     m_wmkJqLmwrJT8vrNaddkR9E.obj
 0003:00002c20       $SG20994                   0000000180019c20     m_wmkJqLmwrJT8vrNaddkR9E.obj
 0003:00002c38       $SG17900                   0000000180019c38     Copy_of_MIL_Testing_cgxe_registry.obj
 0003:00002c68       $SG17904                   0000000180019c68     Copy_of_MIL_Testing_cgxe_registry.obj
 0003:00002ca8       $SG17909                   0000000180019ca8     Copy_of_MIL_Testing_cgxe_registry.obj
 0003:00002ce0       $SG17914                   0000000180019ce0     Copy_of_MIL_Testing_cgxe_registry.obj
 0003:00002d18       $SG17918                   0000000180019d18     Copy_of_MIL_Testing_cgxe_registry.obj
 0003:00002d50       $SG17955                   0000000180019d50     Copy_of_MIL_Testing_cgxe_registry.obj
 0003:00002d58       $SG17957                   0000000180019d58     Copy_of_MIL_Testing_cgxe_registry.obj
 0003:00002d60       $SG17959                   0000000180019d60     Copy_of_MIL_Testing_cgxe_registry.obj
 0003:00002d6c       $SG17961                   0000000180019d6c     Copy_of_MIL_Testing_cgxe_registry.obj
 0003:00002d78       $SG17963                   0000000180019d78     Copy_of_MIL_Testing_cgxe_registry.obj
 0003:00002d80       $SG17964                   0000000180019d80     Copy_of_MIL_Testing_cgxe_registry.obj
 0003:00002d88       $SG17965                   0000000180019d88     Copy_of_MIL_Testing_cgxe_registry.obj
 0003:00002d90       $SG17966                   0000000180019d90     Copy_of_MIL_Testing_cgxe_registry.obj
 0003:00002d9c       $SG17967                   0000000180019d9c     Copy_of_MIL_Testing_cgxe_registry.obj
 0003:00002da8       $SG17968                   0000000180019da8     Copy_of_MIL_Testing_cgxe_registry.obj
 0003:00002db0       $SG18004                   0000000180019db0     Copy_of_MIL_Testing_cgxe_registry.obj
 0003:00002de0       $SG18015                   0000000180019de0     Copy_of_MIL_Testing_cgxe_registry.obj
 0003:00002e10       $SG18029                   0000000180019e10     Copy_of_MIL_Testing_cgxe_registry.obj
 0003:00002e28       $SG18043                   0000000180019e28     Copy_of_MIL_Testing_cgxe_registry.obj
 0003:00002e40       $SG18057                   0000000180019e40     Copy_of_MIL_Testing_cgxe_registry.obj
 0003:00002e50       $SG18059                   0000000180019e50     Copy_of_MIL_Testing_cgxe_registry.obj
 0003:00002e60       $SG18061                   0000000180019e60     Copy_of_MIL_Testing_cgxe_registry.obj
 0003:00002e70       $SG18063                   0000000180019e70     Copy_of_MIL_Testing_cgxe_registry.obj
 0003:00002e80       $SG18065                   0000000180019e80     Copy_of_MIL_Testing_cgxe_registry.obj
 0003:00002e98       $SG18067                   0000000180019e98     Copy_of_MIL_Testing_cgxe_registry.obj
 0003:00002eb0       $SG18078                   0000000180019eb0     Copy_of_MIL_Testing_cgxe_registry.obj
 0003:00002ed8       _sfcnName                  0000000180019ed8     Copy_of_MIL_Testing_cgxe_registry.obj
 0003:00002f10       $SG18093                   0000000180019f10     Copy_of_MIL_Testing_cgxe_registry.obj
 0003:00002f90       $SG18097                   0000000180019f90     Copy_of_MIL_Testing_cgxe_registry.obj
 0003:00003008       $SG18402                   000000018001a008     Copy_of_MIL_Testing_cgxe_registry.obj
 0003:00003028       $SG18403                   000000018001a028     Copy_of_MIL_Testing_cgxe_registry.obj
 0003:00003048       $SG18415                   000000018001a048     Copy_of_MIL_Testing_cgxe_registry.obj
 0003:00003058       $SG18551                   000000018001a058     Copy_of_MIL_Testing_cgxe_registry.obj
 0003:00003098       $SG18552                   000000018001a098     Copy_of_MIL_Testing_cgxe_registry.obj
 0003:000030a8       $SG18553                   000000018001a0a8     Copy_of_MIL_Testing_cgxe_registry.obj
 0003:000030b0       $SG18557                   000000018001a0b0     Copy_of_MIL_Testing_cgxe_registry.obj
 0003:000030f8       $SG18558                   000000018001a0f8     Copy_of_MIL_Testing_cgxe_registry.obj
 0003:00003108       $SG18559                   000000018001a108     Copy_of_MIL_Testing_cgxe_registry.obj
 0003:00003110       $SG18560                   000000018001a110     Copy_of_MIL_Testing_cgxe_registry.obj
 0003:00003168       $SG18561                   000000018001a168     Copy_of_MIL_Testing_cgxe_registry.obj
 0003:00003178       $SG18562                   000000018001a178     Copy_of_MIL_Testing_cgxe_registry.obj
 0003:00003180       $SG18582                   000000018001a180     Copy_of_MIL_Testing_cgxe_registry.obj
 0003:000031c0       $SG18583                   000000018001a1c0     Copy_of_MIL_Testing_cgxe_registry.obj
 0003:000031d0       $SG18584                   000000018001a1d0     Copy_of_MIL_Testing_cgxe_registry.obj
 0003:000031e0       $SG18588                   000000018001a1e0     Copy_of_MIL_Testing_cgxe_registry.obj
 0003:00003228       $SG18589                   000000018001a228     Copy_of_MIL_Testing_cgxe_registry.obj
 0003:00003238       $SG18590                   000000018001a238     Copy_of_MIL_Testing_cgxe_registry.obj
 0003:00003240       $SG18591                   000000018001a240     Copy_of_MIL_Testing_cgxe_registry.obj
 0003:00003298       $SG18592                   000000018001a298     Copy_of_MIL_Testing_cgxe_registry.obj
 0003:000032a8       $SG18593                   000000018001a2a8     Copy_of_MIL_Testing_cgxe_registry.obj
 0003:000032b0       $SG18612                   000000018001a2b0     Copy_of_MIL_Testing_cgxe_registry.obj
 0003:00003300       $SG18613                   000000018001a300     Copy_of_MIL_Testing_cgxe_registry.obj
 0003:00003310       $SG18614                   000000018001a310     Copy_of_MIL_Testing_cgxe_registry.obj
 0003:00003320       $SG18623                   000000018001a320     Copy_of_MIL_Testing_cgxe_registry.obj
 0003:00003380       $SG18624                   000000018001a380     Copy_of_MIL_Testing_cgxe_registry.obj
 0003:00003388       $SG18625                   000000018001a388     Copy_of_MIL_Testing_cgxe_registry.obj
 0003:00003390       $SG18634                   000000018001a390     Copy_of_MIL_Testing_cgxe_registry.obj
 0003:000033f0       $SG18635                   000000018001a3f0     Copy_of_MIL_Testing_cgxe_registry.obj
 0003:000033f8       $SG18636                   000000018001a3f8     Copy_of_MIL_Testing_cgxe_registry.obj
 0003:00003400       $SG18942                   000000018001a400     Copy_of_MIL_Testing_cgxe_registry.obj
 0003:00003480       $SG18945                   000000018001a480     Copy_of_MIL_Testing_cgxe_registry.obj
 0003:00003500       $SG18950                   000000018001a500     Copy_of_MIL_Testing_cgxe_registry.obj
 0003:00003580       $SG18958                   000000018001a580     Copy_of_MIL_Testing_cgxe_registry.obj
 0003:000035f0       $SG19231                   000000018001a5f0     Copy_of_MIL_Testing_cgxe_registry.obj
 0003:00003670       $SG19236                   000000018001a670     Copy_of_MIL_Testing_cgxe_registry.obj
 0003:000036e8       $SG19560                   000000018001a6e8     Copy_of_MIL_Testing_cgxe_registry.obj
 0003:00003700       $SG19573                   000000018001a700     Copy_of_MIL_Testing_cgxe_registry.obj
 0003:00003778       $SG19576                   000000018001a778     Copy_of_MIL_Testing_cgxe_registry.obj
 0003:0000377c       $SG19628                   000000018001a77c     Copy_of_MIL_Testing_cgxe_registry.obj
 0003:00003784       $SG19629                   000000018001a784     Copy_of_MIL_Testing_cgxe_registry.obj
 0003:0000378c       $SG19630                   000000018001a78c     Copy_of_MIL_Testing_cgxe_registry.obj
 0003:000037a0       $SG19631                   000000018001a7a0     Copy_of_MIL_Testing_cgxe_registry.obj
 0003:00003820       $SG19633                   000000018001a820     Copy_of_MIL_Testing_cgxe_registry.obj
 0003:0000389c       $SG19636                   000000018001a89c     Copy_of_MIL_Testing_cgxe_registry.obj
 0003:000038a4       $SG19639                   000000018001a8a4     Copy_of_MIL_Testing_cgxe_registry.obj
 0003:000038ac       $SG19642                   000000018001a8ac     Copy_of_MIL_Testing_cgxe_registry.obj
 0003:000038c0       $SG19643                   000000018001a8c0     Copy_of_MIL_Testing_cgxe_registry.obj
 0003:00003940       $SG19644                   000000018001a940     Copy_of_MIL_Testing_cgxe_registry.obj
 0003:00003950       $SG19646                   000000018001a950     Copy_of_MIL_Testing_cgxe_registry.obj
 0003:0000395c       $SG19648                   000000018001a95c     Copy_of_MIL_Testing_cgxe_registry.obj
 0003:00003964       $SG19650                   000000018001a964     Copy_of_MIL_Testing_cgxe_registry.obj
 0003:00003970       $SG19652                   000000018001a970     Copy_of_MIL_Testing_cgxe_registry.obj
 0003:0000397c       $SG19654                   000000018001a97c     Copy_of_MIL_Testing_cgxe_registry.obj
 0003:00003980       $SG19657                   000000018001a980     Copy_of_MIL_Testing_cgxe_registry.obj
 0003:00003a68       $SG19767                   000000018001aa68     Copy_of_MIL_Testing_cgxe_registry.obj
 0003:00003a98       $SG19768                   000000018001aa98     Copy_of_MIL_Testing_cgxe_registry.obj
 0003:00003aa8       $SG19769                   000000018001aaa8     Copy_of_MIL_Testing_cgxe_registry.obj
 0003:00003ab0       $SG19771                   000000018001aab0     Copy_of_MIL_Testing_cgxe_registry.obj
 0003:00003ae8       $SG19772                   000000018001aae8     Copy_of_MIL_Testing_cgxe_registry.obj
 0003:00003af8       $SG19773                   000000018001aaf8     Copy_of_MIL_Testing_cgxe_registry.obj
 0003:00003b00       $SG19776                   000000018001ab00     Copy_of_MIL_Testing_cgxe_registry.obj
 0003:00003b38       $SG19777                   000000018001ab38     Copy_of_MIL_Testing_cgxe_registry.obj
 0003:00003b48       $SG19778                   000000018001ab48     Copy_of_MIL_Testing_cgxe_registry.obj
 0003:00003b50       $SG19780                   000000018001ab50     Copy_of_MIL_Testing_cgxe_registry.obj
 0003:00003b88       $SG19781                   000000018001ab88     Copy_of_MIL_Testing_cgxe_registry.obj
 0003:00003b98       $SG19782                   000000018001ab98     Copy_of_MIL_Testing_cgxe_registry.obj
 0003:00003ba0       $SG19784                   000000018001aba0     Copy_of_MIL_Testing_cgxe_registry.obj
 0003:00003bd8       $SG19785                   000000018001abd8     Copy_of_MIL_Testing_cgxe_registry.obj
 0003:00003be8       $SG19786                   000000018001abe8     Copy_of_MIL_Testing_cgxe_registry.obj
 0003:00003bf0       $SG19789                   000000018001abf0     Copy_of_MIL_Testing_cgxe_registry.obj
 0003:00003c10       $SG19791                   000000018001ac10     Copy_of_MIL_Testing_cgxe_registry.obj
 0003:00003c28       $SG19792                   000000018001ac28     Copy_of_MIL_Testing_cgxe_registry.obj
 0003:00003c60       $SG19793                   000000018001ac60     Copy_of_MIL_Testing_cgxe_registry.obj
 0003:00003c70       $SG19794                   000000018001ac70     Copy_of_MIL_Testing_cgxe_registry.obj
 0003:00003c78       $SG19925                   000000018001ac78     Copy_of_MIL_Testing_cgxe_registry.obj
 0003:00003ca0       $SG19926                   000000018001aca0     Copy_of_MIL_Testing_cgxe_registry.obj
 0003:00003d30       $SG19932                   000000018001ad30     Copy_of_MIL_Testing_cgxe_registry.obj
 0003:00003d50       $SG19933                   000000018001ad50     Copy_of_MIL_Testing_cgxe_registry.obj
 0003:00003de0       $SG19939                   000000018001ade0     Copy_of_MIL_Testing_cgxe_registry.obj
 0003:00003e00       $SG19940                   000000018001ae00     Copy_of_MIL_Testing_cgxe_registry.obj
 0003:00003e90       $SG19946                   000000018001ae90     Copy_of_MIL_Testing_cgxe_registry.obj
 0003:00003eb0       $SG19947                   000000018001aeb0     Copy_of_MIL_Testing_cgxe_registry.obj
 0003:00003f40       $SG19953                   000000018001af40     Copy_of_MIL_Testing_cgxe_registry.obj
 0003:00003f60       $SG19954                   000000018001af60     Copy_of_MIL_Testing_cgxe_registry.obj
 0003:00003ff0       $SG19958                   000000018001aff0     Copy_of_MIL_Testing_cgxe_registry.obj
 0003:00004010       $SG19959                   000000018001b010     Copy_of_MIL_Testing_cgxe_registry.obj
 0003:000040a0       $SG19963                   000000018001b0a0     Copy_of_MIL_Testing_cgxe_registry.obj
 0003:000040d0       $SG19964                   000000018001b0d0     Copy_of_MIL_Testing_cgxe_registry.obj
 0003:00004160       $SG19968                   000000018001b160     Copy_of_MIL_Testing_cgxe_registry.obj
 0003:00004190       $SG19969                   000000018001b190     Copy_of_MIL_Testing_cgxe_registry.obj
 0003:00004220       $SG19973                   000000018001b220     Copy_of_MIL_Testing_cgxe_registry.obj
 0003:00004240       $SG19974                   000000018001b240     Copy_of_MIL_Testing_cgxe_registry.obj
 0003:000042d0       $SG19978                   000000018001b2d0     Copy_of_MIL_Testing_cgxe_registry.obj
 0003:000042f0       $SG19979                   000000018001b2f0     Copy_of_MIL_Testing_cgxe_registry.obj
 0003:00004380       $SG19983                   000000018001b380     Copy_of_MIL_Testing_cgxe_registry.obj
 0003:000043a0       $SG19984                   000000018001b3a0     Copy_of_MIL_Testing_cgxe_registry.obj
 0003:00004430       $SG19988                   000000018001b430     Copy_of_MIL_Testing_cgxe_registry.obj
 0003:00004450       $SG19989                   000000018001b450     Copy_of_MIL_Testing_cgxe_registry.obj
 0003:000044e0       $SG19993                   000000018001b4e0     Copy_of_MIL_Testing_cgxe_registry.obj
 0003:00004500       $SG19994                   000000018001b500     Copy_of_MIL_Testing_cgxe_registry.obj
 0003:00004590       $SG19998                   000000018001b590     Copy_of_MIL_Testing_cgxe_registry.obj
 0003:000045b0       $SG19999                   000000018001b5b0     Copy_of_MIL_Testing_cgxe_registry.obj
 0003:00004640       $SG20003                   000000018001b640     Copy_of_MIL_Testing_cgxe_registry.obj
 0003:00004660       $SG20004                   000000018001b660     Copy_of_MIL_Testing_cgxe_registry.obj
 0003:000046f0       $SG20008                   000000018001b6f0     Copy_of_MIL_Testing_cgxe_registry.obj
 0003:00004710       $SG20009                   000000018001b710     Copy_of_MIL_Testing_cgxe_registry.obj
 0003:000047a0       $SG20013                   000000018001b7a0     Copy_of_MIL_Testing_cgxe_registry.obj
 0003:000047c0       $SG20014                   000000018001b7c0     Copy_of_MIL_Testing_cgxe_registry.obj
 0003:00004850       $SG20019                   000000018001b850     Copy_of_MIL_Testing_cgxe_registry.obj
 0003:00004870       $SG20020                   000000018001b870     Copy_of_MIL_Testing_cgxe_registry.obj
 0003:00004900       $SG20025                   000000018001b900     Copy_of_MIL_Testing_cgxe_registry.obj
 0003:00004920       $SG20026                   000000018001b920     Copy_of_MIL_Testing_cgxe_registry.obj
 0003:000049b0       $SG20030                   000000018001b9b0     Copy_of_MIL_Testing_cgxe_registry.obj
 0003:000049c0       $SG20031                   000000018001b9c0     Copy_of_MIL_Testing_cgxe_registry.obj
 0003:00004a50       $SG20035                   000000018001ba50     Copy_of_MIL_Testing_cgxe_registry.obj
 0003:00004a70       $SG20036                   000000018001ba70     Copy_of_MIL_Testing_cgxe_registry.obj
 0003:00004b00       $SG20044                   000000018001bb00     Copy_of_MIL_Testing_cgxe_registry.obj
 0003:00004b10       $SG20045                   000000018001bb10     Copy_of_MIL_Testing_cgxe_registry.obj
 0003:00004ba0       $SG20049                   000000018001bba0     Copy_of_MIL_Testing_cgxe_registry.obj
 0003:00004c20       $SG20051                   000000018001bc20     Copy_of_MIL_Testing_cgxe_registry.obj
 0003:00004ca0       $SG20055                   000000018001bca0     Copy_of_MIL_Testing_cgxe_registry.obj
 0003:00004d20       $SG20078                   000000018001bd20     Copy_of_MIL_Testing_cgxe_registry.obj
 0003:00004e38       $SG20086                   000000018001be38     Copy_of_MIL_Testing_cgxe_registry.obj
 0003:00004e48       $SG20093                   000000018001be48     Copy_of_MIL_Testing_cgxe_registry.obj
 0003:00004e58       $SG20101                   000000018001be58     Copy_of_MIL_Testing_cgxe_registry.obj
 0003:00004e68       $SG20108                   000000018001be68     Copy_of_MIL_Testing_cgxe_registry.obj
 0003:00004e78       $SG20116                   000000018001be78     Copy_of_MIL_Testing_cgxe_registry.obj
 0003:00004e88       $SG20123                   000000018001be88     Copy_of_MIL_Testing_cgxe_registry.obj
 0003:00004e98       $SG20129                   000000018001be98     Copy_of_MIL_Testing_cgxe_registry.obj
 0003:00004eb8       $SG20139                   000000018001beb8     Copy_of_MIL_Testing_cgxe_registry.obj
 0003:00004ee8       $SG20140                   000000018001bee8     Copy_of_MIL_Testing_cgxe_registry.obj
 0003:00004ef0       $SG20141                   000000018001bef0     Copy_of_MIL_Testing_cgxe_registry.obj
 0003:00004ef8       $SG20151                   000000018001bef8     Copy_of_MIL_Testing_cgxe_registry.obj
 0003:00004f30       $SG20152                   000000018001bf30     Copy_of_MIL_Testing_cgxe_registry.obj
 0003:00004f38       $SG20153                   000000018001bf38     Copy_of_MIL_Testing_cgxe_registry.obj
 0003:00004fc0       $SG18936                   000000018001bfc0     m_wmkJqLmwrJT8vrNaddkR9E.obj
 0003:00004fc1       $SG18937                   000000018001bfc1     m_wmkJqLmwrJT8vrNaddkR9E.obj
 0003:00004fc2       $SG18939                   000000018001bfc2     m_wmkJqLmwrJT8vrNaddkR9E.obj
 0003:00004fc3       $SG18940                   000000018001bfc3     m_wmkJqLmwrJT8vrNaddkR9E.obj
 0003:00004fc4       $SG19008                   000000018001bfc4     m_wmkJqLmwrJT8vrNaddkR9E.obj
 0003:00004fc5       $SG19009                   000000018001bfc5     m_wmkJqLmwrJT8vrNaddkR9E.obj
 0003:00004fc6       $SG19011                   000000018001bfc6     m_wmkJqLmwrJT8vrNaddkR9E.obj
 0003:00004fc7       $SG19012                   000000018001bfc7     m_wmkJqLmwrJT8vrNaddkR9E.obj
 0003:00004fc8       $SG20980                   000000018001bfc8     m_wmkJqLmwrJT8vrNaddkR9E.obj
 0003:00004fc9       $SG20981                   000000018001bfc9     m_wmkJqLmwrJT8vrNaddkR9E.obj
 0003:00004fcc       $SG19624                   000000018001bfcc     Copy_of_MIL_Testing_cgxe_registry.obj
 0003:00004fce       ?warningGuard@?1??ssGetRootSS@@9@9 000000018001bfce     Copy_of_MIL_Testing_cgxe_registry.obj
 0003:00004fcf       ?warningGuard@?1??ssGetParentSS@@9@9 000000018001bfcf     Copy_of_MIL_Testing_cgxe_registry.obj
 0003:00004fd0       GS_ExceptionRecord         000000018001bfd0     MSVCRT:gs_report.obj
 0003:00005070       GS_ContextRecord           000000018001c070     MSVCRT:gs_report.obj
 0003:00005540       ?__proc_attached@@3HA      000000018001c540     MSVCRT:dll_dllmain.obj
 0003:00005580       ?is_initialized_as_dll@@3_NA 000000018001c580     MSVCRT:utility.obj
 0003:00005581       ?module_local_atexit_table_initialized@@3_NA 000000018001c581     MSVCRT:utility.obj
 0003:00005588       ?module_local_atexit_table@@3U_onexit_table_t@@A 000000018001c588     MSVCRT:utility.obj
 0003:000055a0       ?module_local_at_quick_exit_table@@3U_onexit_table_t@@A 000000018001c5a0     MSVCRT:utility.obj
