 untitled_cgxe

 Timestamp is 69a2bfab (Sat Feb 28 12:12:59 2026)

 Preferred load address is 0000000180000000

 Start         Length     Name                   Class
 0001:00000000 00010710H .text$mn                CODE
 0001:00010710 00000036H .text$mn$00             CODE
 0001:00010746 00000092H .text$x                 CODE
 0002:00000000 000003d8H .idata$5                DATA
 0002:000003d8 00000038H .00cfg                  DATA
 0002:00000410 00000008H .CRT$XCA                DATA
 0002:00000418 00000008H .CRT$XCZ                DATA
 0002:00000420 00000008H .CRT$XIA                DATA
 0002:00000428 00000008H .CRT$XIZ                DATA
 0002:00000430 00000008H .CRT$XPA                DATA
 0002:00000438 00000008H .CRT$XPZ                DATA
 0002:00000440 00000008H .CRT$XTA                DATA
 0002:00000448 00000008H .CRT$XTZ                DATA
 0002:00000450 00000000H .gehcont$y              DATA
 0002:00000450 00000000H .gfids$y                DATA
 0002:00000450 000003b0H .rdata                  DATA
 0002:00000800 00000080H .rdata$CastGuardVftablesA DATA
 0002:00000880 00000080H .rdata$CastGuardVftablesC DATA
 0002:00000900 00000178H .rdata$voltmd           DATA
 0002:00000a78 00000278H .rdata$zzzdbg           DATA
 0002:00000cf0 00000008H .rtc$IAA                DATA
 0002:00000cf8 00000008H .rtc$IZZ                DATA
 0002:00000d00 00000008H .rtc$TAA                DATA
 0002:00000d08 00000008H .rtc$TZZ                DATA
 0002:00000d10 000009a0H .xdata                  DATA
 0002:000016b0 00000078H .edata                  DATA
 0002:00001728 000000f0H .idata$2                DATA
 0002:00001818 00000018H .idata$3                DATA
 0002:00001830 000003d8H .idata$4                DATA
 0002:00001c08 00000a2aH .idata$6                DATA
 0003:00000000 00004840H .data                   DATA
 0003:00004840 00000628H .bss                    DATA
 0004:00000000 00000b94H .pdata                  DATA

  Address         Publics by Value              Rva+Base               Lib:Object

 0000:00000000       __AbsoluteZero             0000000000000000     <absolute>
 0000:00000000       ___safe_se_handler_count   0000000000000000     <absolute>
 0000:00000000       ___safe_se_handler_table   0000000000000000     <absolute>
 0000:00000000       __arm64x_extra_rfe_table   0000000000000000     <absolute>
 0000:00000000       __arm64x_extra_rfe_table_size 0000000000000000     <absolute>
 0000:00000000       __arm64x_native_entrypoint 0000000000000000     <absolute>
 0000:00000000       __arm64x_redirection_metadata 0000000000000000     <absolute>
 0000:00000000       __arm64x_redirection_metadata_count 0000000000000000     <absolute>
 0000:00000000       __dynamic_value_reloc_table 0000000000000000     <absolute>
 0000:00000000       __enclave_config           0000000000000000     <absolute>
 0000:00000000       __guard_check_icall_a64n_fptr 0000000000000000     <absolute>
 0000:00000000       __guard_eh_cont_count      0000000000000000     <absolute>
 0000:00000000       __guard_eh_cont_table      0000000000000000     <absolute>
 0000:00000000       __guard_fids_count         0000000000000000     <absolute>
 0000:00000000       __guard_fids_table         0000000000000000     <absolute>
 0000:00000000       __guard_iat_count          0000000000000000     <absolute>
 0000:00000000       __guard_iat_table          0000000000000000     <absolute>
 0000:00000000       __guard_longjmp_count      0000000000000000     <absolute>
 0000:00000000       __guard_longjmp_table      0000000000000000     <absolute>
 0000:00000000       __hybrid_auxiliary_delayload_iat 0000000000000000     <absolute>
 0000:00000000       __hybrid_auxiliary_delayload_iat_copy 0000000000000000     <absolute>
 0000:00000000       __hybrid_auxiliary_iat     0000000000000000     <absolute>
 0000:00000000       __hybrid_auxiliary_iat_copy 0000000000000000     <absolute>
 0000:00000000       __hybrid_code_map          0000000000000000     <absolute>
 0000:00000000       __hybrid_code_map_count    0000000000000000     <absolute>
 0000:00000000       __hybrid_image_info_bitfield 0000000000000000     <absolute>
 0000:00000000       __x64_code_ranges_to_entry_points 0000000000000000     <absolute>
 0000:00000000       __x64_code_ranges_to_entry_points_count 0000000000000000     <absolute>
 0000:00000100       __guard_flags              0000000000000100     <absolute>
 0000:00000000       __ImageBase                0000000180000000     <linker-defined>
 0001:00000000       mexfilerequiredapiversion  0000000180001000 f   c_mexapi_version.obj
 0001:00000030       cgxe_untitled_method_dispatcher 0000000180001030 f   untitled_cgxe.obj
 0001:000000d0       method_dispatcher_8jYMx9efrgtc36jH0VsYrE 00000001800010d0 f   m_8jYMx9efrgtc36jH0VsYrE.obj
 0001:00005df0       cgxe_8jYMx9efrgtc36jH0VsYrE_BuildInfoUpdate 0000000180006df0 f   m_8jYMx9efrgtc36jH0VsYrE.obj
 0001:00006090       cgxe_8jYMx9efrgtc36jH0VsYrE_fallback_info 0000000180007090 f   m_8jYMx9efrgtc36jH0VsYrE.obj
 0001:00006130       __local_stdio_scanf_options 0000000180007130 f i m_8jYMx9efrgtc36jH0VsYrE.obj
 0001:00006140       _vsscanf_l                 0000000180007140 f i m_8jYMx9efrgtc36jH0VsYrE.obj
 0001:00006190       sscanf                     0000000180007190 f i m_8jYMx9efrgtc36jH0VsYrE.obj
 0001:000061e0       mexFunction                00000001800071e0 f   untitled_cgxe_registry.obj
 0001:000080a0       _ssSetInputPortDirectFeedThroughFcn 00000001800090a0 f   untitled_cgxe_registry.obj
 0001:00008210       _ssSetRWorkValueFcn        0000000180009210 f   untitled_cgxe_registry.obj
 0001:00008290       _ssGetRWorkValueFcn        0000000180009290 f   untitled_cgxe_registry.obj
 0001:00008300       _ssSetIWorkValueFcn        0000000180009300 f   untitled_cgxe_registry.obj
 0001:00008380       _ssGetIWorkValueFcn        0000000180009380 f   untitled_cgxe_registry.obj
 0001:000083f0       _ssSetPWorkValueFcn        00000001800093f0 f   untitled_cgxe_registry.obj
 0001:00008470       _ssGetPWorkValueFcn        0000000180009470 f   untitled_cgxe_registry.obj
 0001:000084e0       _ssGetInputPortSignalFcn   00000001800094e0 f   untitled_cgxe_registry.obj
 0001:00008870       _ssGetInputPortBufferDstPortFcn 0000000180009870 f   untitled_cgxe_registry.obj
 0001:000088f0       _ssGetInputPortSignalPtrsFcn 00000001800098f0 f   untitled_cgxe_registry.obj
 0001:00008c80       ssGetParameterTuningCompliance 0000000180009c80 f   untitled_cgxe_registry.obj
 0001:00008cf0       _ssReadInputStringFcn      0000000180009cf0 f   untitled_cgxe_registry.obj
 0001:00008d60       ssGetDTypeIdFromMxArray    0000000180009d60 f   untitled_cgxe_registry.obj
 0001:00008e80       ssWriteRTWMx2dMatParam     0000000180009e80 f   untitled_cgxe_registry.obj
 0001:00008f10       ssWriteRTWMxVectParam      0000000180009f10 f   untitled_cgxe_registry.obj
 0001:00008f90       ssWriteRTWParameters       0000000180009f90 f   untitled_cgxe_registry.obj
 0001:00009550       ssWriteRTWParamSettings    000000018000a550 f   untitled_cgxe_registry.obj
 0001:00009c40       ssWriteRTWStr              000000018000ac40 f   untitled_cgxe_registry.obj
 0001:00009ca0       ssWriteRTWWorkVect         000000018000aca0 f   untitled_cgxe_registry.obj
 0001:0000a200       ssWarning                  000000018000b200 f   untitled_cgxe_registry.obj
 0001:0000a2f0       ssGetRootSS                000000018000b2f0 f   untitled_cgxe_registry.obj
 0001:0000a3b0       ssGetParentSS              000000018000b3b0 f   untitled_cgxe_registry.obj
 0001:0000a470       ssWriteRTWNameValuePair    000000018000b470 f   untitled_cgxe_registry.obj
 0001:0000a970       _ssSetInputPortMatrixDimensions 000000018000b970 f   untitled_cgxe_registry.obj
 0001:0000aac0       _ssSetOutputPortMatrixDimensions 000000018000bac0 f   untitled_cgxe_registry.obj
 0001:0000ac10       _ssSetInputPortVectorDimension 000000018000bc10 f   untitled_cgxe_registry.obj
 0001:0000acc0       _ssSetOutputPortVectorDimension 000000018000bcc0 f   untitled_cgxe_registry.obj
 0001:0000ad70       ssIsRunTimeParamTunable    000000018000bd70 f   untitled_cgxe_registry.obj
 0001:0000ade0       ssGetSFuncBlockHandle      000000018000bde0 f   untitled_cgxe_registry.obj
 0001:0000ae50       _ssGetCallSystemNumFcnCallDestinations 000000018000be50 f   untitled_cgxe_registry.obj
 0001:0000aec0       _ssGetCurrentInputPortWidth 000000018000bec0 f   untitled_cgxe_registry.obj
 0001:0000b000       _ssGetCurrentOutputPortWidth 000000018000c000 f   untitled_cgxe_registry.obj
 0001:0000b140       ssGetIsZeroCrossControlDisabled 000000018000c140 f   untitled_cgxe_registry.obj
 0001:0000b1b0       ssSetIsInputPortUsedForContZcSignal 000000018000c1b0 f   untitled_cgxe_registry.obj
 0001:0000b220       ssSetZcSignalIsZcElementDisc 000000018000c220 f   untitled_cgxe_registry.obj
 0001:0000b2d0       ssSetZcSignalName          000000018000c2d0 f   untitled_cgxe_registry.obj
 0001:0000b340       ssSetZcSignalWidth         000000018000c340 f   untitled_cgxe_registry.obj
 0001:0000b3b0       ssSetZcSignalZcEventType   000000018000c3b0 f   untitled_cgxe_registry.obj
 0001:0000b420       ssSetZcSignalType          000000018000c420 f   untitled_cgxe_registry.obj
 0001:0000b490       ssSetZcSignalZcTol         000000018000c490 f   untitled_cgxe_registry.obj
 0001:0000b500       ssSetZcSignalNeedsEventNotification 000000018000c500 f   untitled_cgxe_registry.obj
 0001:0000b570       ssCreateAndAddZcSignalInfo 000000018000c570 f   untitled_cgxe_registry.obj
 0001:0000b5e0       ssCloneAndAddZcSignalInfo  000000018000c5e0 f   untitled_cgxe_registry.obj
 0001:0000b650       ssGetNumZcSignals          000000018000c650 f   untitled_cgxe_registry.obj
 0001:0000b6c0       ssGetZcSignalVector        000000018000c6c0 f   untitled_cgxe_registry.obj
 0001:0000b730       ssGetZcSignalName          000000018000c730 f   untitled_cgxe_registry.obj
 0001:0000b7a0       ssGetZcSignalWidth         000000018000c7a0 f   untitled_cgxe_registry.obj
 0001:0000b810       ssGetZcSignalZcEventType   000000018000c810 f   untitled_cgxe_registry.obj
 0001:0000b880       ssGetZcSignalZcEvents      000000018000c880 f   untitled_cgxe_registry.obj
 0001:0000b8f0       ssGetZcSignalType          000000018000c8f0 f   untitled_cgxe_registry.obj
 0001:0000b960       ssGetZcSignalZcTol         000000018000c960 f   untitled_cgxe_registry.obj
 0001:0000b9e0       ssGetZcSignalNeedsEventNotification 000000018000c9e0 f   untitled_cgxe_registry.obj
 0001:0000ba50       ssGetZcSignalIsZcElementDisc 000000018000ca50 f   untitled_cgxe_registry.obj
 0001:0000baf0       ssGetIsInputPortElementContinuous 000000018000caf0 f   untitled_cgxe_registry.obj
 0001:0000bb90       _ssGetAbsTol               000000018000cb90 f   untitled_cgxe_registry.obj
 0001:0000bc00       _ssSetStateAbsTol          000000018000cc00 f   untitled_cgxe_registry.obj
 0001:0000bce0       _ssSetInputPortReusableFcn 000000018000cce0 f   untitled_cgxe_registry.obj
 0001:0000bde0       _ssSetOutputPortReusableFcn 000000018000cde0 f   untitled_cgxe_registry.obj
 0001:0000bee0       _ssSetSymbolicDimsSupport  000000018000cee0 f   untitled_cgxe_registry.obj
 0001:0000bf50       _ssRegisterSymbolicDimsExpr 000000018000cf50 f   untitled_cgxe_registry.obj
 0001:0000bfd0       _ssRegisterSymbolicDimsMATLABExpr 000000018000cfd0 f   untitled_cgxe_registry.obj
 0001:0000c060       _ssRegisterSymbolicDims    000000018000d060 f   untitled_cgxe_registry.obj
 0001:0000c100       _ssRegisterSymbolicDimsString 000000018000d100 f   untitled_cgxe_registry.obj
 0001:0000c180       _ssRegisterSymbolicDimsIntValue 000000018000d180 f   untitled_cgxe_registry.obj
 0001:0000c1f0       _ssRegisterSymbolicEqualRelation 000000018000d1f0 f   untitled_cgxe_registry.obj
 0001:0000c260       _ssRegisterSymbolicEqualValue 000000018000d260 f   untitled_cgxe_registry.obj
 0001:0000c2d0       _ssAmendLeadingSymbolicDims 000000018000d2d0 f   untitled_cgxe_registry.obj
 0001:0000c350       _ssAmendTrailingSymbolicDims 000000018000d350 f   untitled_cgxe_registry.obj
 0001:0000c3d0       _ssRegisterSymbolicDimsPlus 000000018000d3d0 f   untitled_cgxe_registry.obj
 0001:0000c450       _ssRegisterSymbolicDimsMinus 000000018000d450 f   untitled_cgxe_registry.obj
 0001:0000c4d0       _ssRegisterSymbolicDimsMultiply 000000018000d4d0 f   untitled_cgxe_registry.obj
 0001:0000c550       _ssRegisterSymbolicDimsDivide 000000018000d550 f   untitled_cgxe_registry.obj
 0001:0000c5d0       _ssGetNumSymbolicDims      000000018000d5d0 f   untitled_cgxe_registry.obj
 0001:0000c640       _ssGetSymbolicDim          000000018000d640 f   untitled_cgxe_registry.obj
 0001:0000c6c0       _ssSetInputPortSymbolicDimsId 000000018000d6c0 f   untitled_cgxe_registry.obj
 0001:0000c730       _ssGetCompInputPortSymbolicDimsId 000000018000d730 f   untitled_cgxe_registry.obj
 0001:0000c7a0       _ssSetCompInputPortSymbolicDimsId 000000018000d7a0 f   untitled_cgxe_registry.obj
 0001:0000c810       _ssSetOutputPortSymbolicDimsId 000000018000d810 f   untitled_cgxe_registry.obj
 0001:0000c880       _ssGetCompOutputPortSymbolicDimsId 000000018000d880 f   untitled_cgxe_registry.obj
 0001:0000c8f0       _ssSetCompOutputPortSymbolicDimsId 000000018000d8f0 f   untitled_cgxe_registry.obj
 0001:0000c960       _ssGetDWorkSymbolicDimsId  000000018000d960 f   untitled_cgxe_registry.obj
 0001:0000c9d0       _ssSetDWorkSymbolicDimsId  000000018000d9d0 f   untitled_cgxe_registry.obj
 0001:0000ca40       _ssGetCompDWorkSymbolicDimsId 000000018000da40 f   untitled_cgxe_registry.obj
 0001:0000cab0       _ssSetCompDWorkSymbolicDimsId 000000018000dab0 f   untitled_cgxe_registry.obj
 0001:0000cb20       _ssCreateSLCGStringBuffer  000000018000db20 f   untitled_cgxe_registry.obj
 0001:0000cb90       _ssAddToSLCGStringBuffer   000000018000db90 f   untitled_cgxe_registry.obj
 0001:0000cc00       _ssGetPointerContainedData 000000018000dc00 f   untitled_cgxe_registry.obj
 0001:0000cc90       _ssGetPointerContainedDataWidth 000000018000dc90 f   untitled_cgxe_registry.obj
 0001:0000cd20       _ssRegisterDynamicArrayDataTypeFcn 000000018000dd20 f   untitled_cgxe_registry.obj
 0001:0000cdc0       _ssGetDynamicArrayContainedDataCurrentWidthFcn 000000018000ddc0 f   untitled_cgxe_registry.obj
 0001:0000ce90       _ssGetDynamicArrayContainedDataFcn 000000018000de90 f   untitled_cgxe_registry.obj
 0001:0000cf60       _ssGetInputPortDynamicArrayDataFcn 000000018000df60 f   untitled_cgxe_registry.obj
 0001:0000d020       _ssGetOutputPortDynamicArrayDataFcn 000000018000e020 f   untitled_cgxe_registry.obj
 0001:0000d0e0       _ssGetInputPortDynamicArrayContainedDataFcn 000000018000e0e0 f   untitled_cgxe_registry.obj
 0001:0000d1a0       _ssGetOutputPortDynamicArrayContainedDataFcn 000000018000e1a0 f   untitled_cgxe_registry.obj
 0001:0000d260       _ssGetDynamicArrayDWorkContainedDataFcn 000000018000e260 f   untitled_cgxe_registry.obj
 0001:0000ed90       __local_stdio_printf_options 000000018000fd90 f i untitled_cgxe_registry.obj
 0001:0000eda0       _vsnprintf_l               000000018000fda0 f i untitled_cgxe_registry.obj
 0001:0000ee20       _vsprintf_l                000000018000fe20 f i untitled_cgxe_registry.obj
 0001:0000ee70       sprintf                    000000018000fe70 f i untitled_cgxe_registry.obj
 0001:0000eebf       mxGetPr_800                000000018000febf f   libmx:libmx.dll
 0001:0000eec5       mxSetCell_800              000000018000fec5 f   libmx:libmx.dll
 0001:0000eecb       mxSetFieldByNumber_800     000000018000fecb f   libmx:libmx.dll
 0001:0000eed1       mxCreateDoubleMatrix_800   000000018000fed1 f   libmx:libmx.dll
 0001:0000eed7       mxCreateString_800         000000018000fed7 f   libmx:libmx.dll
 0001:0000eedd       mxCreateCellMatrix_800     000000018000fedd f   libmx:libmx.dll
 0001:0000eee3       mxCreateStructMatrix_800   000000018000fee3 f   libmx:libmx.dll
 0001:0000eee9       mxCalloc_800               000000018000fee9 f   libmx:libmx.dll
 0001:0000eeef       mxGetM_800                 000000018000feef f   libmx:libmx.dll
 0001:0000eef5       mxGetClassID_800           000000018000fef5 f   libmx:libmx.dll
 0001:0000eefb       mxGetData_800              000000018000fefb f   libmx:libmx.dll
 0001:0000ef01       mxIsNumeric_800            000000018000ff01 f   libmx:libmx.dll
 0001:0000ef07       mxIsChar_800               000000018000ff07 f   libmx:libmx.dll
 0001:0000ef0d       mxIsComplex_800            000000018000ff0d f   libmx:libmx.dll
 0001:0000ef13       mxGetN_800                 000000018000ff13 f   libmx:libmx.dll
 0001:0000ef19       mxSetField_800             000000018000ff19 f   libmx:libmx.dll
 0001:0000ef1f       mxCreateNumericMatrix_800  000000018000ff1f f   libmx:libmx.dll
 0001:0000ef25       mxCreateDoubleScalar_800   000000018000ff25 f   libmx:libmx.dll
 0001:0000ef2b       mxGetString_800            000000018000ff2b f   libmx:libmx.dll
 0001:0000ef31       mexWarnMsgTxt_800          000000018000ff31 f   libmex:libmex.dll
 0001:0000ef37       mexPrintf_800              000000018000ff37 f   libmex:libmex.dll
 0001:0000ef3d       mexCallMATLAB_800          000000018000ff3d f   libmex:libmex.dll
 0001:0000ef43       mexUnlock_800              000000018000ff43 f   libmex:libmex.dll
 0001:0000ef49       mexIsLocked_800            000000018000ff49 f   libmex:libmex.dll
 0001:0000ef4f       muIntScalarMax_sint32      000000018000ff4f f   libmwmathutil:libmwmathutil.dll
 0001:0000ef55       muDoubleScalarIsNaN        000000018000ff55 f   libmwmathutil:libmwmathutil.dll
 0001:0000ef5b       emlrtAlias                 000000018000ff5b f   libemlrt:libemlrt.dll
 0001:0000ef61       emlrtAssign                000000018000ff61 f   libemlrt:libemlrt.dll
 0001:0000ef67       emlrtDynamicBoundsCheckR2012b 000000018000ff67 f   libemlrt:libemlrt.dll
 0001:0000ef6d       emlrtCreateString1R2022a   000000018000ff6d f   libemlrt:libemlrt.dll
 0001:0000ef73       emlrtCreateStructMatrix    000000018000ff73 f   libemlrt:libemlrt.dll
 0001:0000ef79       emlrtGetFieldR2017b        000000018000ff79 f   libemlrt:libemlrt.dll
 0001:0000ef7f       emlrtSetFieldR2017b        000000018000ff7f f   libemlrt:libemlrt.dll
 0001:0000ef85       emlrtCreateCellMatrix      000000018000ff85 f   libemlrt:libemlrt.dll
 0001:0000ef8b       emlrtSetCell               000000018000ff8b f   libemlrt:libemlrt.dll
 0001:0000ef91       emlrtGetCell               000000018000ff91 f   libemlrt:libemlrt.dll
 0001:0000ef97       emlrtCreateNumericMatrix   000000018000ff97 f   libemlrt:libemlrt.dll
 0001:0000ef9d       emlrtCreateNumericArray    000000018000ff9d f   libemlrt:libemlrt.dll
 0001:0000efa3       emlrtCreateDoubleScalar    000000018000ffa3 f   libemlrt:libemlrt.dll
 0001:0000efa9       emlrtCreateLogicalScalar   000000018000ffa9 f   libemlrt:libemlrt.dll
 0001:0000efaf       emlrtCreateCharArray       000000018000ffaf f   libemlrt:libemlrt.dll
 0001:0000efb5       emlrtDestroyArray          000000018000ffb5 f   libemlrt:libemlrt.dll
 0001:0000efbb       emlrtCallMATLABR2012b      000000018000ffbb f   libemlrt:libemlrt.dll
 0001:0000efc1       emlrtMallocMex             000000018000ffc1 f   libemlrt:libemlrt.dll
 0001:0000efc7       emlrtFreeMex               000000018000ffc7 f   libemlrt:libemlrt.dll
 0001:0000efcd       emlrtInitCharArrayR2013a   000000018000ffcd f   libemlrt:libemlrt.dll
 0001:0000efd3       emlrtCheckBuiltInR2012b    000000018000ffd3 f   libemlrt:libemlrt.dll
 0001:0000efd9       emlrtCheckVsBuiltInR2012b  000000018000ffd9 f   libemlrt:libemlrt.dll
 0001:0000efdf       emlrtCheckStructR2012b     000000018000ffdf f   libemlrt:libemlrt.dll
 0001:0000efe5       emlrtImportArrayR2015b     000000018000ffe5 f   libemlrt:libemlrt.dll
 0001:0000efeb       emlrtMxGetData             000000018000ffeb f   libemlrt:libemlrt.dll
 0001:0000eff1       emlrtMxGetPr               000000018000fff1 f   libemlrt:libemlrt.dll
 0001:0000eff7       emlrtMxGetLogicals         000000018000fff7 f   libemlrt:libemlrt.dll
 0001:0000effd       cgxertGetOutputPortSignal  000000018000fffd f   libmwcgxert:libmwcgxert.dll
 0001:0000f003       cgxertGetRuntimeInstance   0000000180010003 f   libmwcgxert:libmwcgxert.dll
 0001:0000f009       cgxertSetRuntimeInstance   0000000180010009 f   libmwcgxert:libmwcgxert.dll
 0001:0000f00f       cgxertGetEMLRTCtx          000000018001000f f   libmwcgxert:libmwcgxert.dll
 0001:0000f015       cgxertGetCovrtInstance     0000000180010015 f   libmwcgxert:libmwcgxert.dll
 0001:0000f01b       cgxertListenForCtrlC       000000018001001b f   libmwcgxert:libmwcgxert.dll
 0001:0000f021       cgxertSetGcb               0000000180010021 f   libmwcgxert:libmwcgxert.dll
 0001:0000f027       cgxertRestoreGcb           0000000180010027 f   libmwcgxert:libmwcgxert.dll
 0001:0000f02d       covrtAllocateInstanceData  000000018001002d f   libcovrt:libcovrt.dll
 0001:0000f033       covrtFreeInstanceData      0000000180010033 f   libcovrt:libcovrt.dll
 0001:0000f039       covrtScriptStart           0000000180010039 f   libcovrt:libcovrt.dll
 0001:0000f03f       covrtScriptInit            000000018001003f f   libcovrt:libcovrt.dll
 0001:0000f045       covrtFcnInit               0000000180010045 f   libcovrt:libcovrt.dll
 0001:0000f04b       covrtBasicBlockInit        000000018001004b f   libcovrt:libcovrt.dll
 0001:0000f051       covrtLogFcn                0000000180010051 f   libcovrt:libcovrt.dll
 0001:0000f057       covrtLogBasicBlock         0000000180010057 f   libcovrt:libcovrt.dll
 0001:0000f060       __GSHandlerCheck           0000000180010060 f   MSVCRT:gshandler.obj
 0001:0000f080       __GSHandlerCheckCommon     0000000180010080 f   MSVCRT:gshandler.obj
 0001:0000f0f0       __security_check_cookie    00000001800100f0 f   MSVCRT:amdsecgs.obj
 0001:0000f110       __raise_securityfailure    0000000180010110 f   MSVCRT:gs_report.obj
 0001:0000f144       __report_gsfailure         0000000180010144 f   MSVCRT:gs_report.obj
 0001:0000f218       __report_rangecheckfailure 0000000180010218 f   MSVCRT:gs_report.obj
 0001:0000f22c       __report_securityfailure   000000018001022c f   MSVCRT:gs_report.obj
 0001:0000f2cc       __report_securityfailureEx 00000001800102cc f   MSVCRT:gs_report.obj
 0001:0000f7f0       _CRT_INIT                  00000001800107f0 f   MSVCRT:dll_dllmain.obj
 0001:0000f7f8       _DllMainCRTStartup         00000001800107f8 f   MSVCRT:dll_dllmain.obj
 0001:0000f8a8       __security_init_cookie     00000001800108a8 f   MSVCRT:gs_support.obj
 0001:0000f958       DllMain                    0000000180010958 f   MSVCRT:dll_dllmain_stub.obj
 0001:0000f97c       ?__scrt_initialize_type_info@@YAXXZ 000000018001097c f   MSVCRT:tncleanup.obj
 0001:0000f98c       ?__scrt_uninitialize_type_info@@YAXXZ 000000018001098c f   MSVCRT:tncleanup.obj
 0001:0000f998       __scrt_initialize_default_local_stdio_options 0000000180010998 f   MSVCRT:default_local_stdio_options.obj
 0001:0000f9b4       ?configure_argv@__scrt_narrow_argv_policy@@SAHXZ 00000001800109b4 f i MSVCRT:utility.obj
 0001:0000fa14       ?initialize_environment@__scrt_narrow_environment_policy@@SAHXZ 0000000180010a14 f i MSVCRT:utility.obj
 0001:0000fa4c       NtCurrentTeb               0000000180010a4c f i MSVCRT:utility.obj
 0001:0000fa58       __scrt_acquire_startup_lock 0000000180010a58 f   MSVCRT:utility.obj
 0001:0000fa94       __scrt_dllmain_after_initialize_c 0000000180010a94 f   MSVCRT:utility.obj
 0001:0000fac8       __scrt_dllmain_before_initialize_c 0000000180010ac8 f   MSVCRT:utility.obj
 0001:0000fae0       __scrt_dllmain_crt_thread_attach 0000000180010ae0 f   MSVCRT:utility.obj
 0001:0000fb08       __scrt_dllmain_crt_thread_detach 0000000180010b08 f   MSVCRT:utility.obj
 0001:0000fb20       __scrt_dllmain_exception_filter 0000000180010b20 f   MSVCRT:utility.obj
 0001:0000fb80       __scrt_dllmain_uninitialize_c 0000000180010b80 f   MSVCRT:utility.obj
 0001:0000fbb0       __scrt_dllmain_uninitialize_critical 0000000180010bb0 f   MSVCRT:utility.obj
 0001:0000fbc4       __scrt_initialize_crt      0000000180010bc4 f   MSVCRT:utility.obj
 0001:0000fc00       __scrt_initialize_onexit_tables 0000000180010c00 f   MSVCRT:utility.obj
 0001:0000fc8c       __scrt_is_nonwritable_in_current_image 0000000180010c8c f   MSVCRT:utility.obj
 0001:0000fd24       __scrt_release_startup_lock 0000000180010d24 f   MSVCRT:utility.obj
 0001:0000fd48       __scrt_uninitialize_crt    0000000180010d48 f   MSVCRT:utility.obj
 0001:0000fd74       _onexit                    0000000180010d74 f   MSVCRT:utility.obj
 0001:0000fdb0       at_quick_exit              0000000180010db0 f   MSVCRT:utility.obj
 0001:0000fdd0       atexit                     0000000180010dd0 f   MSVCRT:utility.obj
 0001:0000fde8       __scrt_get_dyn_tls_init_callback 0000000180010de8 f   MSVCRT:dyn_tls_init.obj
 0001:0000fdf0       __crt_debugger_hook        0000000180010df0 f   MSVCRT:utility_desktop.obj
 0001:0000fdfc       __scrt_fastfail            0000000180010dfc f   MSVCRT:utility_desktop.obj
 0001:0000ff48       __scrt_get_show_window_mode 0000000180010f48 f   MSVCRT:utility_desktop.obj
 0001:0000ff84       __scrt_initialize_mta      0000000180010f84 f   MSVCRT:utility_desktop.obj
 0001:0000ff8c       __scrt_initialize_winrt    0000000180010f8c f   MSVCRT:utility_desktop.obj
 0001:0000ff90       __scrt_is_managed_app      0000000180010f90 f   MSVCRT:utility_desktop.obj
 0001:0000ffe4       __scrt_set_unhandled_exception_filter 0000000180010fe4 f   MSVCRT:utility_desktop.obj
 0001:0000fff4       __scrt_exe_initialize_mta  0000000180010ff4 f   MSVCRT:utility_desktop.obj
 0001:0000fff4       __scrt_stub_for_initialize_mta 0000000180010ff4 f   MSVCRT:utility_desktop.obj
 0001:0000fff8       __scrt_unhandled_exception_filter 0000000180010ff8 f   MSVCRT:utility_desktop.obj
 0001:0001005c       _RTC_Initialize            000000018001105c f   MSVCRT:initsect.obj
 0001:00010098       _RTC_Terminate             0000000180011098 f   MSVCRT:initsect.obj
 0001:000100d4       _guard_check_icall_nop     00000001800110d4 f i MSVCRT:guard_support.obj
 0001:000100d8       ReadNoFence64              00000001800110d8 f i MSVCRT:guard_support.obj
 0001:000100dc       ReadPointerNoFence         00000001800110dc f i MSVCRT:guard_support.obj
 0001:000100e0       __castguard_check_failure_debugbreak 00000001800110e0 f i MSVCRT:guard_support.obj
 0001:000100fc       __castguard_check_failure_fastfail 00000001800110fc f i MSVCRT:guard_support.obj
 0001:00010120       __castguard_check_failure_nop 0000000180011120 f i MSVCRT:guard_support.obj
 0001:00010124       __castguard_check_failure_os_handled 0000000180011124 f i MSVCRT:guard_support.obj
 0001:00010170       __castguard_check_failure_user_handled 0000000180011170 f i MSVCRT:guard_support.obj
 0001:000101e4       __castguard_set_user_handler 00000001800111e4 f i MSVCRT:guard_support.obj
 0001:000101f0       __castguard_slow_path_check_debugbreak 00000001800111f0 f i MSVCRT:guard_support.obj
 0001:00010224       __castguard_slow_path_check_fastfail 0000000180011224 f i MSVCRT:guard_support.obj
 0001:00010260       __castguard_slow_path_check_nop 0000000180011260 f i MSVCRT:guard_support.obj
 0001:00010264       __castguard_slow_path_check_os_handled 0000000180011264 f i MSVCRT:guard_support.obj
 0001:000102b0       __castguard_slow_path_check_user_handled 00000001800112b0 f i MSVCRT:guard_support.obj
 0001:0001031c       _guard_icall_checks_enforced 000000018001131c f i MSVCRT:guard_support.obj
 0001:00010334       _guard_rf_checks_enforced  0000000180011334 f i MSVCRT:guard_support.obj
 0001:00010338       __isa_available_init       0000000180011338 f   MSVCRT:cpu_disp.obj
 0001:000105d0       _get_startup_argv_mode     00000001800115d0 f   MSVCRT:argv_mode.obj
 0001:000105d8       __scrt_is_ucrt_dll_in_use  00000001800115d8 f   MSVCRT:ucrt_detection.obj
 0001:000105f0       RtlCaptureContext          00000001800115f0 f   kernel32:KERNEL32.dll
 0001:000105f6       RtlLookupFunctionEntry     00000001800115f6 f   kernel32:KERNEL32.dll
 0001:000105fc       RtlVirtualUnwind           00000001800115fc f   kernel32:KERNEL32.dll
 0001:00010602       UnhandledExceptionFilter   0000000180011602 f   kernel32:KERNEL32.dll
 0001:00010608       SetUnhandledExceptionFilter 0000000180011608 f   kernel32:KERNEL32.dll
 0001:0001060e       GetCurrentProcess          000000018001160e f   kernel32:KERNEL32.dll
 0001:00010614       TerminateProcess           0000000180011614 f   kernel32:KERNEL32.dll
 0001:0001061a       IsProcessorFeaturePresent  000000018001161a f   kernel32:KERNEL32.dll
 0001:00010620       QueryPerformanceCounter    0000000180011620 f   kernel32:KERNEL32.dll
 0001:00010626       GetCurrentProcessId        0000000180011626 f   kernel32:KERNEL32.dll
 0001:0001062c       GetCurrentThreadId         000000018001162c f   kernel32:KERNEL32.dll
 0001:00010632       GetSystemTimeAsFileTime    0000000180011632 f   kernel32:KERNEL32.dll
 0001:00010638       DisableThreadLibraryCalls  0000000180011638 f   kernel32:KERNEL32.dll
 0001:0001063e       InitializeSListHead        000000018001163e f   kernel32:KERNEL32.dll
 0001:00010644       IsDebuggerPresent          0000000180011644 f   kernel32:KERNEL32.dll
 0001:0001064a       GetStartupInfoW            000000018001164a f   kernel32:KERNEL32.dll
 0001:00010650       GetModuleHandleW           0000000180011650 f   kernel32:KERNEL32.dll
 0001:00010656       memcpy                     0000000180011656 f   vcruntime:VCRUNTIME140.dll
 0001:0001065c       __C_specific_handler       000000018001165c f   vcruntime:VCRUNTIME140.dll
 0001:00010662       __std_type_info_destroy_list 0000000180011662 f   vcruntime:VCRUNTIME140.dll
 0001:00010668       __current_exception        0000000180011668 f   vcruntime:VCRUNTIME140.dll
 0001:0001066e       __current_exception_context 000000018001166e f   vcruntime:VCRUNTIME140.dll
 0001:00010674       memset                     0000000180011674 f   vcruntime:VCRUNTIME140.dll
 0001:0001067a       __stdio_common_vsscanf     000000018001167a f   ucrt:api-ms-win-crt-stdio-l1-1-0.dll
 0001:00010680       calloc                     0000000180011680 f   ucrt:api-ms-win-crt-heap-l1-1-0.dll
 0001:00010686       free                       0000000180011686 f   ucrt:api-ms-win-crt-heap-l1-1-0.dll
 0001:0001068c       strcmp                     000000018001168c f   ucrt:api-ms-win-crt-string-l1-1-0.dll
 0001:00010692       strlen                     0000000180011692 f   ucrt:api-ms-win-crt-string-l1-1-0.dll
 0001:00010698       __stdio_common_vsprintf    0000000180011698 f   ucrt:api-ms-win-crt-stdio-l1-1-0.dll
 0001:0001069e       malloc                     000000018001169e f   ucrt:api-ms-win-crt-heap-l1-1-0.dll
 0001:000106a4       _initterm                  00000001800116a4 f   ucrt:api-ms-win-crt-runtime-l1-1-0.dll
 0001:000106aa       _initterm_e                00000001800116aa f   ucrt:api-ms-win-crt-runtime-l1-1-0.dll
 0001:000106b0       _seh_filter_dll            00000001800116b0 f   ucrt:api-ms-win-crt-runtime-l1-1-0.dll
 0001:000106b6       _configure_narrow_argv     00000001800116b6 f   ucrt:api-ms-win-crt-runtime-l1-1-0.dll
 0001:000106bc       _initialize_narrow_environment 00000001800116bc f   ucrt:api-ms-win-crt-runtime-l1-1-0.dll
 0001:000106c2       _initialize_onexit_table   00000001800116c2 f   ucrt:api-ms-win-crt-runtime-l1-1-0.dll
 0001:000106c8       _register_onexit_function  00000001800116c8 f   ucrt:api-ms-win-crt-runtime-l1-1-0.dll
 0001:000106ce       _execute_onexit_table      00000001800116ce f   ucrt:api-ms-win-crt-runtime-l1-1-0.dll
 0001:000106d4       _crt_atexit                00000001800116d4 f   ucrt:api-ms-win-crt-runtime-l1-1-0.dll
 0001:000106da       _crt_at_quick_exit         00000001800116da f   ucrt:api-ms-win-crt-runtime-l1-1-0.dll
 0001:000106e0       _cexit                     00000001800116e0 f   ucrt:api-ms-win-crt-runtime-l1-1-0.dll
 0001:000106e6       terminate                  00000001800116e6 f   ucrt:api-ms-win-crt-runtime-l1-1-0.dll
 0001:000106ec       __acrt_initialize          00000001800116ec f   MSVCRT:ucrt_stubs.obj
 0001:000106ec       __scrt_stub_for_acrt_initialize 00000001800116ec f   MSVCRT:ucrt_stubs.obj
 0001:000106ec       __vcrt_initialize          00000001800116ec f   MSVCRT:ucrt_stubs.obj
 0001:000106f0       __acrt_thread_attach       00000001800116f0 f   MSVCRT:ucrt_stubs.obj
 0001:000106f0       __scrt_stub_for_acrt_thread_attach 00000001800116f0 f   MSVCRT:ucrt_stubs.obj
 0001:000106f0       __vcrt_thread_attach       00000001800116f0 f   MSVCRT:ucrt_stubs.obj
 0001:000106f4       __acrt_thread_detach       00000001800116f4 f   MSVCRT:ucrt_stubs.obj
 0001:000106f4       __scrt_stub_for_acrt_thread_detach 00000001800116f4 f   MSVCRT:ucrt_stubs.obj
 0001:000106f4       __vcrt_thread_detach       00000001800116f4 f   MSVCRT:ucrt_stubs.obj
 0001:000106f8       __acrt_uninitialize        00000001800116f8 f   MSVCRT:ucrt_stubs.obj
 0001:000106f8       __scrt_stub_for_acrt_uninitialize 00000001800116f8 f   MSVCRT:ucrt_stubs.obj
 0001:000106f8       __vcrt_uninitialize        00000001800116f8 f   MSVCRT:ucrt_stubs.obj
 0001:000106fc       __acrt_uninitialize_critical 00000001800116fc f   MSVCRT:ucrt_stubs.obj
 0001:000106fc       __scrt_stub_for_acrt_uninitialize_critical 00000001800116fc f   MSVCRT:ucrt_stubs.obj
 0001:000106fc       __vcrt_uninitialize_critical 00000001800116fc f   MSVCRT:ucrt_stubs.obj
 0001:00010700       __scrt_stub_for_is_c_termination_complete 0000000180011700 f   MSVCRT:ucrt_stubs.obj
 0001:00010700       _is_c_termination_complete 0000000180011700 f   MSVCRT:ucrt_stubs.obj
 0001:00010720       _guard_dispatch_icall_nop  0000000180011720 f   MSVCRT:guard_dispatch.obj
 0001:00010740       _guard_xfg_dispatch_icall_nop 0000000180011740 f   MSVCRT:guard_xfg_dispatch.obj
 0002:00000000       __imp_GetCurrentProcessId  0000000180012000     kernel32:KERNEL32.dll
 0002:00000008       __imp_GetStartupInfoW      0000000180012008     kernel32:KERNEL32.dll
 0002:00000010       __imp_RtlCaptureContext    0000000180012010     kernel32:KERNEL32.dll
 0002:00000018       __imp_GetModuleHandleW     0000000180012018     kernel32:KERNEL32.dll
 0002:00000020       __imp_RtlLookupFunctionEntry 0000000180012020     kernel32:KERNEL32.dll
 0002:00000028       __imp_RtlVirtualUnwind     0000000180012028     kernel32:KERNEL32.dll
 0002:00000030       __imp_UnhandledExceptionFilter 0000000180012030     kernel32:KERNEL32.dll
 0002:00000038       __imp_SetUnhandledExceptionFilter 0000000180012038     kernel32:KERNEL32.dll
 0002:00000040       __imp_GetCurrentProcess    0000000180012040     kernel32:KERNEL32.dll
 0002:00000048       __imp_TerminateProcess     0000000180012048     kernel32:KERNEL32.dll
 0002:00000050       __imp_IsProcessorFeaturePresent 0000000180012050     kernel32:KERNEL32.dll
 0002:00000058       __imp_QueryPerformanceCounter 0000000180012058     kernel32:KERNEL32.dll
 0002:00000060       __imp_IsDebuggerPresent    0000000180012060     kernel32:KERNEL32.dll
 0002:00000068       __imp_GetCurrentThreadId   0000000180012068     kernel32:KERNEL32.dll
 0002:00000070       __imp_GetSystemTimeAsFileTime 0000000180012070     kernel32:KERNEL32.dll
 0002:00000078       __imp_DisableThreadLibraryCalls 0000000180012078     kernel32:KERNEL32.dll
 0002:00000080       __imp_InitializeSListHead  0000000180012080     kernel32:KERNEL32.dll
 0002:00000088       \177KERNEL32_NULL_THUNK_DATA 0000000180012088     kernel32:KERNEL32.dll
 0002:00000090       __imp_memcpy               0000000180012090     vcruntime:VCRUNTIME140.dll
 0002:00000098       __imp_memset               0000000180012098     vcruntime:VCRUNTIME140.dll
 0002:000000a0       __imp___current_exception  00000001800120a0     vcruntime:VCRUNTIME140.dll
 0002:000000a8       __imp___current_exception_context 00000001800120a8     vcruntime:VCRUNTIME140.dll
 0002:000000b0       __imp___C_specific_handler 00000001800120b0     vcruntime:VCRUNTIME140.dll
 0002:000000b8       __imp___std_type_info_destroy_list 00000001800120b8     vcruntime:VCRUNTIME140.dll
 0002:000000c0       \177VCRUNTIME140_NULL_THUNK_DATA 00000001800120c0     vcruntime:VCRUNTIME140.dll
 0002:000000c8       __imp_malloc               00000001800120c8     ucrt:api-ms-win-crt-heap-l1-1-0.dll
 0002:000000d0       __imp_free                 00000001800120d0     ucrt:api-ms-win-crt-heap-l1-1-0.dll
 0002:000000d8       __imp_calloc               00000001800120d8     ucrt:api-ms-win-crt-heap-l1-1-0.dll
 0002:000000e0       \177api-ms-win-crt-heap-l1-1-0_NULL_THUNK_DATA 00000001800120e0     ucrt:api-ms-win-crt-heap-l1-1-0.dll
 0002:000000e8       __imp__seh_filter_dll      00000001800120e8     ucrt:api-ms-win-crt-runtime-l1-1-0.dll
 0002:000000f0       __imp__configure_narrow_argv 00000001800120f0     ucrt:api-ms-win-crt-runtime-l1-1-0.dll
 0002:000000f8       __imp__initialize_narrow_environment 00000001800120f8     ucrt:api-ms-win-crt-runtime-l1-1-0.dll
 0002:00000100       __imp__initterm            0000000180012100     ucrt:api-ms-win-crt-runtime-l1-1-0.dll
 0002:00000108       __imp__register_onexit_function 0000000180012108     ucrt:api-ms-win-crt-runtime-l1-1-0.dll
 0002:00000110       __imp__execute_onexit_table 0000000180012110     ucrt:api-ms-win-crt-runtime-l1-1-0.dll
 0002:00000118       __imp__crt_atexit          0000000180012118     ucrt:api-ms-win-crt-runtime-l1-1-0.dll
 0002:00000120       __imp__crt_at_quick_exit   0000000180012120     ucrt:api-ms-win-crt-runtime-l1-1-0.dll
 0002:00000128       __imp__cexit               0000000180012128     ucrt:api-ms-win-crt-runtime-l1-1-0.dll
 0002:00000130       __imp_terminate            0000000180012130     ucrt:api-ms-win-crt-runtime-l1-1-0.dll
 0002:00000138       __imp__initterm_e          0000000180012138     ucrt:api-ms-win-crt-runtime-l1-1-0.dll
 0002:00000140       __imp__initialize_onexit_table 0000000180012140     ucrt:api-ms-win-crt-runtime-l1-1-0.dll
 0002:00000148       \177api-ms-win-crt-runtime-l1-1-0_NULL_THUNK_DATA 0000000180012148     ucrt:api-ms-win-crt-runtime-l1-1-0.dll
 0002:00000150       __imp___stdio_common_vsscanf 0000000180012150     ucrt:api-ms-win-crt-stdio-l1-1-0.dll
 0002:00000158       __imp___stdio_common_vsprintf 0000000180012158     ucrt:api-ms-win-crt-stdio-l1-1-0.dll
 0002:00000160       \177api-ms-win-crt-stdio-l1-1-0_NULL_THUNK_DATA 0000000180012160     ucrt:api-ms-win-crt-stdio-l1-1-0.dll
 0002:00000168       __imp_strcmp               0000000180012168     ucrt:api-ms-win-crt-string-l1-1-0.dll
 0002:00000170       __imp_strlen               0000000180012170     ucrt:api-ms-win-crt-string-l1-1-0.dll
 0002:00000178       \177api-ms-win-crt-string-l1-1-0_NULL_THUNK_DATA 0000000180012178     ucrt:api-ms-win-crt-string-l1-1-0.dll
 0002:00000180       __imp_covrtScriptStart     0000000180012180     libcovrt:libcovrt.dll
 0002:00000188       __imp_covrtScriptInit      0000000180012188     libcovrt:libcovrt.dll
 0002:00000190       __imp_covrtBasicBlockInit  0000000180012190     libcovrt:libcovrt.dll
 0002:00000198       __imp_covrtLogFcn          0000000180012198     libcovrt:libcovrt.dll
 0002:000001a0       __imp_covrtFcnInit         00000001800121a0     libcovrt:libcovrt.dll
 0002:000001a8       __imp_covrtLogBasicBlock   00000001800121a8     libcovrt:libcovrt.dll
 0002:000001b0       __imp_covrtAllocateInstanceData 00000001800121b0     libcovrt:libcovrt.dll
 0002:000001b8       __imp_covrtFreeInstanceData 00000001800121b8     libcovrt:libcovrt.dll
 0002:000001c0       \177libcovrt_NULL_THUNK_DATA 00000001800121c0     libcovrt:libcovrt.dll
 0002:000001c8       __imp_emlrtMxGetPr         00000001800121c8     libemlrt:libemlrt.dll
 0002:000001d0       __imp_emlrtMxGetData       00000001800121d0     libemlrt:libemlrt.dll
 0002:000001d8       __imp_emlrtImportArrayR2015b 00000001800121d8     libemlrt:libemlrt.dll
 0002:000001e0       __imp_emlrtCheckStructR2012b 00000001800121e0     libemlrt:libemlrt.dll
 0002:000001e8       __imp_emlrtCheckVsBuiltInR2012b 00000001800121e8     libemlrt:libemlrt.dll
 0002:000001f0       __imp_emlrtAlias           00000001800121f0     libemlrt:libemlrt.dll
 0002:000001f8       __imp_emlrtAssign          00000001800121f8     libemlrt:libemlrt.dll
 0002:00000200       __imp_emlrtDynamicBoundsCheckR2012b 0000000180012200     libemlrt:libemlrt.dll
 0002:00000208       __imp_emlrtCreateNumericArray 0000000180012208     libemlrt:libemlrt.dll
 0002:00000210       __imp_emlrtCreateDoubleScalar 0000000180012210     libemlrt:libemlrt.dll
 0002:00000218       __imp_emlrtInitCharArrayR2013a 0000000180012218     libemlrt:libemlrt.dll
 0002:00000220       __imp_emlrtFreeMex         0000000180012220     libemlrt:libemlrt.dll
 0002:00000228       __imp_emlrtMallocMex       0000000180012228     libemlrt:libemlrt.dll
 0002:00000230       __imp_emlrtCreateLogicalScalar 0000000180012230     libemlrt:libemlrt.dll
 0002:00000238       __imp_emlrtCallMATLABR2012b 0000000180012238     libemlrt:libemlrt.dll
 0002:00000240       __imp_emlrtDestroyArray    0000000180012240     libemlrt:libemlrt.dll
 0002:00000248       __imp_emlrtCreateCharArray 0000000180012248     libemlrt:libemlrt.dll
 0002:00000250       __imp_emlrtMxGetLogicals   0000000180012250     libemlrt:libemlrt.dll
 0002:00000258       __imp_emlrtCreateNumericMatrix 0000000180012258     libemlrt:libemlrt.dll
 0002:00000260       __imp_emlrtGetCell         0000000180012260     libemlrt:libemlrt.dll
 0002:00000268       __imp_emlrtSetCell         0000000180012268     libemlrt:libemlrt.dll
 0002:00000270       __imp_emlrtCreateCellMatrix 0000000180012270     libemlrt:libemlrt.dll
 0002:00000278       __imp_emlrtSetFieldR2017b  0000000180012278     libemlrt:libemlrt.dll
 0002:00000280       __imp_emlrtGetFieldR2017b  0000000180012280     libemlrt:libemlrt.dll
 0002:00000288       __imp_emlrtCreateStructMatrix 0000000180012288     libemlrt:libemlrt.dll
 0002:00000290       __imp_emlrtCreateString1R2022a 0000000180012290     libemlrt:libemlrt.dll
 0002:00000298       __imp_emlrtCheckBuiltInR2012b 0000000180012298     libemlrt:libemlrt.dll
 0002:000002a0       \177libemlrt_NULL_THUNK_DATA 00000001800122a0     libemlrt:libemlrt.dll
 0002:000002a8       __imp_mexWarnMsgTxt_800    00000001800122a8     libmex:libmex.dll
 0002:000002b0       __imp_mexPrintf_800        00000001800122b0     libmex:libmex.dll
 0002:000002b8       __imp_mexCallMATLAB_800    00000001800122b8     libmex:libmex.dll
 0002:000002c0       __imp_mexIsLocked_800      00000001800122c0     libmex:libmex.dll
 0002:000002c8       __imp_mexUnlock_800        00000001800122c8     libmex:libmex.dll
 0002:000002d0       \177libmex_NULL_THUNK_DATA 00000001800122d0     libmex:libmex.dll
 0002:000002d8       __imp_cgxertGetCovrtInstance 00000001800122d8     libmwcgxert:libmwcgxert.dll
 0002:000002e0       __imp_cgxertListenForCtrlC 00000001800122e0     libmwcgxert:libmwcgxert.dll
 0002:000002e8       __imp_cgxertGetEMLRTCtx    00000001800122e8     libmwcgxert:libmwcgxert.dll
 0002:000002f0       __imp_cgxertSetRuntimeInstance 00000001800122f0     libmwcgxert:libmwcgxert.dll
 0002:000002f8       __imp_cgxertGetRuntimeInstance 00000001800122f8     libmwcgxert:libmwcgxert.dll
 0002:00000300       __imp_cgxertGetOutputPortSignal 0000000180012300     libmwcgxert:libmwcgxert.dll
 0002:00000308       __imp_cgxertSetGcb         0000000180012308     libmwcgxert:libmwcgxert.dll
 0002:00000310       __imp_cgxertRestoreGcb     0000000180012310     libmwcgxert:libmwcgxert.dll
 0002:00000318       \177libmwcgxert_NULL_THUNK_DATA 0000000180012318     libmwcgxert:libmwcgxert.dll
 0002:00000320       __imp_muDoubleScalarIsNaN  0000000180012320     libmwmathutil:libmwmathutil.dll
 0002:00000328       __imp_muIntScalarMax_sint32 0000000180012328     libmwmathutil:libmwmathutil.dll
 0002:00000330       \177libmwmathutil_NULL_THUNK_DATA 0000000180012330     libmwmathutil:libmwmathutil.dll
 0002:00000338       __imp_mxSetCell_800        0000000180012338     libmx:libmx.dll
 0002:00000340       __imp_mxGetString_800      0000000180012340     libmx:libmx.dll
 0002:00000348       __imp_mxCreateDoubleScalar_800 0000000180012348     libmx:libmx.dll
 0002:00000350       __imp_mxCreateNumericMatrix_800 0000000180012350     libmx:libmx.dll
 0002:00000358       __imp_mxSetField_800       0000000180012358     libmx:libmx.dll
 0002:00000360       __imp_mxGetN_800           0000000180012360     libmx:libmx.dll
 0002:00000368       __imp_mxIsComplex_800      0000000180012368     libmx:libmx.dll
 0002:00000370       __imp_mxIsChar_800         0000000180012370     libmx:libmx.dll
 0002:00000378       __imp_mxIsNumeric_800      0000000180012378     libmx:libmx.dll
 0002:00000380       __imp_mxGetData_800        0000000180012380     libmx:libmx.dll
 0002:00000388       __imp_mxGetClassID_800     0000000180012388     libmx:libmx.dll
 0002:00000390       __imp_mxGetM_800           0000000180012390     libmx:libmx.dll
 0002:00000398       __imp_mxCalloc_800         0000000180012398     libmx:libmx.dll
 0002:000003a0       __imp_mxCreateStructMatrix_800 00000001800123a0     libmx:libmx.dll
 0002:000003a8       __imp_mxCreateCellMatrix_800 00000001800123a8     libmx:libmx.dll
 0002:000003b0       __imp_mxCreateString_800   00000001800123b0     libmx:libmx.dll
 0002:000003b8       __imp_mxCreateDoubleMatrix_800 00000001800123b8     libmx:libmx.dll
 0002:000003c0       __imp_mxSetFieldByNumber_800 00000001800123c0     libmx:libmx.dll
 0002:000003c8       __imp_mxGetPr_800          00000001800123c8     libmx:libmx.dll
 0002:000003d0       \177libmx_NULL_THUNK_DATA  00000001800123d0     libmx:libmx.dll
 0002:000003d8       __guard_check_icall_fptr   00000001800123d8     MSVCRT:guard_support.obj
 0002:000003e0       __guard_xfg_check_icall_fptr 00000001800123e0     MSVCRT:guard_support.obj
 0002:000003e8       __guard_dispatch_icall_fptr 00000001800123e8     MSVCRT:guard_support.obj
 0002:000003f0       __guard_xfg_dispatch_icall_fptr 00000001800123f0     MSVCRT:guard_support.obj
 0002:000003f8       __guard_xfg_table_dispatch_icall_fptr 00000001800123f8     MSVCRT:guard_support.obj
 0002:00000400       __castguard_check_failure_os_handled_fptr 0000000180012400     MSVCRT:guard_support.obj
 0002:00000408       __guard_memcpy_fptr        0000000180012408     vcruntime:softmemtag.obj
 0002:00000410       __xc_a                     0000000180012410     MSVCRT:initializers.obj
 0002:00000418       __xc_z                     0000000180012418     MSVCRT:initializers.obj
 0002:00000420       __xi_a                     0000000180012420     MSVCRT:initializers.obj
 0002:00000428       __xi_z                     0000000180012428     MSVCRT:initializers.obj
 0002:00000430       __xp_a                     0000000180012430     MSVCRT:initializers.obj
 0002:00000438       __xp_z                     0000000180012438     MSVCRT:initializers.obj
 0002:00000440       __xt_a                     0000000180012440     MSVCRT:initializers.obj
 0002:00000448       __xt_z                     0000000180012448     MSVCRT:initializers.obj
 0002:00000568       __real@0000000000000000    0000000180012568     m_8jYMx9efrgtc36jH0VsYrE.obj
 0002:00000570       __real@3ff0000000000000    0000000180012570     m_8jYMx9efrgtc36jH0VsYrE.obj
 0002:00000578       __real@bff0000000000000    0000000180012578     m_8jYMx9efrgtc36jH0VsYrE.obj
 0002:00000580       DYNAMIC_DIMENSION_DEF      0000000180012580     untitled_cgxe_registry.obj
 0002:00000598       __real@4010000000000000    0000000180012598     untitled_cgxe_registry.obj
 0002:000005a0       __real@41602cbca0000000    00000001800125a0     untitled_cgxe_registry.obj
 0002:000005a8       __real@418430c3c8000000    00000001800125a8     untitled_cgxe_registry.obj
 0002:000005b0       __real@41ae07b188000000    00000001800125b0     untitled_cgxe_registry.obj
 0002:000005b8       __real@41c768ff25000000    00000001800125b8     untitled_cgxe_registry.obj
 0002:000005c0       __real@41d0023eef800000    00000001800125c0     untitled_cgxe_registry.obj
 0002:000005c8       __real@41d6ec5be0000000    00000001800125c8     untitled_cgxe_registry.obj
 0002:000005d0       __real@41d80054ffc00000    00000001800125d0     untitled_cgxe_registry.obj
 0002:000005d8       __real@41dc67f553c00000    00000001800125d8     untitled_cgxe_registry.obj
 0002:000005e0       __real@41e13401bfc00000    00000001800125e0     untitled_cgxe_registry.obj
 0002:000005e8       __real@41e2069ed9a00000    00000001800125e8     untitled_cgxe_registry.obj
 0002:000005f0       __real@41e5801d7fa00000    00000001800125f0     untitled_cgxe_registry.obj
 0002:000005f8       __real@41e5b0b712600000    00000001800125f8     untitled_cgxe_registry.obj
 0002:00000600       __real@41e5e73118200000    0000000180012600     untitled_cgxe_registry.obj
 0002:00000608       __real@41e7e99ee4a00000    0000000180012608     untitled_cgxe_registry.obj
 0002:00000610       __real@41e85f947f600000    0000000180012610     untitled_cgxe_registry.obj
 0002:00000618       __real@41edb2de83a00000    0000000180012618     untitled_cgxe_registry.obj
 0002:00000620       __real@41ee9673e4a00000    0000000180012620     untitled_cgxe_registry.obj
 0002:00000638       _pDefaultRawDllMain        0000000180012638     MSVCRT:dll_dllmain.obj
 0002:00000638       _pRawDllMain               0000000180012638     MSVCRT:dll_dllmain.obj
 0002:00000640       __xmm@ffffffffffffffffffffffffffffffff 0000000180012640     MSVCRT:utility.obj
 0002:00000650       _load_config_used          0000000180012650     MSVCRT:loadcfg.obj
 0002:00000800       __CastGuardVftablesStart   0000000180012800     MSVCRT:guard_support.obj
 0002:00000880       __CastGuardVftablesEnd     0000000180012880     MSVCRT:guard_support.obj
 0002:00000900       __volatile_metadata        0000000180012900     <linker-defined>
 0002:00000cf0       __rtc_iaa                  0000000180012cf0     MSVCRT:initsect.obj
 0002:00000cf8       __rtc_izz                  0000000180012cf8     MSVCRT:initsect.obj
 0002:00000d00       __rtc_taa                  0000000180012d00     MSVCRT:initsect.obj
 0002:00000d08       __rtc_tzz                  0000000180012d08     MSVCRT:initsect.obj
 0002:00001728       __IMPORT_DESCRIPTOR_libmx  0000000180013728     libmx:libmx.dll
 0002:0000173c       __IMPORT_DESCRIPTOR_libmex 000000018001373c     libmex:libmex.dll
 0002:00001750       __IMPORT_DESCRIPTOR_libmwmathutil 0000000180013750     libmwmathutil:libmwmathutil.dll
 0002:00001764       __IMPORT_DESCRIPTOR_libemlrt 0000000180013764     libemlrt:libemlrt.dll
 0002:00001778       __IMPORT_DESCRIPTOR_libmwcgxert 0000000180013778     libmwcgxert:libmwcgxert.dll
 0002:0000178c       __IMPORT_DESCRIPTOR_libcovrt 000000018001378c     libcovrt:libcovrt.dll
 0002:000017a0       __IMPORT_DESCRIPTOR_KERNEL32 00000001800137a0     kernel32:KERNEL32.dll
 0002:000017b4       __IMPORT_DESCRIPTOR_VCRUNTIME140 00000001800137b4     vcruntime:VCRUNTIME140.dll
 0002:000017c8       __IMPORT_DESCRIPTOR_api-ms-win-crt-stdio-l1-1-0 00000001800137c8     ucrt:api-ms-win-crt-stdio-l1-1-0.dll
 0002:000017dc       __IMPORT_DESCRIPTOR_api-ms-win-crt-heap-l1-1-0 00000001800137dc     ucrt:api-ms-win-crt-heap-l1-1-0.dll
 0002:000017f0       __IMPORT_DESCRIPTOR_api-ms-win-crt-string-l1-1-0 00000001800137f0     ucrt:api-ms-win-crt-string-l1-1-0.dll
 0002:00001804       __IMPORT_DESCRIPTOR_api-ms-win-crt-runtime-l1-1-0 0000000180013804     ucrt:api-ms-win-crt-runtime-l1-1-0.dll
 0002:00001818       __NULL_IMPORT_DESCRIPTOR   0000000180013818     libmx:libmx.dll
 0003:000024e0       DYNAMIC_DIMENSION          00000001800174e0     untitled_cgxe_registry.obj
 0003:000047c0       __security_cookie          00000001800197c0     MSVCRT:gs_cookie.obj
 0003:00004800       __security_cookie_complement 0000000180019800     MSVCRT:gs_cookie.obj
 0003:00004808       _fltused                   0000000180019808     MSVCRT:fltused.obj
 0003:0000480c       __scrt_native_dllmain_reason 000000018001980c     MSVCRT:utility.obj
 0003:00004810       __isa_inverted             0000000180019810     MSVCRT:cpu_disp.obj
 0003:00004818       __isa_available            0000000180019818     MSVCRT:cpu_disp.obj
 0003:0000481c       __isa_enabled              000000018001981c     MSVCRT:cpu_disp.obj
 0003:00004820       __memset_fast_string_threshold 0000000180019820     MSVCRT:cpu_disp.obj
 0003:00004828       __memset_nt_threshold      0000000180019828     MSVCRT:cpu_disp.obj
 0003:00004830       __scrt_ucrt_dll_is_in_use  0000000180019830     MSVCRT:ucrt_stubs.obj
 0003:00004dd0       ?__type_info_root_node@@3U__type_info_node@@A 0000000180019dd0     MSVCRT:tncleanup.obj
 0003:00004de0       ?_OptionsStorage@?1??__local_stdio_printf_options@@9@4_KA 0000000180019de0     MSVCRT:default_local_stdio_options.obj
 0003:00004de8       ?_OptionsStorage@?1??__local_stdio_scanf_options@@9@4_KA 0000000180019de8     MSVCRT:default_local_stdio_options.obj
 0003:00004df0       __scrt_current_native_startup_state 0000000180019df0     MSVCRT:utility.obj
 0003:00004df8       __scrt_native_startup_lock 0000000180019df8     MSVCRT:utility.obj
 0003:00004e38       __scrt_debugger_hook_flag  0000000180019e38     MSVCRT:utility_desktop.obj
 0003:00004e40       __castguard_check_failure_user_handled_fptr 0000000180019e40     MSVCRT:guard_support.obj
 0003:00004e48       __avx10_version            0000000180019e48     MSVCRT:cpu_disp.obj
 0003:00004e4c       __favor                    0000000180019e4c     MSVCRT:cpu_disp.obj
 0003:00004e50       ?_OptionsStorage@?1??__local_stdio_printf_options@@9@9 0000000180019e50     <common>
 0003:00004e58       ?_OptionsStorage@?1??__local_stdio_scanf_options@@9@9 0000000180019e58     <common>
 0003:00004e60       __dyn_tls_init_callback    0000000180019e60     <common>

 entry point at        0001:0000f7f8

 Static symbols

 0000:00000000       _volmd                     0000000180000000     m_8jYMx9efrgtc36jH0VsYrE.obj
 0000:00000000       .debug$S                   0000000180000000     untitled_cgxe.exp
 0000:00000000       _volmd                     0000000180000000     untitled_cgxe_registry.obj
 0000:00000000       .debug$S                   0000000180000000     ucrt:api-ms-win-crt-heap-l1-1-0.dll
 0000:00000000       .debug$S                   0000000180000000     ucrt:api-ms-win-crt-heap-l1-1-0.dll
 0000:00000000       .debug$S                   0000000180000000     ucrt:api-ms-win-crt-heap-l1-1-0.dll
 0000:00000000       .debug$S                   0000000180000000     ucrt:api-ms-win-crt-runtime-l1-1-0.dll
 0000:00000000       .debug$S                   0000000180000000     ucrt:api-ms-win-crt-runtime-l1-1-0.dll
 0000:00000000       .debug$S                   0000000180000000     ucrt:api-ms-win-crt-runtime-l1-1-0.dll
 0000:00000000       .debug$S                   0000000180000000     ucrt:api-ms-win-crt-runtime-l1-1-0.dll
 0000:00000000       .debug$S                   0000000180000000     ucrt:api-ms-win-crt-runtime-l1-1-0.dll
 0000:00000000       .debug$S                   0000000180000000     ucrt:api-ms-win-crt-runtime-l1-1-0.dll
 0000:00000000       .debug$S                   0000000180000000     ucrt:api-ms-win-crt-runtime-l1-1-0.dll
 0000:00000000       .debug$S                   0000000180000000     ucrt:api-ms-win-crt-runtime-l1-1-0.dll
 0000:00000000       .debug$S                   0000000180000000     ucrt:api-ms-win-crt-runtime-l1-1-0.dll
 0000:00000000       .debug$S                   0000000180000000     ucrt:api-ms-win-crt-runtime-l1-1-0.dll
 0000:00000000       .debug$S                   0000000180000000     ucrt:api-ms-win-crt-runtime-l1-1-0.dll
 0000:00000000       .debug$S                   0000000180000000     ucrt:api-ms-win-crt-runtime-l1-1-0.dll
 0000:00000000       .debug$S                   0000000180000000     ucrt:api-ms-win-crt-stdio-l1-1-0.dll
 0000:00000000       .debug$S                   0000000180000000     ucrt:api-ms-win-crt-stdio-l1-1-0.dll
 0000:00000000       .debug$S                   0000000180000000     ucrt:api-ms-win-crt-string-l1-1-0.dll
 0000:00000000       .debug$S                   0000000180000000     ucrt:api-ms-win-crt-string-l1-1-0.dll
 0000:00000000       .debug$S                   0000000180000000     kernel32:KERNEL32.dll
 0000:00000000       .debug$S                   0000000180000000     kernel32:KERNEL32.dll
 0000:00000000       .debug$S                   0000000180000000     kernel32:KERNEL32.dll
 0000:00000000       .debug$S                   0000000180000000     kernel32:KERNEL32.dll
 0000:00000000       .debug$S                   0000000180000000     kernel32:KERNEL32.dll
 0000:00000000       .debug$S                   0000000180000000     kernel32:KERNEL32.dll
 0000:00000000       .debug$S                   0000000180000000     kernel32:KERNEL32.dll
 0000:00000000       .debug$S                   0000000180000000     kernel32:KERNEL32.dll
 0000:00000000       .debug$S                   0000000180000000     kernel32:KERNEL32.dll
 0000:00000000       .debug$S                   0000000180000000     kernel32:KERNEL32.dll
 0000:00000000       .debug$S                   0000000180000000     kernel32:KERNEL32.dll
 0000:00000000       .debug$S                   0000000180000000     kernel32:KERNEL32.dll
 0000:00000000       .debug$S                   0000000180000000     kernel32:KERNEL32.dll
 0000:00000000       .debug$S                   0000000180000000     kernel32:KERNEL32.dll
 0000:00000000       .debug$S                   0000000180000000     kernel32:KERNEL32.dll
 0000:00000000       .debug$S                   0000000180000000     kernel32:KERNEL32.dll
 0000:00000000       .debug$S                   0000000180000000     kernel32:KERNEL32.dll
 0000:00000000       .debug$S                   0000000180000000     libcovrt:libcovrt.dll
 0000:00000000       .debug$S                   0000000180000000     libcovrt:libcovrt.dll
 0000:00000000       .debug$S                   0000000180000000     libcovrt:libcovrt.dll
 0000:00000000       .debug$S                   0000000180000000     libcovrt:libcovrt.dll
 0000:00000000       .debug$S                   0000000180000000     libcovrt:libcovrt.dll
 0000:00000000       .debug$S                   0000000180000000     libcovrt:libcovrt.dll
 0000:00000000       .debug$S                   0000000180000000     libcovrt:libcovrt.dll
 0000:00000000       .debug$S                   0000000180000000     libcovrt:libcovrt.dll
 0000:00000000       .debug$S                   0000000180000000     libemlrt:libemlrt.dll
 0000:00000000       .debug$S                   0000000180000000     libemlrt:libemlrt.dll
 0000:00000000       .debug$S                   0000000180000000     libemlrt:libemlrt.dll
 0000:00000000       .debug$S                   0000000180000000     libemlrt:libemlrt.dll
 0000:00000000       .debug$S                   0000000180000000     libemlrt:libemlrt.dll
 0000:00000000       .debug$S                   0000000180000000     libemlrt:libemlrt.dll
 0000:00000000       .debug$S                   0000000180000000     libemlrt:libemlrt.dll
 0000:00000000       .debug$S                   0000000180000000     libemlrt:libemlrt.dll
 0000:00000000       .debug$S                   0000000180000000     libemlrt:libemlrt.dll
 0000:00000000       .debug$S                   0000000180000000     libemlrt:libemlrt.dll
 0000:00000000       .debug$S                   0000000180000000     libemlrt:libemlrt.dll
 0000:00000000       .debug$S                   0000000180000000     libemlrt:libemlrt.dll
 0000:00000000       .debug$S                   0000000180000000     libemlrt:libemlrt.dll
 0000:00000000       .debug$S                   0000000180000000     libemlrt:libemlrt.dll
 0000:00000000       .debug$S                   0000000180000000     libemlrt:libemlrt.dll
 0000:00000000       .debug$S                   0000000180000000     libemlrt:libemlrt.dll
 0000:00000000       .debug$S                   0000000180000000     libemlrt:libemlrt.dll
 0000:00000000       .debug$S                   0000000180000000     libemlrt:libemlrt.dll
 0000:00000000       .debug$S                   0000000180000000     libemlrt:libemlrt.dll
 0000:00000000       .debug$S                   0000000180000000     libemlrt:libemlrt.dll
 0000:00000000       .debug$S                   0000000180000000     libemlrt:libemlrt.dll
 0000:00000000       .debug$S                   0000000180000000     libemlrt:libemlrt.dll
 0000:00000000       .debug$S                   0000000180000000     libemlrt:libemlrt.dll
 0000:00000000       .debug$S                   0000000180000000     libemlrt:libemlrt.dll
 0000:00000000       .debug$S                   0000000180000000     libemlrt:libemlrt.dll
 0000:00000000       .debug$S                   0000000180000000     libemlrt:libemlrt.dll
 0000:00000000       .debug$S                   0000000180000000     libemlrt:libemlrt.dll
 0000:00000000       .debug$S                   0000000180000000     libmex:libmex.dll
 0000:00000000       .debug$S                   0000000180000000     libmex:libmex.dll
 0000:00000000       .debug$S                   0000000180000000     libmex:libmex.dll
 0000:00000000       .debug$S                   0000000180000000     libmex:libmex.dll
 0000:00000000       .debug$S                   0000000180000000     libmex:libmex.dll
 0000:00000000       .debug$S                   0000000180000000     libmwcgxert:libmwcgxert.dll
 0000:00000000       .debug$S                   0000000180000000     libmwcgxert:libmwcgxert.dll
 0000:00000000       .debug$S                   0000000180000000     libmwcgxert:libmwcgxert.dll
 0000:00000000       .debug$S                   0000000180000000     libmwcgxert:libmwcgxert.dll
 0000:00000000       .debug$S                   0000000180000000     libmwcgxert:libmwcgxert.dll
 0000:00000000       .debug$S                   0000000180000000     libmwcgxert:libmwcgxert.dll
 0000:00000000       .debug$S                   0000000180000000     libmwcgxert:libmwcgxert.dll
 0000:00000000       .debug$S                   0000000180000000     libmwcgxert:libmwcgxert.dll
 0000:00000000       .debug$S                   0000000180000000     libmwmathutil:libmwmathutil.dll
 0000:00000000       .debug$S                   0000000180000000     libmwmathutil:libmwmathutil.dll
 0000:00000000       .debug$S                   0000000180000000     libmx:libmx.dll
 0000:00000000       .debug$S                   0000000180000000     libmx:libmx.dll
 0000:00000000       .debug$S                   0000000180000000     libmx:libmx.dll
 0000:00000000       .debug$S                   0000000180000000     libmx:libmx.dll
 0000:00000000       .debug$S                   0000000180000000     libmx:libmx.dll
 0000:00000000       .debug$S                   0000000180000000     libmx:libmx.dll
 0000:00000000       .debug$S                   0000000180000000     libmx:libmx.dll
 0000:00000000       .debug$S                   0000000180000000     libmx:libmx.dll
 0000:00000000       .debug$S                   0000000180000000     libmx:libmx.dll
 0000:00000000       .debug$S                   0000000180000000     libmx:libmx.dll
 0000:00000000       .debug$S                   0000000180000000     libmx:libmx.dll
 0000:00000000       .debug$S                   0000000180000000     libmx:libmx.dll
 0000:00000000       .debug$S                   0000000180000000     libmx:libmx.dll
 0000:00000000       .debug$S                   0000000180000000     libmx:libmx.dll
 0000:00000000       .debug$S                   0000000180000000     libmx:libmx.dll
 0000:00000000       .debug$S                   0000000180000000     libmx:libmx.dll
 0000:00000000       .debug$S                   0000000180000000     libmx:libmx.dll
 0000:00000000       .debug$S                   0000000180000000     libmx:libmx.dll
 0000:00000000       .debug$S                   0000000180000000     libmx:libmx.dll
 0000:00000000       _volmd                     0000000180000000     MSVCRT:cpu_disp.obj
 0002:fffee000       __guard_ehcont_?dllmain_dispatch@@YAHQEAUHINSTANCE__@@KQEAX@Z 0000000180000000     MSVCRT:dll_dllmain.obj
 0002:fffee000       __guard_fids_?dllmain_dispatch@@YAHQEAUHINSTANCE__@@KQEAX@Z 0000000180000000     MSVCRT:dll_dllmain.obj
 0000:00000000       _volmd                     0000000180000000     MSVCRT:gs_report.obj
 0000:00000000       _volmd                     0000000180000000     MSVCRT:gs_report.obj
 0000:00000000       _volmd                     0000000180000000     MSVCRT:gs_report.obj
 0002:fffee000       __guard_fids__             0000000180000000     MSVCRT:guard_support.obj
 0002:fffee000       __guard_fids__             0000000180000000     MSVCRT:guard_support.obj
 0002:fffee000       __guard_fids__guard_icall_checks_enforced 0000000180000000     MSVCRT:guard_support.obj
 0000:00000000       _volmd                     0000000180000000     MSVCRT:guard_support.obj
 0000:00000000       _volmd                     0000000180000000     MSVCRT:guard_support.obj
 0000:00000000       _volmd                     0000000180000000     MSVCRT:guard_support.obj
 0000:00000000       _volmd                     0000000180000000     MSVCRT:guard_support.obj
 0000:00000000       _volmd                     0000000180000000     MSVCRT:guard_support.obj
 0000:00000000       _volmd                     0000000180000000     MSVCRT:guard_support.obj
 0000:00000000       _volmd                     0000000180000000     MSVCRT:guard_support.obj
 0000:00000000       _volmd                     0000000180000000     MSVCRT:guard_support.obj
 0000:00000000       _volmd                     0000000180000000     MSVCRT:guard_support.obj
 0000:00000000       _volmd                     0000000180000000     MSVCRT:guard_support.obj
 0002:fffee000       __guard_ehcont___scrt_is_nonwritable_in_current_image 0000000180000000     MSVCRT:utility.obj
 0000:00000000       _volmd                     0000000180000000     MSVCRT:utility.obj
 0000:00000000       _volmd                     0000000180000000     MSVCRT:utility.obj
 0000:00000000       _volmd                     0000000180000000     MSVCRT:utility.obj
 0002:fffee000       __guard_fids___scrt_set_unhandled_exception_filter 0000000180000000     MSVCRT:utility_desktop.obj
 0000:00000000       _volmd                     0000000180000000     MSVCRT:utility_desktop.obj
 0002:fffee000       __guard_fids__             0000000180000000     vcruntime:softmemtag.obj
 0000:00000000       .debug$S                   0000000180000000     vcruntime:VCRUNTIME140.dll
 0000:00000000       .debug$S                   0000000180000000     vcruntime:VCRUNTIME140.dll
 0000:00000000       .debug$S                   0000000180000000     vcruntime:VCRUNTIME140.dll
 0000:00000000       .debug$S                   0000000180000000     vcruntime:VCRUNTIME140.dll
 0000:00000000       .debug$S                   0000000180000000     vcruntime:VCRUNTIME140.dll
 0000:00000000       .debug$S                   0000000180000000     vcruntime:VCRUNTIME140.dll
 0000:00000010       _volmd                     0000000180000010     m_8jYMx9efrgtc36jH0VsYrE.obj
 0000:00000010       _volmd                     0000000180000010     untitled_cgxe_registry.obj
 0000:00000020       _volmd                     0000000180000020     m_8jYMx9efrgtc36jH0VsYrE.obj
 0000:00000020       _volmd                     0000000180000020     untitled_cgxe_registry.obj
 0000:00000030       _volmd                     0000000180000030     m_8jYMx9efrgtc36jH0VsYrE.obj
 0000:00000030       _volmd                     0000000180000030     untitled_cgxe_registry.obj
 0000:00000040       _volmd                     0000000180000040     m_8jYMx9efrgtc36jH0VsYrE.obj
 0000:00000040       _volmd                     0000000180000040     untitled_cgxe_registry.obj
 0000:00000050       _volmd                     0000000180000050     m_8jYMx9efrgtc36jH0VsYrE.obj
 0000:00000050       _volmd                     0000000180000050     untitled_cgxe_registry.obj
 0000:00000060       _volmd                     0000000180000060     m_8jYMx9efrgtc36jH0VsYrE.obj
 0000:00000060       _volmd                     0000000180000060     untitled_cgxe_registry.obj
 0000:00000070       _volmd                     0000000180000070     m_8jYMx9efrgtc36jH0VsYrE.obj
 0000:00000070       _volmd                     0000000180000070     untitled_cgxe_registry.obj
 0000:00000080       _volmd                     0000000180000080     m_8jYMx9efrgtc36jH0VsYrE.obj
 0000:00000080       _volmd                     0000000180000080     untitled_cgxe_registry.obj
 0000:00000090       _volmd                     0000000180000090     m_8jYMx9efrgtc36jH0VsYrE.obj
 0000:00000090       _volmd                     0000000180000090     untitled_cgxe_registry.obj
 0000:000000a0       _volmd                     00000001800000a0     m_8jYMx9efrgtc36jH0VsYrE.obj
 0000:000000a0       _volmd                     00000001800000a0     untitled_cgxe_registry.obj
 0000:000000b0       _volmd                     00000001800000b0     untitled_cgxe_registry.obj
 0000:000000c0       _volmd                     00000001800000c0     untitled_cgxe_registry.obj
 0000:000000d0       _volmd                     00000001800000d0     untitled_cgxe_registry.obj
 0000:000000e0       _volmd                     00000001800000e0     untitled_cgxe_registry.obj
 0001:00000160       cgxe_mdl_start             0000000180001160 f   m_8jYMx9efrgtc36jH0VsYrE.obj
 0001:00000200       cgxe_mdl_initialize        0000000180001200 f   m_8jYMx9efrgtc36jH0VsYrE.obj
 0001:00000280       cgxe_mdl_outputs           0000000180001280 f   m_8jYMx9efrgtc36jH0VsYrE.obj
 0001:000003c0       cgxe_mdl_update            00000001800013c0 f   m_8jYMx9efrgtc36jH0VsYrE.obj
 0001:000003d0       cgxe_mdl_derivative        00000001800013d0 f   m_8jYMx9efrgtc36jH0VsYrE.obj
 0001:000003e0       cgxe_mdl_enable            00000001800013e0 f   m_8jYMx9efrgtc36jH0VsYrE.obj
 0001:000003f0       cgxe_mdl_disable           00000001800013f0 f   m_8jYMx9efrgtc36jH0VsYrE.obj
 0001:00000400       cgxe_mdl_terminate         0000000180001400 f   m_8jYMx9efrgtc36jH0VsYrE.obj
 0001:00000450       mw__internal__system__init__fcn 0000000180001450 f   m_8jYMx9efrgtc36jH0VsYrE.obj
 0001:000005a0       mw__internal__system__terminate__fcn 00000001800015a0 f   m_8jYMx9efrgtc36jH0VsYrE.obj
 0001:000005d0       mw__internal__call__setup  00000001800015d0 f   m_8jYMx9efrgtc36jH0VsYrE.obj
 0001:00000760       SystemCore_setup           0000000180001760 f   m_8jYMx9efrgtc36jH0VsYrE.obj
 0001:000024e0       cfclose                    00000001800034e0 f   m_8jYMx9efrgtc36jH0VsYrE.obj
 0001:000026c0       cSscanf                    00000001800036c0 f   m_8jYMx9efrgtc36jH0VsYrE.obj
 0001:000030d0       indexShapeCheck            00000001800040d0 f   m_8jYMx9efrgtc36jH0VsYrE.obj
 0001:000033c0       b_indexShapeCheck          00000001800043c0 f   m_8jYMx9efrgtc36jH0VsYrE.obj
 0001:000036b0       mw__internal__call__reset  00000001800046b0 f   m_8jYMx9efrgtc36jH0VsYrE.obj
 0001:00003ac0       mw__internal__call__step   0000000180004ac0 f   m_8jYMx9efrgtc36jH0VsYrE.obj
 0001:00003dd0       emlrt_marshallIn           0000000180004dd0 f   m_8jYMx9efrgtc36jH0VsYrE.obj
 0001:00003e40       b_emlrt_marshallIn         0000000180004e40 f   m_8jYMx9efrgtc36jH0VsYrE.obj
 0001:00003e90       c_emlrt_marshallIn         0000000180004e90 f   m_8jYMx9efrgtc36jH0VsYrE.obj
 0001:00003f00       d_emlrt_marshallIn         0000000180004f00 f   m_8jYMx9efrgtc36jH0VsYrE.obj
 0001:00003f50       e_emlrt_marshallIn         0000000180004f50 f   m_8jYMx9efrgtc36jH0VsYrE.obj
 0001:00003fc0       f_emlrt_marshallIn         0000000180004fc0 f   m_8jYMx9efrgtc36jH0VsYrE.obj
 0001:00004010       g_emlrt_marshallIn         0000000180005010 f   m_8jYMx9efrgtc36jH0VsYrE.obj
 0001:00004080       h_emlrt_marshallIn         0000000180005080 f   m_8jYMx9efrgtc36jH0VsYrE.obj
 0001:000040d0       emlrt_marshallOut          00000001800050d0 f   m_8jYMx9efrgtc36jH0VsYrE.obj
 0001:00004440       cgxe_mdl_get_sim_state     0000000180005440 f   m_8jYMx9efrgtc36jH0VsYrE.obj
 0001:00004480       i_emlrt_marshallIn         0000000180005480 f   m_8jYMx9efrgtc36jH0VsYrE.obj
 0001:00004560       j_emlrt_marshallIn         0000000180005560 f   m_8jYMx9efrgtc36jH0VsYrE.obj
 0001:000045d0       k_emlrt_marshallIn         00000001800055d0 f   m_8jYMx9efrgtc36jH0VsYrE.obj
 0001:000047a0       l_emlrt_marshallIn         00000001800057a0 f   m_8jYMx9efrgtc36jH0VsYrE.obj
 0001:000047f0       m_emlrt_marshallIn         00000001800057f0 f   m_8jYMx9efrgtc36jH0VsYrE.obj
 0001:00004840       n_emlrt_marshallIn         0000000180005840 f   m_8jYMx9efrgtc36jH0VsYrE.obj
 0001:00004890       o_emlrt_marshallIn         0000000180005890 f   m_8jYMx9efrgtc36jH0VsYrE.obj
 0001:00004900       p_emlrt_marshallIn         0000000180005900 f   m_8jYMx9efrgtc36jH0VsYrE.obj
 0001:00004950       cgxe_mdl_set_sim_state     0000000180005950 f   m_8jYMx9efrgtc36jH0VsYrE.obj
 0001:000049c0       message                    00000001800059c0 f   m_8jYMx9efrgtc36jH0VsYrE.obj
 0001:00004a60       getString                  0000000180005a60 f   m_8jYMx9efrgtc36jH0VsYrE.obj
 0001:00004ad0       error                      0000000180005ad0 f   m_8jYMx9efrgtc36jH0VsYrE.obj
 0001:00004b60       feval                      0000000180005b60 f   m_8jYMx9efrgtc36jH0VsYrE.obj
 0001:00004c30       b_feval                    0000000180005c30 f   m_8jYMx9efrgtc36jH0VsYrE.obj
 0001:00004cd0       b_message                  0000000180005cd0 f   m_8jYMx9efrgtc36jH0VsYrE.obj
 0001:00004d40       c_feval                    0000000180005d40 f   m_8jYMx9efrgtc36jH0VsYrE.obj
 0001:00004e10       isa                        0000000180005e10 f   m_8jYMx9efrgtc36jH0VsYrE.obj
 0001:00004eb0       reshape                    0000000180005eb0 f   m_8jYMx9efrgtc36jH0VsYrE.obj
 0001:00004f80       isempty                    0000000180005f80 f   m_8jYMx9efrgtc36jH0VsYrE.obj
 0001:00004ff0       b_not                      0000000180005ff0 f   m_8jYMx9efrgtc36jH0VsYrE.obj
 0001:00005060       coder_internal_ifWhileCondExtrinsic 0000000180006060 f   m_8jYMx9efrgtc36jH0VsYrE.obj
 0001:000050d0       logical                    00000001800060d0 f   m_8jYMx9efrgtc36jH0VsYrE.obj
 0001:00005140       q_emlrt_marshallIn         0000000180006140 f   m_8jYMx9efrgtc36jH0VsYrE.obj
 0001:000051c0       r_emlrt_marshallIn         00000001800061c0 f   m_8jYMx9efrgtc36jH0VsYrE.obj
 0001:00005240       s_emlrt_marshallIn         0000000180006240 f   m_8jYMx9efrgtc36jH0VsYrE.obj
 0001:00005340       t_emlrt_marshallIn         0000000180006340 f   m_8jYMx9efrgtc36jH0VsYrE.obj
 0001:00005440       u_emlrt_marshallIn         0000000180006440 f   m_8jYMx9efrgtc36jH0VsYrE.obj
 0001:000054b0       v_emlrt_marshallIn         00000001800064b0 f   m_8jYMx9efrgtc36jH0VsYrE.obj
 0001:00005570       w_emlrt_marshallIn         0000000180006570 f   m_8jYMx9efrgtc36jH0VsYrE.obj
 0001:00005630       array_char_T_2D_SetSize    0000000180006630 f   m_8jYMx9efrgtc36jH0VsYrE.obj
 0001:00005780       array_real_T_2D_SetSize    0000000180006780 f   m_8jYMx9efrgtc36jH0VsYrE.obj
 0001:000058e0       array_char_T_2D_Constructor 00000001800068e0 f   m_8jYMx9efrgtc36jH0VsYrE.obj
 0001:00005950       array_real_T_2D_Constructor 0000000180006950 f   m_8jYMx9efrgtc36jH0VsYrE.obj
 0001:000059c0       array_char_T_2D_Destructor 00000001800069c0 f   m_8jYMx9efrgtc36jH0VsYrE.obj
 0001:00005a00       array_real_T_2D_Destructor 0000000180006a00 f   m_8jYMx9efrgtc36jH0VsYrE.obj
 0001:00005a40       init_simulink_io_address   0000000180006a40 f   m_8jYMx9efrgtc36jH0VsYrE.obj
 0001:00005ad0       mdlOutputs_8jYMx9efrgtc36jH0VsYrE 0000000180006ad0 f   m_8jYMx9efrgtc36jH0VsYrE.obj
 0001:00005b10       mdlInitialize_8jYMx9efrgtc36jH0VsYrE 0000000180006b10 f   m_8jYMx9efrgtc36jH0VsYrE.obj
 0001:00005b40       mdlUpdate_8jYMx9efrgtc36jH0VsYrE 0000000180006b40 f   m_8jYMx9efrgtc36jH0VsYrE.obj
 0001:00005b80       mdlDerivatives_8jYMx9efrgtc36jH0VsYrE 0000000180006b80 f   m_8jYMx9efrgtc36jH0VsYrE.obj
 0001:00005bb0       getSimState_8jYMx9efrgtc36jH0VsYrE 0000000180006bb0 f   m_8jYMx9efrgtc36jH0VsYrE.obj
 0001:00005bf0       setSimState_8jYMx9efrgtc36jH0VsYrE 0000000180006bf0 f   m_8jYMx9efrgtc36jH0VsYrE.obj
 0001:00005c30       mdlTerminate_8jYMx9efrgtc36jH0VsYrE 0000000180006c30 f   m_8jYMx9efrgtc36jH0VsYrE.obj
 0001:00005c70       mdlEnable_8jYMx9efrgtc36jH0VsYrE 0000000180006c70 f   m_8jYMx9efrgtc36jH0VsYrE.obj
 0001:00005ca0       mdlDisable_8jYMx9efrgtc36jH0VsYrE 0000000180006ca0 f   m_8jYMx9efrgtc36jH0VsYrE.obj
 0001:00005cd0       mdlStart_8jYMx9efrgtc36jH0VsYrE 0000000180006cd0 f   m_8jYMx9efrgtc36jH0VsYrE.obj
 0001:00005de0       mdlProcessParameters_8jYMx9efrgtc36jH0VsYrE 0000000180006de0 f   m_8jYMx9efrgtc36jH0VsYrE.obj
 0001:00007fb8       $LN147                     0000000180008fb8     untitled_cgxe_registry.obj
 0001:00008e24       $LN22                      0000000180009e24     untitled_cgxe_registry.obj
 0001:00009524       $LN26                      000000018000a524     untitled_cgxe_registry.obj
 0001:00009c04       $LN24                      000000018000ac04     untitled_cgxe_registry.obj
 0001:0000a93c       $LN30                      000000018000b93c     untitled_cgxe_registry.obj
 0001:0000d320       mdlStart                   000000018000e320 f   untitled_cgxe_registry.obj
 0001:0000d360       mdlInitializeConditions    000000018000e360 f   untitled_cgxe_registry.obj
 0001:0000d390       mdlUpdate                  000000018000e390 f   untitled_cgxe_registry.obj
 0001:0000d3c0       mdlOutputs                 000000018000e3c0 f   untitled_cgxe_registry.obj
 0001:0000d3f0       mdlTerminate               000000018000e3f0 f   untitled_cgxe_registry.obj
 0001:0000d420       mdlInitializeSizes         000000018000e420 f   untitled_cgxe_registry.obj
 0001:0000d430       mdlInitializeSampleTimes   000000018000e430 f   untitled_cgxe_registry.obj
 0001:0000d440       cgxe_get_supported_modules 000000018000e440 f   untitled_cgxe_registry.obj
 0001:0000d510       cgxe_process_get_checksums 000000018000e510 f   untitled_cgxe_registry.obj
 0001:0000d8b0       cgxe_mex_unlock_call       000000018000e8b0 f   untitled_cgxe_registry.obj
 0001:0000d8f0       cgxe_unpack_simstruct      000000018000e8f0 f   untitled_cgxe_registry.obj
 0001:0000d990       cgxe_get_sim_state         000000018000e990 f   untitled_cgxe_registry.obj
 0001:0000da00       cgxe_set_sim_state         000000018000ea00 f   untitled_cgxe_registry.obj
 0001:0000da80       cgxe_get_BuildInfoUpdate   000000018000ea80 f   untitled_cgxe_registry.obj
 0001:0000db50       cgxe_get_fallback_info     000000018000eb50 f   untitled_cgxe_registry.obj
 0001:0000dc20       ProcessMexSfunctionCmdLineCall 000000018000ec20 f   untitled_cgxe_registry.obj
 0001:0000de60       mdlZeroCrossings           000000018000ee60 f   untitled_cgxe_registry.obj
 0001:0000deb0       mdlGetTimeOfNextVarHit     000000018000eeb0 f   untitled_cgxe_registry.obj
 0001:0000df00       _RegNumInputPortsCB        000000018000ef00 f   untitled_cgxe_registry.obj
 0001:0000df80       _RegNumOutputPortsCB       000000018000ef80 f   untitled_cgxe_registry.obj
 0001:0000e000       _CreateSimStruct           000000018000f000 f   untitled_cgxe_registry.obj
 0001:0000e230       _ProcessMexSfunctionCmdLineCall 000000018000f230 f   untitled_cgxe_registry.obj
 0001:0000ebc0       ReportIndexOutOfBoundsError 000000018000fbc0 f   untitled_cgxe_registry.obj
 0001:0000f0e0       $$000000                   00000001800100e0     MSVCRT:amdsecgs.obj
 0001:0000f3dc       capture_current_context    00000001800103dc f   MSVCRT:gs_report.obj
 0001:0000f44c       capture_previous_context   000000018001044c f   MSVCRT:gs_report.obj
 0001:0000f4c0       ?dllmain_crt_dispatch@@YAHQEAUHINSTANCE__@@KQEAX@Z 00000001800104c0 f   MSVCRT:dll_dllmain.obj
[...]
 0003:000023d4       $SG20171                   00000001800173d4     m_8jYMx9efrgtc36jH0VsYrE.obj
 0003:000023e0       $SG20179                   00000001800173e0     m_8jYMx9efrgtc36jH0VsYrE.obj
 0003:000023e8       $SG20190                   00000001800173e8     m_8jYMx9efrgtc36jH0VsYrE.obj
 0003:000023f0       $SG20199                   00000001800173f0     m_8jYMx9efrgtc36jH0VsYrE.obj
 0003:000023f8       $SG20209                   00000001800173f8     m_8jYMx9efrgtc36jH0VsYrE.obj
 0003:00002400       $SG20217                   0000000180017400     m_8jYMx9efrgtc36jH0VsYrE.obj
 0003:00002408       $SG20225                   0000000180017408     m_8jYMx9efrgtc36jH0VsYrE.obj
 0003:00002410       $SG20233                   0000000180017410     m_8jYMx9efrgtc36jH0VsYrE.obj
 0003:00002438       $SG20241                   0000000180017438     m_8jYMx9efrgtc36jH0VsYrE.obj
 0003:00002440       $SG20252                   0000000180017440     m_8jYMx9efrgtc36jH0VsYrE.obj
 0003:00002448       $SG20262                   0000000180017448     m_8jYMx9efrgtc36jH0VsYrE.obj
 0003:00002450       $SG20275                   0000000180017450     m_8jYMx9efrgtc36jH0VsYrE.obj
 0003:00002458       $SG20288                   0000000180017458     m_8jYMx9efrgtc36jH0VsYrE.obj
 0003:00002460       $SG20299                   0000000180017460     m_8jYMx9efrgtc36jH0VsYrE.obj
 0003:00002468       $SG20315                   0000000180017468     m_8jYMx9efrgtc36jH0VsYrE.obj
 0003:00002470       $SG20331                   0000000180017470     m_8jYMx9efrgtc36jH0VsYrE.obj
 0003:00002478       $SG20496                   0000000180017478     m_8jYMx9efrgtc36jH0VsYrE.obj
 0003:00002488       $SG20497                   0000000180017488     m_8jYMx9efrgtc36jH0VsYrE.obj
 0003:00002498       $SG20508                   0000000180017498     m_8jYMx9efrgtc36jH0VsYrE.obj
 0003:000024a8       $SG20510                   00000001800174a8     m_8jYMx9efrgtc36jH0VsYrE.obj
 0003:000024c0       $SG20511                   00000001800174c0     m_8jYMx9efrgtc36jH0VsYrE.obj
 0003:000024d8       $SG20512                   00000001800174d8     m_8jYMx9efrgtc36jH0VsYrE.obj
 0003:000024e8       $SG17900                   00000001800174e8     untitled_cgxe_registry.obj
 0003:00002518       $SG17904                   0000000180017518     untitled_cgxe_registry.obj
 0003:00002558       $SG17909                   0000000180017558     untitled_cgxe_registry.obj
 0003:00002590       $SG17914                   0000000180017590     untitled_cgxe_registry.obj
 0003:000025c8       $SG17918                   00000001800175c8     untitled_cgxe_registry.obj
 0003:00002600       $SG17955                   0000000180017600     untitled_cgxe_registry.obj
 0003:00002608       $SG17957                   0000000180017608     untitled_cgxe_registry.obj
 0003:00002610       $SG17959                   0000000180017610     untitled_cgxe_registry.obj
 0003:0000261c       $SG17961                   000000018001761c     untitled_cgxe_registry.obj
 0003:00002628       $SG17963                   0000000180017628     untitled_cgxe_registry.obj
 0003:00002630       $SG17964                   0000000180017630     untitled_cgxe_registry.obj
 0003:00002638       $SG17965                   0000000180017638     untitled_cgxe_registry.obj
 0003:00002640       $SG17966                   0000000180017640     untitled_cgxe_registry.obj
 0003:0000264c       $SG17967                   000000018001764c     untitled_cgxe_registry.obj
 0003:00002658       $SG17968                   0000000180017658     untitled_cgxe_registry.obj
 0003:00002660       $SG18004                   0000000180017660     untitled_cgxe_registry.obj
 0003:00002690       $SG18015                   0000000180017690     untitled_cgxe_registry.obj
 0003:000026c0       $SG18029                   00000001800176c0     untitled_cgxe_registry.obj
 0003:000026d8       $SG18043                   00000001800176d8     untitled_cgxe_registry.obj
 0003:000026f0       $SG18057                   00000001800176f0     untitled_cgxe_registry.obj
 0003:00002700       $SG18059                   0000000180017700     untitled_cgxe_registry.obj
 0003:00002710       $SG18061                   0000000180017710     untitled_cgxe_registry.obj
 0003:00002720       $SG18063                   0000000180017720     untitled_cgxe_registry.obj
 0003:00002730       $SG18065                   0000000180017730     untitled_cgxe_registry.obj
 0003:00002748       $SG18067                   0000000180017748     untitled_cgxe_registry.obj
 0003:00002760       $SG18078                   0000000180017760     untitled_cgxe_registry.obj
 0003:00002788       _sfcnName                  0000000180017788     untitled_cgxe_registry.obj
 0003:000027b0       $SG18093                   00000001800177b0     untitled_cgxe_registry.obj
 0003:00002830       $SG18097                   0000000180017830     untitled_cgxe_registry.obj
 0003:000028a8       $SG18402                   00000001800178a8     untitled_cgxe_registry.obj
 0003:000028b8       $SG18403                   00000001800178b8     untitled_cgxe_registry.obj
 0003:000028c8       $SG18415                   00000001800178c8     untitled_cgxe_registry.obj
 0003:000028d8       $SG18551                   00000001800178d8     untitled_cgxe_registry.obj
 0003:00002918       $SG18552                   0000000180017918     untitled_cgxe_registry.obj
 0003:00002928       $SG18553                   0000000180017928     untitled_cgxe_registry.obj
 0003:00002930       $SG18557                   0000000180017930     untitled_cgxe_registry.obj
 0003:00002978       $SG18558                   0000000180017978     untitled_cgxe_registry.obj
 0003:00002988       $SG18559                   0000000180017988     untitled_cgxe_registry.obj
 0003:00002990       $SG18560                   0000000180017990     untitled_cgxe_registry.obj
 0003:000029e8       $SG18561                   00000001800179e8     untitled_cgxe_registry.obj
 0003:000029f8       $SG18562                   00000001800179f8     untitled_cgxe_registry.obj
 0003:00002a00       $SG18582                   0000000180017a00     untitled_cgxe_registry.obj
 0003:00002a40       $SG18583                   0000000180017a40     untitled_cgxe_registry.obj
 0003:00002a50       $SG18584                   0000000180017a50     untitled_cgxe_registry.obj
 0003:00002a60       $SG18588                   0000000180017a60     untitled_cgxe_registry.obj
 0003:00002aa8       $SG18589                   0000000180017aa8     untitled_cgxe_registry.obj
 0003:00002ab8       $SG18590                   0000000180017ab8     untitled_cgxe_registry.obj
 0003:00002ac0       $SG18591                   0000000180017ac0     untitled_cgxe_registry.obj
 0003:00002b18       $SG18592                   0000000180017b18     untitled_cgxe_registry.obj
 0003:00002b28       $SG18593                   0000000180017b28     untitled_cgxe_registry.obj
 0003:00002b30       $SG18612                   0000000180017b30     untitled_cgxe_registry.obj
 0003:00002b80       $SG18613                   0000000180017b80     untitled_cgxe_registry.obj
 0003:00002b90       $SG18614                   0000000180017b90     untitled_cgxe_registry.obj
 0003:00002ba0       $SG18623                   0000000180017ba0     untitled_cgxe_registry.obj
 0003:00002c00       $SG18624                   0000000180017c00     untitled_cgxe_registry.obj
 0003:00002c08       $SG18625                   0000000180017c08     untitled_cgxe_registry.obj
 0003:00002c10       $SG18634                   0000000180017c10     untitled_cgxe_registry.obj
 0003:00002c70       $SG18635                   0000000180017c70     untitled_cgxe_registry.obj
 0003:00002c78       $SG18636                   0000000180017c78     untitled_cgxe_registry.obj
 0003:00002c80       $SG18942                   0000000180017c80     untitled_cgxe_registry.obj
 0003:00002d00       $SG18945                   0000000180017d00     untitled_cgxe_registry.obj
 0003:00002d80       $SG18950                   0000000180017d80     untitled_cgxe_registry.obj
 0003:00002e00       $SG18958                   0000000180017e00     untitled_cgxe_registry.obj
 0003:00002e70       $SG19231                   0000000180017e70     untitled_cgxe_registry.obj
 0003:00002ef0       $SG19236                   0000000180017ef0     untitled_cgxe_registry.obj
 0003:00002f68       $SG19560                   0000000180017f68     untitled_cgxe_registry.obj
 0003:00002f80       $SG19573                   0000000180017f80     untitled_cgxe_registry.obj
 0003:00002ff8       $SG19576                   0000000180017ff8     untitled_cgxe_registry.obj
 0003:00002ffc       $SG19628                   0000000180017ffc     untitled_cgxe_registry.obj
 0003:00003004       $SG19629                   0000000180018004     untitled_cgxe_registry.obj
 0003:0000300c       $SG19630                   000000018001800c     untitled_cgxe_registry.obj
 0003:00003020       $SG19631                   0000000180018020     untitled_cgxe_registry.obj
 0003:000030a0       $SG19633                   00000001800180a0     untitled_cgxe_registry.obj
 0003:0000311c       $SG19636                   000000018001811c     untitled_cgxe_registry.obj
 0003:00003124       $SG19639                   0000000180018124     untitled_cgxe_registry.obj
 0003:0000312c       $SG19642                   000000018001812c     untitled_cgxe_registry.obj
 0003:00003140       $SG19643                   0000000180018140     untitled_cgxe_registry.obj
 0003:000031c0       $SG19644                   00000001800181c0     untitled_cgxe_registry.obj
 0003:000031d0       $SG19646                   00000001800181d0     untitled_cgxe_registry.obj
 0003:000031dc       $SG19648                   00000001800181dc     untitled_cgxe_registry.obj
 0003:000031e4       $SG19650                   00000001800181e4     untitled_cgxe_registry.obj
 0003:000031f0       $SG19652                   00000001800181f0     untitled_cgxe_registry.obj
 0003:000031fc       $SG19654                   00000001800181fc     untitled_cgxe_registry.obj
 0003:00003200       $SG19657                   0000000180018200     untitled_cgxe_registry.obj
 0003:000032e8       $SG19767                   00000001800182e8     untitled_cgxe_registry.obj
 0003:00003318       $SG19768                   0000000180018318     untitled_cgxe_registry.obj
 0003:00003328       $SG19769                   0000000180018328     untitled_cgxe_registry.obj
 0003:00003330       $SG19771                   0000000180018330     untitled_cgxe_registry.obj
 0003:00003368       $SG19772                   0000000180018368     untitled_cgxe_registry.obj
 0003:00003378       $SG19773                   0000000180018378     untitled_cgxe_registry.obj
 0003:00003380       $SG19776                   0000000180018380     untitled_cgxe_registry.obj
 0003:000033b8       $SG19777                   00000001800183b8     untitled_cgxe_registry.obj
 0003:000033c8       $SG19778                   00000001800183c8     untitled_cgxe_registry.obj
 0003:000033d0       $SG19780                   00000001800183d0     untitled_cgxe_registry.obj
 0003:00003408       $SG19781                   0000000180018408     untitled_cgxe_registry.obj
 0003:00003418       $SG19782                   0000000180018418     untitled_cgxe_registry.obj
 0003:00003420       $SG19784                   0000000180018420     untitled_cgxe_registry.obj
 0003:00003458       $SG19785                   0000000180018458     untitled_cgxe_registry.obj
 0003:00003468       $SG19786                   0000000180018468     untitled_cgxe_registry.obj
 0003:00003470       $SG19789                   0000000180018470     untitled_cgxe_registry.obj
 0003:00003480       $SG19791                   0000000180018480     untitled_cgxe_registry.obj
 0003:00003498       $SG19792                   0000000180018498     untitled_cgxe_registry.obj
 0003:000034d0       $SG19793                   00000001800184d0     untitled_cgxe_registry.obj
 0003:000034e0       $SG19794                   00000001800184e0     untitled_cgxe_registry.obj
 0003:000034e8       $SG19925                   00000001800184e8     untitled_cgxe_registry.obj
 0003:00003510       $SG19926                   0000000180018510     untitled_cgxe_registry.obj
 0003:000035a0       $SG19932                   00000001800185a0     untitled_cgxe_registry.obj
 0003:000035c0       $SG19933                   00000001800185c0     untitled_cgxe_registry.obj
 0003:00003650       $SG19939                   0000000180018650     untitled_cgxe_registry.obj
 0003:00003670       $SG19940                   0000000180018670     untitled_cgxe_registry.obj
 0003:00003700       $SG19946                   0000000180018700     untitled_cgxe_registry.obj
 0003:00003720       $SG19947                   0000000180018720     untitled_cgxe_registry.obj
 0003:000037b0       $SG19953                   00000001800187b0     untitled_cgxe_registry.obj
 0003:000037d0       $SG19954                   00000001800187d0     untitled_cgxe_registry.obj
 0003:00003860       $SG19958                   0000000180018860     untitled_cgxe_registry.obj
 0003:00003880       $SG19959                   0000000180018880     untitled_cgxe_registry.obj
 0003:00003910       $SG19963                   0000000180018910     untitled_cgxe_registry.obj
 0003:00003940       $SG19964                   0000000180018940     untitled_cgxe_registry.obj
 0003:000039d0       $SG19968                   00000001800189d0     untitled_cgxe_registry.obj
 0003:00003a00       $SG19969                   0000000180018a00     untitled_cgxe_registry.obj
 0003:00003a90       $SG19973                   0000000180018a90     untitled_cgxe_registry.obj
 0003:00003ab0       $SG19974                   0000000180018ab0     untitled_cgxe_registry.obj
 0003:00003b40       $SG19978                   0000000180018b40     untitled_cgxe_registry.obj
 0003:00003b60       $SG19979                   0000000180018b60     untitled_cgxe_registry.obj
 0003:00003bf0       $SG19983                   0000000180018bf0     untitled_cgxe_registry.obj
 0003:00003c10       $SG19984                   0000000180018c10     untitled_cgxe_registry.obj
 0003:00003ca0       $SG19988                   0000000180018ca0     untitled_cgxe_registry.obj
 0003:00003cc0       $SG19989                   0000000180018cc0     untitled_cgxe_registry.obj
 0003:00003d50       $SG19993                   0000000180018d50     untitled_cgxe_registry.obj
 0003:00003d70       $SG19994                   0000000180018d70     untitled_cgxe_registry.obj
 0003:00003e00       $SG19998                   0000000180018e00     untitled_cgxe_registry.obj
 0003:00003e20       $SG19999                   0000000180018e20     untitled_cgxe_registry.obj
 0003:00003eb0       $SG20003                   0000000180018eb0     untitled_cgxe_registry.obj
 0003:00003ed0       $SG20004                   0000000180018ed0     untitled_cgxe_registry.obj
 0003:00003f60       $SG20008                   0000000180018f60     untitled_cgxe_registry.obj
 0003:00003f80       $SG20009                   0000000180018f80     untitled_cgxe_registry.obj
 0003:00004010       $SG20013                   0000000180019010     untitled_cgxe_registry.obj
 0003:00004030       $SG20014                   0000000180019030     untitled_cgxe_registry.obj
 0003:000040c0       $SG20019                   00000001800190c0     untitled_cgxe_registry.obj
 0003:000040e0       $SG20020                   00000001800190e0     untitled_cgxe_registry.obj
 0003:00004170       $SG20025                   0000000180019170     untitled_cgxe_registry.obj
 0003:00004190       $SG20026                   0000000180019190     untitled_cgxe_registry.obj
 0003:00004220       $SG20030                   0000000180019220     untitled_cgxe_registry.obj
 0003:00004230       $SG20031                   0000000180019230     untitled_cgxe_registry.obj
 0003:000042c0       $SG20035                   00000001800192c0     untitled_cgxe_registry.obj
 0003:000042e0       $SG20036                   00000001800192e0     untitled_cgxe_registry.obj
 0003:00004370       $SG20044                   0000000180019370     untitled_cgxe_registry.obj
 0003:00004380       $SG20045                   0000000180019380     untitled_cgxe_registry.obj
 0003:00004410       $SG20049                   0000000180019410     untitled_cgxe_registry.obj
 0003:00004490       $SG20051                   0000000180019490     untitled_cgxe_registry.obj
 0003:00004510       $SG20055                   0000000180019510     untitled_cgxe_registry.obj
 0003:00004590       $SG20078                   0000000180019590     untitled_cgxe_registry.obj
 0003:000046a8       $SG20086                   00000001800196a8     untitled_cgxe_registry.obj
 0003:000046b8       $SG20093                   00000001800196b8     untitled_cgxe_registry.obj
 0003:000046c8       $SG20101                   00000001800196c8     untitled_cgxe_registry.obj
 0003:000046d8       $SG20108                   00000001800196d8     untitled_cgxe_registry.obj
 0003:000046e8       $SG20116                   00000001800196e8     untitled_cgxe_registry.obj
 0003:000046f8       $SG20123                   00000001800196f8     untitled_cgxe_registry.obj
 0003:00004708       $SG20129                   0000000180019708     untitled_cgxe_registry.obj
 0003:00004728       $SG20139                   0000000180019728     untitled_cgxe_registry.obj
 0003:00004758       $SG20140                   0000000180019758     untitled_cgxe_registry.obj
 0003:00004760       $SG20141                   0000000180019760     untitled_cgxe_registry.obj
 0003:00004768       $SG20151                   0000000180019768     untitled_cgxe_registry.obj
 0003:000047a0       $SG20152                   00000001800197a0     untitled_cgxe_registry.obj
 0003:000047a8       $SG20153                   00000001800197a8     untitled_cgxe_registry.obj
 0003:00004840       $SG18906                   0000000180019840     m_8jYMx9efrgtc36jH0VsYrE.obj
 0003:00004841       $SG18907                   0000000180019841     m_8jYMx9efrgtc36jH0VsYrE.obj
 0003:00004842       $SG18909                   0000000180019842     m_8jYMx9efrgtc36jH0VsYrE.obj
 0003:00004843       $SG18910                   0000000180019843     m_8jYMx9efrgtc36jH0VsYrE.obj
 0003:00004844       $SG18972                   0000000180019844     m_8jYMx9efrgtc36jH0VsYrE.obj
 0003:00004845       $SG18973                   0000000180019845     m_8jYMx9efrgtc36jH0VsYrE.obj
 0003:00004846       $SG18975                   0000000180019846     m_8jYMx9efrgtc36jH0VsYrE.obj
 0003:00004847       $SG18976                   0000000180019847     m_8jYMx9efrgtc36jH0VsYrE.obj
 0003:00004848       $SG20498                   0000000180019848     m_8jYMx9efrgtc36jH0VsYrE.obj
 0003:00004849       $SG20499                   0000000180019849     m_8jYMx9efrgtc36jH0VsYrE.obj
 0003:0000484c       $SG19624                   000000018001984c     untitled_cgxe_registry.obj
 0003:0000484e       ?warningGuard@?1??ssGetRootSS@@9@9 000000018001984e     untitled_cgxe_registry.obj
 0003:0000484f       ?warningGuard@?1??ssGetParentSS@@9@9 000000018001984f     untitled_cgxe_registry.obj
 0003:00004850       GS_ExceptionRecord         0000000180019850     MSVCRT:gs_report.obj
 0003:000048f0       GS_ContextRecord           00000001800198f0     MSVCRT:gs_report.obj
 0003:00004dc0       ?__proc_attached@@3HA      0000000180019dc0     MSVCRT:dll_dllmain.obj
 0003:00004e00       ?is_initialized_as_dll@@3_NA 0000000180019e00     MSVCRT:utility.obj
 0003:00004e01       ?module_local_atexit_table_initialized@@3_NA 0000000180019e01     MSVCRT:utility.obj
 0003:00004e08       ?module_local_atexit_table@@3U_onexit_table_t@@A 0000000180019e08     MSVCRT:utility.obj
 0003:00004e20       ?module_local_at_quick_exit_table@@3U_onexit_table_t@@A 0000000180019e20     MSVCRT:utility.obj
